Error: Group DGROUP exceeds 64K

 Start  Stop   Length Name               Class

 00000H 00000H 00000H DSEG_TEXT          CODE
 00000H 00010H 00011H _TEXT              CODE
 00012H 00012H 00000H SEG000_TEXT        CODE
 00012H 00012H 00000H SEG000_TEXT        CODE
 00012H 00012H 00000H SEG001_TEXT        CODE
 00012H 00012H 00000H SEG002_TEXT        CODE
 00012H 00012H 00000H SEG003_TEXT        CODE
 00012H 00012H 00000H SEG004_TEXT        CODE
 00012H 00012H 00000H SEG005_TEXT        CODE
 00012H 00012H 00000H SEG006_TEXT        CODE
 00012H 00012H 00000H SEG007_TEXT        CODE
 00012H 00012H 00000H SEG008_TEXT        CODE
 00012H 00012H 00000H SEG009_TEXT        CODE
 00012H 00012H 00000H SEG010_TEXT        CODE
 00012H 00012H 00000H SEG011_TEXT        CODE
 00012H 00012H 00000H SEG012_TEXT        CODE
 00012H 00012H 00000H SEG013_TEXT        CODE
 00012H 00012H 00000H SEG014_TEXT        CODE
 00012H 00012H 00000H SEG015_TEXT        CODE
 00012H 00012H 00000H SEG016_TEXT        CODE
 00012H 00012H 00000H SEG017_TEXT        CODE
 00012H 00012H 00000H SEG018_TEXT        CODE
 00012H 00012H 00000H SEG019_TEXT        CODE
 00012H 00012H 00000H SEG020_TEXT        CODE
 00012H 00012H 00000H SEG021_TEXT        CODE
 00012H 00012H 00000H SEG022_TEXT        CODE
 00012H 00012H 00000H SEG023_TEXT        CODE
 00012H 00012H 00000H SEG024_TEXT        CODE
 00012H 00012H 00000H SEG025_TEXT        CODE
 00012H 00012H 00000H SEG026_TEXT        CODE
 00012H 00012H 00000H SEG027_TEXT        CODE
 00012H 00012H 00000H SEG028_TEXT        CODE
 00012H 00012H 00000H SEG029_TEXT        CODE
 00012H 00012H 00000H SEG030_TEXT        CODE
 00012H 00012H 00000H SEG031_TEXT        CODE
 00012H 00012H 00000H SEG032_TEXT        CODE
 00012H 00012H 00000H SEG033_TEXT        CODE
 00012H 00012H 00000H SEG034_TEXT        CODE
 00012H 00012H 00000H SEG035_TEXT        CODE
 00012H 00012H 00000H SEG036_TEXT        CODE
 00012H 00012H 00000H SEG037_TEXT        CODE
 00012H 00012H 00000H SEG038_TEXT        CODE
 00012H 00012H 00000H SEG039_TEXT        CODE
 00012H 00012H 00000H SEG041_TEXT        CODE
 00020H 00020H 00000H _DATA              DATA
 00020H 00020H 00000H _DATA              DATA
 00020H 00020H 00000H ENDSEG             ENDSEG
 00020H 00020H 00000H ENDSEG             ENDSEG
 00020H 04731H 04712H SEG000             STUNTSC
 04732H 04732H 00000H SEG000             STUNTSC
 04732H 09DE4H 056B3H SEG001             STUNTSC
 09DE5H 09F31H 0014DH SEG002             STUNTSC
 09F32H 0E1BFH 0428EH SEG003             STUNTSC
 0E1C0H 10093H 01ED4H SEG004             STUNTSC
 10094H 10094H 00000H SEG005             STUNTSC
 10094H 10094H 00000H SEG006             STUNTSC
 10094H 10094H 00000H SEG007             STUNTSC
 10094H 10094H 00000H SEG008             STUNTSC
 10094H 10094H 00000H SEG009             STUNTSC
 10094H 10094H 00000H SEG010             STUNTSC
 10094H 10094H 00000H SEG011             STUNTSC
 10094H 10094H 00000H SEG012             STUNTSC
 10094H 10094H 00000H SEG013             STUNTSC
 10094H 10094H 00000H SEG014             STUNTSC
 10094H 10094H 00000H SEG015             STUNTSC
 10094H 10094H 00000H SEG016             STUNTSC
 10094H 10094H 00000H SEG017             STUNTSC
 10094H 10094H 00000H SEG018             STUNTSC
 10094H 10094H 00000H SEG019             STUNTSC
 10094H 10094H 00000H SEG020             STUNTSC
 10094H 10094H 00000H SEG021             STUNTSC
 10094H 10094H 00000H SEG022             STUNTSC
 10094H 10094H 00000H SEG023             STUNTSC
 10094H 10094H 00000H SEG024             STUNTSC
 10094H 10094H 00000H SEG025             STUNTSC
 10094H 10094H 00000H SEG026             STUNTSC
 10094H 10094H 00000H SEG027             STUNTSC
 10094H 10094H 00000H SEG028             STUNTSC
 10094H 10094H 00000H SEG029             STUNTSC
 10094H 10094H 00000H SEG030             STUNTSC
 10094H 10094H 00000H SEG031             STUNTSC
 10094H 10094H 00000H SEG032             STUNTSC
 10094H 10094H 00000H SEG033             STUNTSC
 10094H 10094H 00000H SEG034             STUNTSC
 10094H 10094H 00000H SEG035             STUNTSC
 10094H 10094H 00000H SEG036             STUNTSC
 10094H 10094H 00000H SEG037             STUNTSC
 10094H 10094H 00000H SEG038             STUNTSD
 10094H 10094H 00000H SEG038             STUNTSD
 10094H 10094H 00000H SEG039             STUNTSD
 10094H 10094H 00000H DSEG               STUNTSD
 10094H 10094H 00000H DSEG               STUNTSD
 10094H 10094H 00000H SEG041             STACK
 10094H 10094H 00000H SEG041             STACK
 100A0H 11FDFH 01F40H STACK              STACK
 10094H 10094H 00000H _BSS               BSS
 10094H 10094H 00000H _BSS               BSS


Detailed map of segments

 0000:0000 0000 C=CODE   S=DSEG_TEXT      G=(none) M=DSEG.ASM   ACBP=48
 0000:0000 0000 C=CODE   S=_TEXT          G=(none)   M=DSEG.ASM   ACBP=28
 0000:0000 0000 C=CODE   S=_TEXT          G=(none)   M=SEG000.ASM ACBP=28
 0000:0000 0000 C=CODE   S=_TEXT          G=(none)   M=SEG001.ASM ACBP=28
 0000:0000 0000 C=CODE   S=_TEXT          G=(none)   M=SEG002.ASM ACBP=28
 0000:0000 0000 C=CODE   S=_TEXT          G=(none)   M=SEG003.ASM ACBP=28
 0000:0000 0000 C=CODE   S=_TEXT          G=(none)   M=SEG004.ASM ACBP=28
 0000:0000 0000 C=CODE   S=_TEXT          G=(none)   M=SEG005.ASM ACBP=28
 0000:0000 0000 C=CODE   S=_TEXT          G=(none)   M=SEG006.ASM ACBP=28
 0000:0000 0000 C=CODE   S=_TEXT          G=(none)   M=SEG007.ASM ACBP=28
 0000:0000 0000 C=CODE   S=_TEXT          G=(none)   M=SEG008.ASM ACBP=28
 0000:0000 0000 C=CODE   S=_TEXT          G=(none)   M=SEG009.ASM ACBP=28
 0000:0000 0000 C=CODE   S=_TEXT          G=(none)   M=SEG010.ASM ACBP=28
 0000:0000 0000 C=CODE   S=_TEXT          G=(none)   M=SEG011.ASM ACBP=28
 0000:0000 0000 C=CODE   S=_TEXT          G=(none)   M=SEG012.ASM ACBP=28
 0000:0000 0000 C=CODE   S=_TEXT          G=(none)   M=SEG013.ASM ACBP=28
 0000:0000 0000 C=CODE   S=_TEXT          G=(none)   M=SEG014.ASM ACBP=28
 0000:0000 0000 C=CODE   S=_TEXT          G=(none)   M=SEG015.ASM ACBP=28
 0000:0000 0000 C=CODE   S=_TEXT          G=(none)   M=SEG016.ASM ACBP=28
 0000:0000 0000 C=CODE   S=_TEXT          G=(none)   M=SEG017.ASM ACBP=28
 0000:0000 0000 C=CODE   S=_TEXT          G=(none)   M=SEG018.ASM ACBP=28
 0000:0000 0000 C=CODE   S=_TEXT          G=(none)   M=SEG019.ASM ACBP=28
 0000:0000 0000 C=CODE   S=_TEXT          G=(none)   M=SEG020.ASM ACBP=28
 0000:0000 0000 C=CODE   S=_TEXT          G=(none)   M=SEG021.ASM ACBP=28
 0000:0000 0000 C=CODE   S=_TEXT          G=(none)   M=SEG022.ASM ACBP=28
 0000:0000 0000 C=CODE   S=_TEXT          G=(none)   M=SEG023.ASM ACBP=28
 0000:0000 0000 C=CODE   S=_TEXT          G=(none)   M=SEG024.ASM ACBP=28
 0000:0000 0000 C=CODE   S=_TEXT          G=(none)   M=SEG025.ASM ACBP=28
 0000:0000 0000 C=CODE   S=_TEXT          G=(none)   M=SEG026.ASM ACBP=28
 0000:0000 0000 C=CODE   S=_TEXT          G=(none)   M=SEG027.ASM ACBP=28
 0000:0000 0000 C=CODE   S=_TEXT          G=(none)   M=SEG028.ASM ACBP=28
 0000:0000 0000 C=CODE   S=_TEXT          G=(none)   M=SEG029.ASM ACBP=28
 0000:0000 0000 C=CODE   S=_TEXT          G=(none)   M=SEG030.ASM ACBP=28
 0000:0000 0000 C=CODE   S=_TEXT          G=(none)   M=SEG031.ASM ACBP=28
 0000:0000 0000 C=CODE   S=_TEXT          G=(none)   M=SEG032.ASM ACBP=28
 0000:0000 0000 C=CODE   S=_TEXT          G=(none)   M=SEG033.ASM ACBP=28
 0000:0000 0000 C=CODE   S=_TEXT          G=(none)   M=SEG034.ASM ACBP=28
 0000:0000 0000 C=CODE   S=_TEXT          G=(none)   M=SEG035.ASM ACBP=28
 0000:0000 0000 C=CODE   S=_TEXT          G=(none)   M=SEG036.ASM ACBP=28
 0000:0000 0000 C=CODE   S=_TEXT          G=(none)   M=SEG037.ASM ACBP=28
 0000:0000 0000 C=CODE   S=_TEXT          G=(none)   M=SEG038.ASM ACBP=28
 0000:0000 0000 C=CODE   S=_TEXT          G=(none)   M=SEG039.ASM ACBP=28
 0000:0000 0000 C=CODE   S=_TEXT          G=(none)   M=SEG041.ASM ACBP=28
 0000:0000 0011 C=CODE   S=_TEXT          G=(none)   M=..\DOS\MAIN.C ACBP=28
 0001:0002 0000 C=CODE   S=SEG000_TEXT    G=(none) M=SEG000.ASM ACBP=48
 0001:0002 0000 C=CODE   S=SEG000_TEXT    G=(none) M=SEGMENTS.ASM ACBP=20
 0001:0002 0000 C=CODE   S=SEG001_TEXT    G=(none) M=SEG001.ASM ACBP=48
 0001:0002 0000 C=CODE   S=SEG002_TEXT    G=(none) M=SEG002.ASM ACBP=48
 0001:0002 0000 C=CODE   S=SEG003_TEXT    G=(none) M=SEG003.ASM ACBP=48
 0001:0002 0000 C=CODE   S=SEG004_TEXT    G=(none) M=SEG004.ASM ACBP=48
 0001:0002 0000 C=CODE   S=SEG005_TEXT    G=(none) M=SEG005.ASM ACBP=48
 0001:0002 0000 C=CODE   S=SEG006_TEXT    G=(none) M=SEG006.ASM ACBP=48
 0001:0002 0000 C=CODE   S=SEG007_TEXT    G=(none) M=SEG007.ASM ACBP=48
 0001:0002 0000 C=CODE   S=SEG008_TEXT    G=(none) M=SEG008.ASM ACBP=48
 0001:0002 0000 C=CODE   S=SEG009_TEXT    G=(none) M=SEG009.ASM ACBP=48
 0001:0002 0000 C=CODE   S=SEG010_TEXT    G=(none) M=SEG010.ASM ACBP=48
 0001:0002 0000 C=CODE   S=SEG011_TEXT    G=(none) M=SEG011.ASM ACBP=48
 0001:0002 0000 C=CODE   S=SEG012_TEXT    G=(none) M=SEG012.ASM ACBP=48
 0001:0002 0000 C=CODE   S=SEG013_TEXT    G=(none) M=SEG013.ASM ACBP=48
 0001:0002 0000 C=CODE   S=SEG014_TEXT    G=(none) M=SEG014.ASM ACBP=48
 0001:0002 0000 C=CODE   S=SEG015_TEXT    G=(none) M=SEG015.ASM ACBP=48
 0001:0002 0000 C=CODE   S=SEG016_TEXT    G=(none) M=SEG016.ASM ACBP=48
 0001:0002 0000 C=CODE   S=SEG017_TEXT    G=(none) M=SEG017.ASM ACBP=48
 0001:0002 0000 C=CODE   S=SEG018_TEXT    G=(none) M=SEG018.ASM ACBP=48
 0001:0002 0000 C=CODE   S=SEG019_TEXT    G=(none) M=SEG019.ASM ACBP=48
 0001:0002 0000 C=CODE   S=SEG020_TEXT    G=(none) M=SEG020.ASM ACBP=48
 0001:0002 0000 C=CODE   S=SEG021_TEXT    G=(none) M=SEG021.ASM ACBP=48
 0001:0002 0000 C=CODE   S=SEG022_TEXT    G=(none) M=SEG022.ASM ACBP=48
 0001:0002 0000 C=CODE   S=SEG023_TEXT    G=(none) M=SEG023.ASM ACBP=48
 0001:0002 0000 C=CODE   S=SEG024_TEXT    G=(none) M=SEG024.ASM ACBP=48
 0001:0002 0000 C=CODE   S=SEG025_TEXT    G=(none) M=SEG025.ASM ACBP=48
 0001:0002 0000 C=CODE   S=SEG026_TEXT    G=(none) M=SEG026.ASM ACBP=48
 0001:0002 0000 C=CODE   S=SEG027_TEXT    G=(none) M=SEG027.ASM ACBP=48
 0001:0002 0000 C=CODE   S=SEG028_TEXT    G=(none) M=SEG028.ASM ACBP=48
 0001:0002 0000 C=CODE   S=SEG029_TEXT    G=(none) M=SEG029.ASM ACBP=48
 0001:0002 0000 C=CODE   S=SEG030_TEXT    G=(none) M=SEG030.ASM ACBP=48
 0001:0002 0000 C=CODE   S=SEG031_TEXT    G=(none) M=SEG031.ASM ACBP=48
 0001:0002 0000 C=CODE   S=SEG032_TEXT    G=(none) M=SEG032.ASM ACBP=48
 0001:0002 0000 C=CODE   S=SEG033_TEXT    G=(none) M=SEG033.ASM ACBP=48
 0001:0002 0000 C=CODE   S=SEG034_TEXT    G=(none) M=SEG034.ASM ACBP=48
 0001:0002 0000 C=CODE   S=SEG035_TEXT    G=(none) M=SEG035.ASM ACBP=48
 0001:0002 0000 C=CODE   S=SEG036_TEXT    G=(none) M=SEG036.ASM ACBP=48
 0001:0002 0000 C=CODE   S=SEG037_TEXT    G=(none) M=SEG037.ASM ACBP=48
 0001:0002 0000 C=CODE   S=SEG038_TEXT    G=(none) M=SEG038.ASM ACBP=48
 0001:0002 0000 C=CODE   S=SEG039_TEXT    G=(none) M=SEG039.ASM ACBP=48
 0001:0002 0000 C=CODE   S=SEG041_TEXT    G=(none) M=SEG041.ASM ACBP=48
 0002:0000 0000 C=DATA   S=_DATA          G=DGROUP  M=DSEG.ASM   ACBP=48
 0002:0000 0000 C=DATA   S=_DATA          G=DGROUP  M=SEG000.ASM ACBP=48
 0002:0000 0000 C=DATA   S=_DATA          G=DGROUP  M=SEG001.ASM ACBP=48
 0002:0000 0000 C=DATA   S=_DATA          G=DGROUP  M=SEG002.ASM ACBP=48
 0002:0000 0000 C=DATA   S=_DATA          G=DGROUP  M=SEG003.ASM ACBP=48
 0002:0000 0000 C=DATA   S=_DATA          G=DGROUP  M=SEG004.ASM ACBP=48
 0002:0000 0000 C=DATA   S=_DATA          G=DGROUP  M=SEG005.ASM ACBP=48
 0002:0000 0000 C=DATA   S=_DATA          G=DGROUP  M=SEG006.ASM ACBP=48
 0002:0000 0000 C=DATA   S=_DATA          G=DGROUP  M=SEG007.ASM ACBP=48
 0002:0000 0000 C=DATA   S=_DATA          G=DGROUP  M=SEG008.ASM ACBP=48
 0002:0000 0000 C=DATA   S=_DATA          G=DGROUP  M=SEG009.ASM ACBP=48
 0002:0000 0000 C=DATA   S=_DATA          G=DGROUP  M=SEG010.ASM ACBP=48
 0002:0000 0000 C=DATA   S=_DATA          G=DGROUP  M=SEG011.ASM ACBP=48
 0002:0000 0000 C=DATA   S=_DATA          G=DGROUP  M=SEG012.ASM ACBP=48
 0002:0000 0000 C=DATA   S=_DATA          G=DGROUP  M=SEG013.ASM ACBP=48
 0002:0000 0000 C=DATA   S=_DATA          G=DGROUP  M=SEG014.ASM ACBP=48
 0002:0000 0000 C=DATA   S=_DATA          G=DGROUP  M=SEG015.ASM ACBP=48
 0002:0000 0000 C=DATA   S=_DATA          G=DGROUP  M=SEG016.ASM ACBP=48
 0002:0000 0000 C=DATA   S=_DATA          G=DGROUP  M=SEG017.ASM ACBP=48
 0002:0000 0000 C=DATA   S=_DATA          G=DGROUP  M=SEG018.ASM ACBP=48
 0002:0000 0000 C=DATA   S=_DATA          G=DGROUP  M=SEG019.ASM ACBP=48
 0002:0000 0000 C=DATA   S=_DATA          G=DGROUP  M=SEG020.ASM ACBP=48
 0002:0000 0000 C=DATA   S=_DATA          G=DGROUP  M=SEG021.ASM ACBP=48
 0002:0000 0000 C=DATA   S=_DATA          G=DGROUP  M=SEG022.ASM ACBP=48
 0002:0000 0000 C=DATA   S=_DATA          G=DGROUP  M=SEG023.ASM ACBP=48
 0002:0000 0000 C=DATA   S=_DATA          G=DGROUP  M=SEG024.ASM ACBP=48
 0002:0000 0000 C=DATA   S=_DATA          G=DGROUP  M=SEG025.ASM ACBP=48
 0002:0000 0000 C=DATA   S=_DATA          G=DGROUP  M=SEG026.ASM ACBP=48
 0002:0000 0000 C=DATA   S=_DATA          G=DGROUP  M=SEG027.ASM ACBP=48
 0002:0000 0000 C=DATA   S=_DATA          G=DGROUP  M=SEG028.ASM ACBP=48
 0002:0000 0000 C=DATA   S=_DATA          G=DGROUP  M=SEG029.ASM ACBP=48
 0002:0000 0000 C=DATA   S=_DATA          G=DGROUP  M=SEG030.ASM ACBP=48
 0002:0000 0000 C=DATA   S=_DATA          G=DGROUP  M=SEG031.ASM ACBP=48
 0002:0000 0000 C=DATA   S=_DATA          G=DGROUP  M=SEG032.ASM ACBP=48
 0002:0000 0000 C=DATA   S=_DATA          G=DGROUP  M=SEG033.ASM ACBP=48
 0002:0000 0000 C=DATA   S=_DATA          G=DGROUP  M=SEG034.ASM ACBP=48
 0002:0000 0000 C=DATA   S=_DATA          G=DGROUP  M=SEG035.ASM ACBP=48
 0002:0000 0000 C=DATA   S=_DATA          G=DGROUP  M=SEG036.ASM ACBP=48
 0002:0000 0000 C=DATA   S=_DATA          G=DGROUP  M=SEG037.ASM ACBP=48
 0002:0000 0000 C=DATA   S=_DATA          G=DGROUP  M=SEG038.ASM ACBP=48
 0002:0000 0000 C=DATA   S=_DATA          G=DGROUP  M=SEG039.ASM ACBP=48
 0002:0000 0000 C=DATA   S=_DATA          G=DGROUP  M=SEG041.ASM ACBP=48
 0002:0000 0000 C=DATA   S=_DATA          G=DGROUP  M=SEGMENTS.ASM ACBP=20
 0002:0000 0000 C=DATA   S=_DATA          G=DGROUP  M=..\DOS\MAIN.C ACBP=48
 0002:0000 0000 C=ENDSEG S=ENDSEG         G=DGROUP  M=DSEG.ASM   ACBP=28
 0002:0000 0000 C=ENDSEG S=ENDSEG         G=DGROUP  M=SEG000.ASM ACBP=28
 0002:0000 0000 C=ENDSEG S=ENDSEG         G=DGROUP  M=SEG001.ASM ACBP=28
 0002:0000 0000 C=ENDSEG S=ENDSEG         G=DGROUP  M=SEG002.ASM ACBP=28
 0002:0000 0000 C=ENDSEG S=ENDSEG         G=DGROUP  M=SEG003.ASM ACBP=28
 0002:0000 0000 C=ENDSEG S=ENDSEG         G=DGROUP  M=SEG004.ASM ACBP=28
 0002:0000 0000 C=ENDSEG S=ENDSEG         G=DGROUP  M=SEG005.ASM ACBP=28
 0002:0000 0000 C=ENDSEG S=ENDSEG         G=DGROUP  M=SEG006.ASM ACBP=28
 0002:0000 0000 C=ENDSEG S=ENDSEG         G=DGROUP  M=SEG007.ASM ACBP=28
 0002:0000 0000 C=ENDSEG S=ENDSEG         G=DGROUP  M=SEG008.ASM ACBP=28
 0002:0000 0000 C=ENDSEG S=ENDSEG         G=DGROUP  M=SEG009.ASM ACBP=28
 0002:0000 0000 C=ENDSEG S=ENDSEG         G=DGROUP  M=SEG010.ASM ACBP=28
 0002:0000 0000 C=ENDSEG S=ENDSEG         G=DGROUP  M=SEG011.ASM ACBP=28
 0002:0000 0000 C=ENDSEG S=ENDSEG         G=DGROUP  M=SEG012.ASM ACBP=28
 0002:0000 0000 C=ENDSEG S=ENDSEG         G=DGROUP  M=SEG013.ASM ACBP=28
 0002:0000 0000 C=ENDSEG S=ENDSEG         G=DGROUP  M=SEG014.ASM ACBP=28
 0002:0000 0000 C=ENDSEG S=ENDSEG         G=DGROUP  M=SEG015.ASM ACBP=28
 0002:0000 0000 C=ENDSEG S=ENDSEG         G=DGROUP  M=SEG016.ASM ACBP=28
 0002:0000 0000 C=ENDSEG S=ENDSEG         G=DGROUP  M=SEG017.ASM ACBP=28
 0002:0000 0000 C=ENDSEG S=ENDSEG         G=DGROUP  M=SEG018.ASM ACBP=28
 0002:0000 0000 C=ENDSEG S=ENDSEG         G=DGROUP  M=SEG019.ASM ACBP=28
 0002:0000 0000 C=ENDSEG S=ENDSEG         G=DGROUP  M=SEG020.ASM ACBP=28
 0002:0000 0000 C=ENDSEG S=ENDSEG         G=DGROUP  M=SEG021.ASM ACBP=28
 0002:0000 0000 C=ENDSEG S=ENDSEG         G=DGROUP  M=SEG022.ASM ACBP=28
 0002:0000 0000 C=ENDSEG S=ENDSEG         G=DGROUP  M=SEG023.ASM ACBP=28
 0002:0000 0000 C=ENDSEG S=ENDSEG         G=DGROUP  M=SEG024.ASM ACBP=28
 0002:0000 0000 C=ENDSEG S=ENDSEG         G=DGROUP  M=SEG025.ASM ACBP=28
 0002:0000 0000 C=ENDSEG S=ENDSEG         G=DGROUP  M=SEG026.ASM ACBP=28
 0002:0000 0000 C=ENDSEG S=ENDSEG         G=DGROUP  M=SEG027.ASM ACBP=28
 0002:0000 0000 C=ENDSEG S=ENDSEG         G=DGROUP  M=SEG028.ASM ACBP=28
 0002:0000 0000 C=ENDSEG S=ENDSEG         G=DGROUP  M=SEG029.ASM ACBP=28
 0002:0000 0000 C=ENDSEG S=ENDSEG         G=DGROUP  M=SEG030.ASM ACBP=28
 0002:0000 0000 C=ENDSEG S=ENDSEG         G=DGROUP  M=SEG031.ASM ACBP=28
 0002:0000 0000 C=ENDSEG S=ENDSEG         G=DGROUP  M=SEG032.ASM ACBP=28
 0002:0000 0000 C=ENDSEG S=ENDSEG         G=DGROUP  M=SEG033.ASM ACBP=28
 0002:0000 0000 C=ENDSEG S=ENDSEG         G=DGROUP  M=SEG034.ASM ACBP=28
 0002:0000 0000 C=ENDSEG S=ENDSEG         G=DGROUP  M=SEG035.ASM ACBP=28
 0002:0000 0000 C=ENDSEG S=ENDSEG         G=DGROUP  M=SEG036.ASM ACBP=28
 0002:0000 0000 C=ENDSEG S=ENDSEG         G=DGROUP  M=SEG037.ASM ACBP=28
 0002:0000 0000 C=ENDSEG S=ENDSEG         G=DGROUP  M=SEG038.ASM ACBP=28
 0002:0000 0000 C=ENDSEG S=ENDSEG         G=DGROUP  M=SEG039.ASM ACBP=28
 0002:0000 0000 C=ENDSEG S=ENDSEG         G=DGROUP  M=SEG041.ASM ACBP=28
 0002:0000 0000 C=ENDSEG S=ENDSEG         G=DGROUP  M=SEGMENTS.ASM ACBP=20
 0002:0000 0000 C=STUNTSC S=SEG000         G=DGROUP  M=DSEG.ASM   ACBP=28
 0002:0000 4712 C=STUNTSC S=SEG000         G=DGROUP  M=SEG000.ASM ACBP=28
 0002:4712 0000 C=STUNTSC S=SEG000         G=DGROUP  M=SEG001.ASM ACBP=28
 0002:4712 0000 C=STUNTSC S=SEG000         G=DGROUP  M=SEG002.ASM ACBP=28
 0002:4712 0000 C=STUNTSC S=SEG000         G=DGROUP  M=SEG003.ASM ACBP=28
 0002:4712 0000 C=STUNTSC S=SEG000         G=DGROUP  M=SEG004.ASM ACBP=28
 0002:4712 0000 C=STUNTSC S=SEG000         G=DGROUP  M=SEG005.ASM ACBP=28
 0002:4712 0000 C=STUNTSC S=SEG000         G=DGROUP  M=SEG006.ASM ACBP=28
 0002:4712 0000 C=STUNTSC S=SEG000         G=DGROUP  M=SEG007.ASM ACBP=28
 0002:4712 0000 C=STUNTSC S=SEG000         G=DGROUP  M=SEG008.ASM ACBP=28
 0002:4712 0000 C=STUNTSC S=SEG000         G=DGROUP  M=SEG009.ASM ACBP=28
 0002:4712 0000 C=STUNTSC S=SEG000         G=DGROUP  M=SEG010.ASM ACBP=28
 0002:4712 0000 C=STUNTSC S=SEG000         G=DGROUP  M=SEG011.ASM ACBP=28
 0002:4712 0000 C=STUNTSC S=SEG000         G=DGROUP  M=SEG012.ASM ACBP=28
 0002:4712 0000 C=STUNTSC S=SEG000         G=DGROUP  M=SEG013.ASM ACBP=28
 0002:4712 0000 C=STUNTSC S=SEG000         G=DGROUP  M=SEG014.ASM ACBP=28
 0002:4712 0000 C=STUNTSC S=SEG000         G=DGROUP  M=SEG015.ASM ACBP=28
 0002:4712 0000 C=STUNTSC S=SEG000         G=DGROUP  M=SEG016.ASM ACBP=28
 0002:4712 0000 C=STUNTSC S=SEG000         G=DGROUP  M=SEG017.ASM ACBP=28
 0002:4712 0000 C=STUNTSC S=SEG000         G=DGROUP  M=SEG018.ASM ACBP=28
 0002:4712 0000 C=STUNTSC S=SEG000         G=DGROUP  M=SEG019.ASM ACBP=28
 0002:4712 0000 C=STUNTSC S=SEG000         G=DGROUP  M=SEG020.ASM ACBP=28
 0002:4712 0000 C=STUNTSC S=SEG000         G=DGROUP  M=SEG021.ASM ACBP=28
 0002:4712 0000 C=STUNTSC S=SEG000         G=DGROUP  M=SEG022.ASM ACBP=28
 0002:4712 0000 C=STUNTSC S=SEG000         G=DGROUP  M=SEG023.ASM ACBP=28
 0002:4712 0000 C=STUNTSC S=SEG000         G=DGROUP  M=SEG024.ASM ACBP=28
 0002:4712 0000 C=STUNTSC S=SEG000         G=DGROUP  M=SEG025.ASM ACBP=28
 0002:4712 0000 C=STUNTSC S=SEG000         G=DGROUP  M=SEG026.ASM ACBP=28
 0002:4712 0000 C=STUNTSC S=SEG000         G=DGROUP  M=SEG027.ASM ACBP=28
 0002:4712 0000 C=STUNTSC S=SEG000         G=DGROUP  M=SEG028.ASM ACBP=28
 0002:4712 0000 C=STUNTSC S=SEG000         G=DGROUP  M=SEG029.ASM ACBP=28
 0002:4712 0000 C=STUNTSC S=SEG000         G=DGROUP  M=SEG030.ASM ACBP=28
 0002:4712 0000 C=STUNTSC S=SEG000         G=DGROUP  M=SEG031.ASM ACBP=28
 0002:4712 0000 C=STUNTSC S=SEG000         G=DGROUP  M=SEG032.ASM ACBP=28
 0002:4712 0000 C=STUNTSC S=SEG000         G=DGROUP  M=SEG033.ASM ACBP=28
 0002:4712 0000 C=STUNTSC S=SEG000         G=DGROUP  M=SEG034.ASM ACBP=28
 0002:4712 0000 C=STUNTSC S=SEG000         G=DGROUP  M=SEG035.ASM ACBP=28
 0002:4712 0000 C=STUNTSC S=SEG000         G=DGROUP  M=SEG036.ASM ACBP=28
 0002:4712 0000 C=STUNTSC S=SEG000         G=DGROUP  M=SEG037.ASM ACBP=28
 0002:4712 0000 C=STUNTSC S=SEG000         G=DGROUP  M=SEG038.ASM ACBP=28
 0002:4712 0000 C=STUNTSC S=SEG000         G=DGROUP  M=SEG039.ASM ACBP=28
 0002:4712 0000 C=STUNTSC S=SEG000         G=DGROUP  M=SEG041.ASM ACBP=28
 0002:4712 0000 C=STUNTSC S=SEG000         G=DGROUP  M=SEGMENTS.ASM ACBP=20
 0002:4712 0000 C=STUNTSC S=SEG001         G=DGROUP  M=DSEG.ASM   ACBP=28
 0002:4712 0000 C=STUNTSC S=SEG001         G=DGROUP  M=SEG000.ASM ACBP=28
 0002:4712 56B3 C=STUNTSC S=SEG001         G=DGROUP  M=SEG001.ASM ACBP=28
 0002:9DC5 0000 C=STUNTSC S=SEG001         G=DGROUP  M=SEG002.ASM ACBP=28
 0002:9DC5 0000 C=STUNTSC S=SEG001         G=DGROUP  M=SEG003.ASM ACBP=28
 0002:9DC5 0000 C=STUNTSC S=SEG001         G=DGROUP  M=SEG004.ASM ACBP=28
 0002:9DC5 0000 C=STUNTSC S=SEG001         G=DGROUP  M=SEG005.ASM ACBP=28
 0002:9DC5 0000 C=STUNTSC S=SEG001         G=DGROUP  M=SEG006.ASM ACBP=28
 0002:9DC5 0000 C=STUNTSC S=SEG001         G=DGROUP  M=SEG007.ASM ACBP=28
 0002:9DC5 0000 C=STUNTSC S=SEG001         G=DGROUP  M=SEG008.ASM ACBP=28
 0002:9DC5 0000 C=STUNTSC S=SEG001         G=DGROUP  M=SEG009.ASM ACBP=28
 0002:9DC5 0000 C=STUNTSC S=SEG001         G=DGROUP  M=SEG010.ASM ACBP=28
 0002:9DC5 0000 C=STUNTSC S=SEG001         G=DGROUP  M=SEG011.ASM ACBP=28
 0002:9DC5 0000 C=STUNTSC S=SEG001         G=DGROUP  M=SEG012.ASM ACBP=28
 0002:9DC5 0000 C=STUNTSC S=SEG001         G=DGROUP  M=SEG013.ASM ACBP=28
 0002:9DC5 0000 C=STUNTSC S=SEG001         G=DGROUP  M=SEG014.ASM ACBP=28
 0002:9DC5 0000 C=STUNTSC S=SEG001         G=DGROUP  M=SEG015.ASM ACBP=28
 0002:9DC5 0000 C=STUNTSC S=SEG001         G=DGROUP  M=SEG016.ASM ACBP=28
 0002:9DC5 0000 C=STUNTSC S=SEG001         G=DGROUP  M=SEG017.ASM ACBP=28
 0002:9DC5 0000 C=STUNTSC S=SEG001         G=DGROUP  M=SEG018.ASM ACBP=28
 0002:9DC5 0000 C=STUNTSC S=SEG001         G=DGROUP  M=SEG019.ASM ACBP=28
 0002:9DC5 0000 C=STUNTSC S=SEG001         G=DGROUP  M=SEG020.ASM ACBP=28
 0002:9DC5 0000 C=STUNTSC S=SEG001         G=DGROUP  M=SEG021.ASM ACBP=28
 0002:9DC5 0000 C=STUNTSC S=SEG001         G=DGROUP  M=SEG022.ASM ACBP=28
 0002:9DC5 0000 C=STUNTSC S=SEG001         G=DGROUP  M=SEG023.ASM ACBP=28
 0002:9DC5 0000 C=STUNTSC S=SEG001         G=DGROUP  M=SEG024.ASM ACBP=28
 0002:9DC5 0000 C=STUNTSC S=SEG001         G=DGROUP  M=SEG025.ASM ACBP=28
 0002:9DC5 0000 C=STUNTSC S=SEG001         G=DGROUP  M=SEG026.ASM ACBP=28
 0002:9DC5 0000 C=STUNTSC S=SEG001         G=DGROUP  M=SEG027.ASM ACBP=28
 0002:9DC5 0000 C=STUNTSC S=SEG001         G=DGROUP  M=SEG028.ASM ACBP=28
 0002:9DC5 0000 C=STUNTSC S=SEG001         G=DGROUP  M=SEG029.ASM ACBP=28
 0002:9DC5 0000 C=STUNTSC S=SEG001         G=DGROUP  M=SEG030.ASM ACBP=28
 0002:9DC5 0000 C=STUNTSC S=SEG001         G=DGROUP  M=SEG031.ASM ACBP=28
 0002:9DC5 0000 C=STUNTSC S=SEG001         G=DGROUP  M=SEG032.ASM ACBP=28
 0002:9DC5 0000 C=STUNTSC S=SEG001         G=DGROUP  M=SEG033.ASM ACBP=28
 0002:9DC5 0000 C=STUNTSC S=SEG001         G=DGROUP  M=SEG034.ASM ACBP=28
 0002:9DC5 0000 C=STUNTSC S=SEG001         G=DGROUP  M=SEG035.ASM ACBP=28
 0002:9DC5 0000 C=STUNTSC S=SEG001         G=DGROUP  M=SEG036.ASM ACBP=28
 0002:9DC5 0000 C=STUNTSC S=SEG001         G=DGROUP  M=SEG037.ASM ACBP=28
 0002:9DC5 0000 C=STUNTSC S=SEG001         G=DGROUP  M=SEG038.ASM ACBP=28
 0002:9DC5 0000 C=STUNTSC S=SEG001         G=DGROUP  M=SEG039.ASM ACBP=28
 0002:9DC5 0000 C=STUNTSC S=SEG001         G=DGROUP  M=SEG041.ASM ACBP=28
 0002:9DC5 0000 C=STUNTSC S=SEG002         G=DGROUP  M=DSEG.ASM   ACBP=28
 0002:9DC5 0000 C=STUNTSC S=SEG002         G=DGROUP  M=SEG000.ASM ACBP=28
 0002:9DC5 0000 C=STUNTSC S=SEG002         G=DGROUP  M=SEG001.ASM ACBP=28
 0002:9DC5 014D C=STUNTSC S=SEG002         G=DGROUP  M=SEG002.ASM ACBP=28
 0002:9F12 0000 C=STUNTSC S=SEG002         G=DGROUP  M=SEG003.ASM ACBP=28
 0002:9F12 0000 C=STUNTSC S=SEG002         G=DGROUP  M=SEG004.ASM ACBP=28
 0002:9F12 0000 C=STUNTSC S=SEG002         G=DGROUP  M=SEG005.ASM ACBP=28
 0002:9F12 0000 C=STUNTSC S=SEG002         G=DGROUP  M=SEG006.ASM ACBP=28
 0002:9F12 0000 C=STUNTSC S=SEG002         G=DGROUP  M=SEG007.ASM ACBP=28
 0002:9F12 0000 C=STUNTSC S=SEG002         G=DGROUP  M=SEG008.ASM ACBP=28
 0002:9F12 0000 C=STUNTSC S=SEG002         G=DGROUP  M=SEG009.ASM ACBP=28
 0002:9F12 0000 C=STUNTSC S=SEG002         G=DGROUP  M=SEG010.ASM ACBP=28
 0002:9F12 0000 C=STUNTSC S=SEG002         G=DGROUP  M=SEG011.ASM ACBP=28
 0002:9F12 0000 C=STUNTSC S=SEG002         G=DGROUP  M=SEG012.ASM ACBP=28
 0002:9F12 0000 C=STUNTSC S=SEG002         G=DGROUP  M=SEG013.ASM ACBP=28
 0002:9F12 0000 C=STUNTSC S=SEG002         G=DGROUP  M=SEG014.ASM ACBP=28
 0002:9F12 0000 C=STUNTSC S=SEG002         G=DGROUP  M=SEG015.ASM ACBP=28
 0002:9F12 0000 C=STUNTSC S=SEG002         G=DGROUP  M=SEG016.ASM ACBP=28
 0002:9F12 0000 C=STUNTSC S=SEG002         G=DGROUP  M=SEG017.ASM ACBP=28
 0002:9F12 0000 C=STUNTSC S=SEG002         G=DGROUP  M=SEG018.ASM ACBP=28
 0002:9F12 0000 C=STUNTSC S=SEG002         G=DGROUP  M=SEG019.ASM ACBP=28
 0002:9F12 0000 C=STUNTSC S=SEG002         G=DGROUP  M=SEG020.ASM ACBP=28
 0002:9F12 0000 C=STUNTSC S=SEG002         G=DGROUP  M=SEG021.ASM ACBP=28
 0002:9F12 0000 C=STUNTSC S=SEG002         G=DGROUP  M=SEG022.ASM ACBP=28
 0002:9F12 0000 C=STUNTSC S=SEG002         G=DGROUP  M=SEG023.ASM ACBP=28
 0002:9F12 0000 C=STUNTSC S=SEG002         G=DGROUP  M=SEG024.ASM ACBP=28
 0002:9F12 0000 C=STUNTSC S=SEG002         G=DGROUP  M=SEG025.ASM ACBP=28
 0002:9F12 0000 C=STUNTSC S=SEG002         G=DGROUP  M=SEG026.ASM ACBP=28
 0002:9F12 0000 C=STUNTSC S=SEG002         G=DGROUP  M=SEG027.ASM ACBP=28
 0002:9F12 0000 C=STUNTSC S=SEG002         G=DGROUP  M=SEG028.ASM ACBP=28
 0002:9F12 0000 C=STUNTSC S=SEG002         G=DGROUP  M=SEG029.ASM ACBP=28
 0002:9F12 0000 C=STUNTSC S=SEG002         G=DGROUP  M=SEG030.ASM ACBP=28
 0002:9F12 0000 C=STUNTSC S=SEG002         G=DGROUP  M=SEG031.ASM ACBP=28
 0002:9F12 0000 C=STUNTSC S=SEG002         G=DGROUP  M=SEG032.ASM ACBP=28
 0002:9F12 0000 C=STUNTSC S=SEG002         G=DGROUP  M=SEG033.ASM ACBP=28
 0002:9F12 0000 C=STUNTSC S=SEG002         G=DGROUP  M=SEG034.ASM ACBP=28
 0002:9F12 0000 C=STUNTSC S=SEG002         G=DGROUP  M=SEG035.ASM ACBP=28
 0002:9F12 0000 C=STUNTSC S=SEG002         G=DGROUP  M=SEG036.ASM ACBP=28
 0002:9F12 0000 C=STUNTSC S=SEG002         G=DGROUP  M=SEG037.ASM ACBP=28
 0002:9F12 0000 C=STUNTSC S=SEG002         G=DGROUP  M=SEG038.ASM ACBP=28
 0002:9F12 0000 C=STUNTSC S=SEG002         G=DGROUP  M=SEG039.ASM ACBP=28
 0002:9F12 0000 C=STUNTSC S=SEG002         G=DGROUP  M=SEG041.ASM ACBP=28
 0002:9F12 0000 C=STUNTSC S=SEG003         G=DGROUP  M=DSEG.ASM   ACBP=28
 0002:9F12 0000 C=STUNTSC S=SEG003         G=DGROUP  M=SEG000.ASM ACBP=28
 0002:9F12 0000 C=STUNTSC S=SEG003         G=DGROUP  M=SEG001.ASM ACBP=28
 0002:9F12 0000 C=STUNTSC S=SEG003         G=DGROUP  M=SEG002.ASM ACBP=28
 0002:9F12 428E C=STUNTSC S=SEG003         G=DGROUP  M=SEG003.ASM ACBP=28
 0002:E1A0 0000 C=STUNTSC S=SEG003         G=DGROUP  M=SEG004.ASM ACBP=28
 0002:E1A0 0000 C=STUNTSC S=SEG003         G=DGROUP  M=SEG005.ASM ACBP=28
 0002:E1A0 0000 C=STUNTSC S=SEG003         G=DGROUP  M=SEG006.ASM ACBP=28
 0002:E1A0 0000 C=STUNTSC S=SEG003         G=DGROUP  M=SEG007.ASM ACBP=28
 0002:E1A0 0000 C=STUNTSC S=SEG003         G=DGROUP  M=SEG008.ASM ACBP=28
 0002:E1A0 0000 C=STUNTSC S=SEG003         G=DGROUP  M=SEG009.ASM ACBP=28
 0002:E1A0 0000 C=STUNTSC S=SEG003         G=DGROUP  M=SEG010.ASM ACBP=28
 0002:E1A0 0000 C=STUNTSC S=SEG003         G=DGROUP  M=SEG011.ASM ACBP=28
 0002:E1A0 0000 C=STUNTSC S=SEG003         G=DGROUP  M=SEG012.ASM ACBP=28
 0002:E1A0 0000 C=STUNTSC S=SEG003         G=DGROUP  M=SEG013.ASM ACBP=28
 0002:E1A0 0000 C=STUNTSC S=SEG003         G=DGROUP  M=SEG014.ASM ACBP=28
 0002:E1A0 0000 C=STUNTSC S=SEG003         G=DGROUP  M=SEG015.ASM ACBP=28
 0002:E1A0 0000 C=STUNTSC S=SEG003         G=DGROUP  M=SEG016.ASM ACBP=28
 0002:E1A0 0000 C=STUNTSC S=SEG003         G=DGROUP  M=SEG017.ASM ACBP=28
 0002:E1A0 0000 C=STUNTSC S=SEG003         G=DGROUP  M=SEG018.ASM ACBP=28
 0002:E1A0 0000 C=STUNTSC S=SEG003         G=DGROUP  M=SEG019.ASM ACBP=28
 0002:E1A0 0000 C=STUNTSC S=SEG003         G=DGROUP  M=SEG020.ASM ACBP=28
 0002:E1A0 0000 C=STUNTSC S=SEG003         G=DGROUP  M=SEG021.ASM ACBP=28
 0002:E1A0 0000 C=STUNTSC S=SEG003         G=DGROUP  M=SEG022.ASM ACBP=28
 0002:E1A0 0000 C=STUNTSC S=SEG003         G=DGROUP  M=SEG023.ASM ACBP=28
 0002:E1A0 0000 C=STUNTSC S=SEG003         G=DGROUP  M=SEG024.ASM ACBP=28
 0002:E1A0 0000 C=STUNTSC S=SEG003         G=DGROUP  M=SEG025.ASM ACBP=28
 0002:E1A0 0000 C=STUNTSC S=SEG003         G=DGROUP  M=SEG026.ASM ACBP=28
 0002:E1A0 0000 C=STUNTSC S=SEG003         G=DGROUP  M=SEG027.ASM ACBP=28
 0002:E1A0 0000 C=STUNTSC S=SEG003         G=DGROUP  M=SEG028.ASM ACBP=28
 0002:E1A0 0000 C=STUNTSC S=SEG003         G=DGROUP  M=SEG029.ASM ACBP=28
 0002:E1A0 0000 C=STUNTSC S=SEG003         G=DGROUP  M=SEG030.ASM ACBP=28
 0002:E1A0 0000 C=STUNTSC S=SEG003         G=DGROUP  M=SEG031.ASM ACBP=28
 0002:E1A0 0000 C=STUNTSC S=SEG003         G=DGROUP  M=SEG032.ASM ACBP=28
 0002:E1A0 0000 C=STUNTSC S=SEG003         G=DGROUP  M=SEG033.ASM ACBP=28
 0002:E1A0 0000 C=STUNTSC S=SEG003         G=DGROUP  M=SEG034.ASM ACBP=28
 0002:E1A0 0000 C=STUNTSC S=SEG003         G=DGROUP  M=SEG035.ASM ACBP=28
 0002:E1A0 0000 C=STUNTSC S=SEG003         G=DGROUP  M=SEG036.ASM ACBP=28
 0002:E1A0 0000 C=STUNTSC S=SEG003         G=DGROUP  M=SEG037.ASM ACBP=28
 0002:E1A0 0000 C=STUNTSC S=SEG003         G=DGROUP  M=SEG038.ASM ACBP=28
 0002:E1A0 0000 C=STUNTSC S=SEG003         G=DGROUP  M=SEG039.ASM ACBP=28
 0002:E1A0 0000 C=STUNTSC S=SEG003         G=DGROUP  M=SEG041.ASM ACBP=28
 0002:E1A0 0000 C=STUNTSC S=SEG004         G=DGROUP  M=DSEG.ASM   ACBP=28
 0002:E1A0 0000 C=STUNTSC S=SEG004         G=DGROUP  M=SEG000.ASM ACBP=28
 0002:E1A0 0000 C=STUNTSC S=SEG004         G=DGROUP  M=SEG001.ASM ACBP=28
 0002:E1A0 0000 C=STUNTSC S=SEG004         G=DGROUP  M=SEG002.ASM ACBP=28
 0002:E1A0 0000 C=STUNTSC S=SEG004         G=DGROUP  M=SEG003.ASM ACBP=28
 0002:E1A0 39D9 C=STUNTSC S=SEG004         G=DGROUP  M=SEG004.ASM ACBP=28
 0002:0074 0000 C=STUNTSC S=SEG004         G=DGROUP  M=SEG005.ASM ACBP=28
 0002:0074 0000 C=STUNTSC S=SEG004         G=DGROUP  M=SEG006.ASM ACBP=28
 0002:0074 0000 C=STUNTSC S=SEG004         G=DGROUP  M=SEG007.ASM ACBP=28
 0002:0074 0000 C=STUNTSC S=SEG004         G=DGROUP  M=SEG008.ASM ACBP=28
 0002:0074 0000 C=STUNTSC S=SEG004         G=DGROUP  M=SEG009.ASM ACBP=28
 0002:0074 0000 C=STUNTSC S=SEG004         G=DGROUP  M=SEG010.ASM ACBP=28
 0002:0074 0000 C=STUNTSC S=SEG004         G=DGROUP  M=SEG011.ASM ACBP=28
 0002:0074 0000 C=STUNTSC S=SEG004         G=DGROUP  M=SEG012.ASM ACBP=28
 0002:0074 0000 C=STUNTSC S=SEG004         G=DGROUP  M=SEG013.ASM ACBP=28
 0002:0074 0000 C=STUNTSC S=SEG004         G=DGROUP  M=SEG014.ASM ACBP=28
 0002:0074 0000 C=STUNTSC S=SEG004         G=DGROUP  M=SEG015.ASM ACBP=28
 0002:0074 0000 C=STUNTSC S=SEG004         G=DGROUP  M=SEG016.ASM ACBP=28
 0002:0074 0000 C=STUNTSC S=SEG004         G=DGROUP  M=SEG017.ASM ACBP=28
 0002:0074 0000 C=STUNTSC S=SEG004         G=DGROUP  M=SEG018.ASM ACBP=28
 0002:0074 0000 C=STUNTSC S=SEG004         G=DGROUP  M=SEG019.ASM ACBP=28
 0002:0074 0000 C=STUNTSC S=SEG004         G=DGROUP  M=SEG020.ASM ACBP=28
 0002:0074 0000 C=STUNTSC S=SEG004         G=DGROUP  M=SEG021.ASM ACBP=28
 0002:0074 0000 C=STUNTSC S=SEG004         G=DGROUP  M=SEG022.ASM ACBP=28
 0002:0074 0000 C=STUNTSC S=SEG004         G=DGROUP  M=SEG023.ASM ACBP=28
 0002:0074 0000 C=STUNTSC S=SEG004         G=DGROUP  M=SEG024.ASM ACBP=28
 0002:0074 0000 C=STUNTSC S=SEG004         G=DGROUP  M=SEG025.ASM ACBP=28
 0002:0074 0000 C=STUNTSC S=SEG004         G=DGROUP  M=SEG026.ASM ACBP=28
 0002:0074 0000 C=STUNTSC S=SEG004         G=DGROUP  M=SEG027.ASM ACBP=28
 0002:0074 0000 C=STUNTSC S=SEG004         G=DGROUP  M=SEG028.ASM ACBP=28
 0002:0074 0000 C=STUNTSC S=SEG004         G=DGROUP  M=SEG029.ASM ACBP=28
 0002:0074 0000 C=STUNTSC S=SEG004         G=DGROUP  M=SEG030.ASM ACBP=28
 0002:0074 0000 C=STUNTSC S=SEG004         G=DGROUP  M=SEG031.ASM ACBP=28
 0002:0074 0000 C=STUNTSC S=SEG004         G=DGROUP  M=SEG032.ASM ACBP=28
 0002:0074 0000 C=STUNTSC S=SEG004         G=DGROUP  M=SEG033.ASM ACBP=28
 0002:0074 0000 C=STUNTSC S=SEG004         G=DGROUP  M=SEG034.ASM ACBP=28
 0002:0074 0000 C=STUNTSC S=SEG004         G=DGROUP  M=SEG035.ASM ACBP=28
 0002:0074 0000 C=STUNTSC S=SEG004         G=DGROUP  M=SEG036.ASM ACBP=28
 0002:0074 0000 C=STUNTSC S=SEG004         G=DGROUP  M=SEG037.ASM ACBP=28
 0002:0074 0000 C=STUNTSC S=SEG004         G=DGROUP  M=SEG038.ASM ACBP=28
 0002:0074 0000 C=STUNTSC S=SEG004         G=DGROUP  M=SEG039.ASM ACBP=28
 0002:0074 0000 C=STUNTSC S=SEG004         G=DGROUP  M=SEG041.ASM ACBP=28
 0002:0074 0000 C=STUNTSC S=SEG005         G=DGROUP  M=DSEG.ASM   ACBP=28
 0002:0074 0000 C=STUNTSC S=SEG005         G=DGROUP  M=SEG000.ASM ACBP=28
 0002:0074 0000 C=STUNTSC S=SEG005         G=DGROUP  M=SEG001.ASM ACBP=28
 0002:0074 0000 C=STUNTSC S=SEG005         G=DGROUP  M=SEG002.ASM ACBP=28
 0002:0074 0000 C=STUNTSC S=SEG005         G=DGROUP  M=SEG003.ASM ACBP=28
 0002:0074 0000 C=STUNTSC S=SEG005         G=DGROUP  M=SEG004.ASM ACBP=28
 0002:0074 31EB C=STUNTSC S=SEG005         G=DGROUP  M=SEG005.ASM ACBP=28
 0002:0074 0000 C=STUNTSC S=SEG005         G=DGROUP  M=SEG006.ASM ACBP=28
 0002:0074 0000 C=STUNTSC S=SEG005         G=DGROUP  M=SEG007.ASM ACBP=28
 0002:0074 0000 C=STUNTSC S=SEG005         G=DGROUP  M=SEG008.ASM ACBP=28
 0002:0074 0000 C=STUNTSC S=SEG005         G=DGROUP  M=SEG009.ASM ACBP=28
 0002:0074 0000 C=STUNTSC S=SEG005         G=DGROUP  M=SEG010.ASM ACBP=28
 0002:0074 0000 C=STUNTSC S=SEG005         G=DGROUP  M=SEG011.ASM ACBP=28
 0002:0074 0000 C=STUNTSC S=SEG005         G=DGROUP  M=SEG012.ASM ACBP=28
 0002:0074 0000 C=STUNTSC S=SEG005         G=DGROUP  M=SEG013.ASM ACBP=28
 0002:0074 0000 C=STUNTSC S=SEG005         G=DGROUP  M=SEG014.ASM ACBP=28
 0002:0074 0000 C=STUNTSC S=SEG005         G=DGROUP  M=SEG015.ASM ACBP=28
 0002:0074 0000 C=STUNTSC S=SEG005         G=DGROUP  M=SEG016.ASM ACBP=28
 0002:0074 0000 C=STUNTSC S=SEG005         G=DGROUP  M=SEG017.ASM ACBP=28
 0002:0074 0000 C=STUNTSC S=SEG005         G=DGROUP  M=SEG018.ASM ACBP=28
 0002:0074 0000 C=STUNTSC S=SEG005         G=DGROUP  M=SEG019.ASM ACBP=28
 0002:0074 0000 C=STUNTSC S=SEG005         G=DGROUP  M=SEG020.ASM ACBP=28
 0002:0074 0000 C=STUNTSC S=SEG005         G=DGROUP  M=SEG021.ASM ACBP=28
 0002:0074 0000 C=STUNTSC S=SEG005         G=DGROUP  M=SEG022.ASM ACBP=28
 0002:0074 0000 C=STUNTSC S=SEG005         G=DGROUP  M=SEG023.ASM ACBP=28
 0002:0074 0000 C=STUNTSC S=SEG005         G=DGROUP  M=SEG024.ASM ACBP=28
 0002:0074 0000 C=STUNTSC S=SEG005         G=DGROUP  M=SEG025.ASM ACBP=28
 0002:0074 0000 C=STUNTSC S=SEG005         G=DGROUP  M=SEG026.ASM ACBP=28
 0002:0074 0000 C=STUNTSC S=SEG005         G=DGROUP  M=SEG027.ASM ACBP=28
 0002:0074 0000 C=STUNTSC S=SEG005         G=DGROUP  M=SEG028.ASM ACBP=28
 0002:0074 0000 C=STUNTSC S=SEG005         G=DGROUP  M=SEG029.ASM ACBP=28
 0002:0074 0000 C=STUNTSC S=SEG005         G=DGROUP  M=SEG030.ASM ACBP=28
 0002:0074 0000 C=STUNTSC S=SEG005         G=DGROUP  M=SEG031.ASM ACBP=28
 0002:0074 0000 C=STUNTSC S=SEG005         G=DGROUP  M=SEG032.ASM ACBP=28
 0002:0074 0000 C=STUNTSC S=SEG005         G=DGROUP  M=SEG033.ASM ACBP=28
 0002:0074 0000 C=STUNTSC S=SEG005         G=DGROUP  M=SEG034.ASM ACBP=28
 0002:0074 0000 C=STUNTSC S=SEG005         G=DGROUP  M=SEG035.ASM ACBP=28
 0002:0074 0000 C=STUNTSC S=SEG005         G=DGROUP  M=SEG036.ASM ACBP=28
 0002:0074 0000 C=STUNTSC S=SEG005         G=DGROUP  M=SEG037.ASM ACBP=28
 0002:0074 0000 C=STUNTSC S=SEG005         G=DGROUP  M=SEG038.ASM ACBP=28
 0002:0074 0000 C=STUNTSC S=SEG005         G=DGROUP  M=SEG039.ASM ACBP=28
 0002:0074 0000 C=STUNTSC S=SEG005         G=DGROUP  M=SEG041.ASM ACBP=28
 0002:0074 0000 C=STUNTSC S=SEG006         G=DGROUP  M=DSEG.ASM   ACBP=28
 0002:0074 0000 C=STUNTSC S=SEG006         G=DGROUP  M=SEG000.ASM ACBP=28
 0002:0074 0000 C=STUNTSC S=SEG006         G=DGROUP  M=SEG001.ASM ACBP=28
 0002:0074 0000 C=STUNTSC S=SEG006         G=DGROUP  M=SEG002.ASM ACBP=28
 0002:0074 0000 C=STUNTSC S=SEG006         G=DGROUP  M=SEG003.ASM ACBP=28
 0002:0074 0000 C=STUNTSC S=SEG006         G=DGROUP  M=SEG004.ASM ACBP=28
 0002:0074 0000 C=STUNTSC S=SEG006         G=DGROUP  M=SEG005.ASM ACBP=28
 0002:0074 1E49 C=STUNTSC S=SEG006         G=DGROUP  M=SEG006.ASM ACBP=28
 0002:0074 0000 C=STUNTSC S=SEG006         G=DGROUP  M=SEG007.ASM ACBP=28
 0002:0074 0000 C=STUNTSC S=SEG006         G=DGROUP  M=SEG008.ASM ACBP=28
 0002:0074 0000 C=STUNTSC S=SEG006         G=DGROUP  M=SEG009.ASM ACBP=28
 0002:0074 0000 C=STUNTSC S=SEG006         G=DGROUP  M=SEG010.ASM ACBP=28
 0002:0074 0000 C=STUNTSC S=SEG006         G=DGROUP  M=SEG011.ASM ACBP=28
 0002:0074 0000 C=STUNTSC S=SEG006         G=DGROUP  M=SEG012.ASM ACBP=28
 0002:0074 0000 C=STUNTSC S=SEG006         G=DGROUP  M=SEG013.ASM ACBP=28
 0002:0074 0000 C=STUNTSC S=SEG006         G=DGROUP  M=SEG014.ASM ACBP=28
 0002:0074 0000 C=STUNTSC S=SEG006         G=DGROUP  M=SEG015.ASM ACBP=28
 0002:0074 0000 C=STUNTSC S=SEG006         G=DGROUP  M=SEG016.ASM ACBP=28
 0002:0074 0000 C=STUNTSC S=SEG006         G=DGROUP  M=SEG017.ASM ACBP=28
 0002:0074 0000 C=STUNTSC S=SEG006         G=DGROUP  M=SEG018.ASM ACBP=28
 0002:0074 0000 C=STUNTSC S=SEG006         G=DGROUP  M=SEG019.ASM ACBP=28
 0002:0074 0000 C=STUNTSC S=SEG006         G=DGROUP  M=SEG020.ASM ACBP=28
 0002:0074 0000 C=STUNTSC S=SEG006         G=DGROUP  M=SEG021.ASM ACBP=28
 0002:0074 0000 C=STUNTSC S=SEG006         G=DGROUP  M=SEG022.ASM ACBP=28
 0002:0074 0000 C=STUNTSC S=SEG006         G=DGROUP  M=SEG023.ASM ACBP=28
 0002:0074 0000 C=STUNTSC S=SEG006         G=DGROUP  M=SEG024.ASM ACBP=28
 0002:0074 0000 C=STUNTSC S=SEG006         G=DGROUP  M=SEG025.ASM ACBP=28
 0002:0074 0000 C=STUNTSC S=SEG006         G=DGROUP  M=SEG026.ASM ACBP=28
 0002:0074 0000 C=STUNTSC S=SEG006         G=DGROUP  M=SEG027.ASM ACBP=28
 0002:0074 0000 C=STUNTSC S=SEG006         G=DGROUP  M=SEG028.ASM ACBP=28
 0002:0074 0000 C=STUNTSC S=SEG006         G=DGROUP  M=SEG029.ASM ACBP=28
 0002:0074 0000 C=STUNTSC S=SEG006         G=DGROUP  M=SEG030.ASM ACBP=28
 0002:0074 0000 C=STUNTSC S=SEG006         G=DGROUP  M=SEG031.ASM ACBP=28
 0002:0074 0000 C=STUNTSC S=SEG006         G=DGROUP  M=SEG032.ASM ACBP=28
 0002:0074 0000 C=STUNTSC S=SEG006         G=DGROUP  M=SEG033.ASM ACBP=28
 0002:0074 0000 C=STUNTSC S=SEG006         G=DGROUP  M=SEG034.ASM ACBP=28
 0002:0074 0000 C=STUNTSC S=SEG006         G=DGROUP  M=SEG035.ASM ACBP=28
 0002:0074 0000 C=STUNTSC S=SEG006         G=DGROUP  M=SEG036.ASM ACBP=28
 0002:0074 0000 C=STUNTSC S=SEG006         G=DGROUP  M=SEG037.ASM ACBP=28
 0002:0074 0000 C=STUNTSC S=SEG006         G=DGROUP  M=SEG038.ASM ACBP=28
 0002:0074 0000 C=STUNTSC S=SEG006         G=DGROUP  M=SEG039.ASM ACBP=28
 0002:0074 0000 C=STUNTSC S=SEG006         G=DGROUP  M=SEG041.ASM ACBP=28
 0002:0074 0000 C=STUNTSC S=SEG007         G=DGROUP  M=DSEG.ASM   ACBP=28
 0002:0074 0000 C=STUNTSC S=SEG007         G=DGROUP  M=SEG000.ASM ACBP=28
 0002:0074 0000 C=STUNTSC S=SEG007         G=DGROUP  M=SEG001.ASM ACBP=28
 0002:0074 0000 C=STUNTSC S=SEG007         G=DGROUP  M=SEG002.ASM ACBP=28
 0002:0074 0000 C=STUNTSC S=SEG007         G=DGROUP  M=SEG003.ASM ACBP=28
 0002:0074 0000 C=STUNTSC S=SEG007         G=DGROUP  M=SEG004.ASM ACBP=28
 0002:0074 0000 C=STUNTSC S=SEG007         G=DGROUP  M=SEG005.ASM ACBP=28
 0002:0074 0000 C=STUNTSC S=SEG007         G=DGROUP  M=SEG006.ASM ACBP=28
 0002:0074 0903 C=STUNTSC S=SEG007         G=DGROUP  M=SEG007.ASM ACBP=28
 0002:0074 0000 C=STUNTSC S=SEG007         G=DGROUP  M=SEG008.ASM ACBP=28
 0002:0074 0000 C=STUNTSC S=SEG007         G=DGROUP  M=SEG009.ASM ACBP=28
 0002:0074 0000 C=STUNTSC S=SEG007         G=DGROUP  M=SEG010.ASM ACBP=28
 0002:0074 0000 C=STUNTSC S=SEG007         G=DGROUP  M=SEG011.ASM ACBP=28
 0002:0074 0000 C=STUNTSC S=SEG007         G=DGROUP  M=SEG012.ASM ACBP=28
 0002:0074 0000 C=STUNTSC S=SEG007         G=DGROUP  M=SEG013.ASM ACBP=28
 0002:0074 0000 C=STUNTSC S=SEG007         G=DGROUP  M=SEG014.ASM ACBP=28
 0002:0074 0000 C=STUNTSC S=SEG007         G=DGROUP  M=SEG015.ASM ACBP=28
 0002:0074 0000 C=STUNTSC S=SEG007         G=DGROUP  M=SEG016.ASM ACBP=28
 0002:0074 0000 C=STUNTSC S=SEG007         G=DGROUP  M=SEG017.ASM ACBP=28
 0002:0074 0000 C=STUNTSC S=SEG007         G=DGROUP  M=SEG018.ASM ACBP=28
 0002:0074 0000 C=STUNTSC S=SEG007         G=DGROUP  M=SEG019.ASM ACBP=28
 0002:0074 0000 C=STUNTSC S=SEG007         G=DGROUP  M=SEG020.ASM ACBP=28
 0002:0074 0000 C=STUNTSC S=SEG007         G=DGROUP  M=SEG021.ASM ACBP=28
 0002:0074 0000 C=STUNTSC S=SEG007         G=DGROUP  M=SEG022.ASM ACBP=28
 0002:0074 0000 C=STUNTSC S=SEG007         G=DGROUP  M=SEG023.ASM ACBP=28
 0002:0074 0000 C=STUNTSC S=SEG007         G=DGROUP  M=SEG024.ASM ACBP=28
 0002:0074 0000 C=STUNTSC S=SEG007         G=DGROUP  M=SEG025.ASM ACBP=28
 0002:0074 0000 C=STUNTSC S=SEG007         G=DGROUP  M=SEG026.ASM ACBP=28
 0002:0074 0000 C=STUNTSC S=SEG007         G=DGROUP  M=SEG027.ASM ACBP=28
 0002:0074 0000 C=STUNTSC S=SEG007         G=DGROUP  M=SEG028.ASM ACBP=28
 0002:0074 0000 C=STUNTSC S=SEG007         G=DGROUP  M=SEG029.ASM ACBP=28
 0002:0074 0000 C=STUNTSC S=SEG007         G=DGROUP  M=SEG030.ASM ACBP=28
 0002:0074 0000 C=STUNTSC S=SEG007         G=DGROUP  M=SEG031.ASM ACBP=28
 0002:0074 0000 C=STUNTSC S=SEG007         G=DGROUP  M=SEG032.ASM ACBP=28
 0002:0074 0000 C=STUNTSC S=SEG007         G=DGROUP  M=SEG033.ASM ACBP=28
 0002:0074 0000 C=STUNTSC S=SEG007         G=DGROUP  M=SEG034.ASM ACBP=28
 0002:0074 0000 C=STUNTSC S=SEG007         G=DGROUP  M=SEG035.ASM ACBP=28
 0002:0074 0000 C=STUNTSC S=SEG007         G=DGROUP  M=SEG036.ASM ACBP=28
 0002:0074 0000 C=STUNTSC S=SEG007         G=DGROUP  M=SEG037.ASM ACBP=28
 0002:0074 0000 C=STUNTSC S=SEG007         G=DGROUP  M=SEG038.ASM ACBP=28
 0002:0074 0000 C=STUNTSC S=SEG007         G=DGROUP  M=SEG039.ASM ACBP=28
 0002:0074 0000 C=STUNTSC S=SEG007         G=DGROUP  M=SEG041.ASM ACBP=28
 0002:0074 0000 C=STUNTSC S=SEG008         G=DGROUP  M=DSEG.ASM   ACBP=28
 0002:0074 0000 C=STUNTSC S=SEG008         G=DGROUP  M=SEG000.ASM ACBP=28
 0002:0074 0000 C=STUNTSC S=SEG008         G=DGROUP  M=SEG001.ASM ACBP=28
 0002:0074 0000 C=STUNTSC S=SEG008         G=DGROUP  M=SEG002.ASM ACBP=28
 0002:0074 0000 C=STUNTSC S=SEG008         G=DGROUP  M=SEG003.ASM ACBP=28
 0002:0074 0000 C=STUNTSC S=SEG008         G=DGROUP  M=SEG004.ASM ACBP=28
 0002:0074 0000 C=STUNTSC S=SEG008         G=DGROUP  M=SEG005.ASM ACBP=28
 0002:0074 0000 C=STUNTSC S=SEG008         G=DGROUP  M=SEG006.ASM ACBP=28
 0002:0074 0000 C=STUNTSC S=SEG008         G=DGROUP  M=SEG007.ASM ACBP=28
 0002:0074 2E0C C=STUNTSC S=SEG008         G=DGROUP  M=SEG008.ASM ACBP=28
 0002:0074 0000 C=STUNTSC S=SEG008         G=DGROUP  M=SEG009.ASM ACBP=28
 0002:0074 0000 C=STUNTSC S=SEG008         G=DGROUP  M=SEG010.ASM ACBP=28
 0002:0074 0000 C=STUNTSC S=SEG008         G=DGROUP  M=SEG011.ASM ACBP=28
 0002:0074 0000 C=STUNTSC S=SEG008         G=DGROUP  M=SEG012.ASM ACBP=28
 0002:0074 0000 C=STUNTSC S=SEG008         G=DGROUP  M=SEG013.ASM ACBP=28
 0002:0074 0000 C=STUNTSC S=SEG008         G=DGROUP  M=SEG014.ASM ACBP=28
 0002:0074 0000 C=STUNTSC S=SEG008         G=DGROUP  M=SEG015.ASM ACBP=28
 0002:0074 0000 C=STUNTSC S=SEG008         G=DGROUP  M=SEG016.ASM ACBP=28
 0002:0074 0000 C=STUNTSC S=SEG008         G=DGROUP  M=SEG017.ASM ACBP=28
 0002:0074 0000 C=STUNTSC S=SEG008         G=DGROUP  M=SEG018.ASM ACBP=28
 0002:0074 0000 C=STUNTSC S=SEG008         G=DGROUP  M=SEG019.ASM ACBP=28
 0002:0074 0000 C=STUNTSC S=SEG008         G=DGROUP  M=SEG020.ASM ACBP=28
 0002:0074 0000 C=STUNTSC S=SEG008         G=DGROUP  M=SEG021.ASM ACBP=28
 0002:0074 0000 C=STUNTSC S=SEG008         G=DGROUP  M=SEG022.ASM ACBP=28
 0002:0074 0000 C=STUNTSC S=SEG008         G=DGROUP  M=SEG023.ASM ACBP=28
 0002:0074 0000 C=STUNTSC S=SEG008         G=DGROUP  M=SEG024.ASM ACBP=28
 0002:0074 0000 C=STUNTSC S=SEG008         G=DGROUP  M=SEG025.ASM ACBP=28
 0002:0074 0000 C=STUNTSC S=SEG008         G=DGROUP  M=SEG026.ASM ACBP=28
 0002:0074 0000 C=STUNTSC S=SEG008         G=DGROUP  M=SEG027.ASM ACBP=28
 0002:0074 0000 C=STUNTSC S=SEG008         G=DGROUP  M=SEG028.ASM ACBP=28
 0002:0074 0000 C=STUNTSC S=SEG008         G=DGROUP  M=SEG029.ASM ACBP=28
 0002:0074 0000 C=STUNTSC S=SEG008         G=DGROUP  M=SEG030.ASM ACBP=28
 0002:0074 0000 C=STUNTSC S=SEG008         G=DGROUP  M=SEG031.ASM ACBP=28
 0002:0074 0000 C=STUNTSC S=SEG008         G=DGROUP  M=SEG032.ASM ACBP=28
 0002:0074 0000 C=STUNTSC S=SEG008         G=DGROUP  M=SEG033.ASM ACBP=28
 0002:0074 0000 C=STUNTSC S=SEG008         G=DGROUP  M=SEG034.ASM ACBP=28
 0002:0074 0000 C=STUNTSC S=SEG008         G=DGROUP  M=SEG035.ASM ACBP=28
 0002:0074 0000 C=STUNTSC S=SEG008         G=DGROUP  M=SEG036.ASM ACBP=28
 0002:0074 0000 C=STUNTSC S=SEG008         G=DGROUP  M=SEG037.ASM ACBP=28
 0002:0074 0000 C=STUNTSC S=SEG008         G=DGROUP  M=SEG038.ASM ACBP=28
 0002:0074 0000 C=STUNTSC S=SEG008         G=DGROUP  M=SEG039.ASM ACBP=28
 0002:0074 0000 C=STUNTSC S=SEG008         G=DGROUP  M=SEG041.ASM ACBP=28
 0002:0074 0000 C=STUNTSC S=SEG009         G=DGROUP  M=DSEG.ASM   ACBP=28
 0002:0074 0000 C=STUNTSC S=SEG009         G=DGROUP  M=SEG000.ASM ACBP=28
 0002:0074 0000 C=STUNTSC S=SEG009         G=DGROUP  M=SEG001.ASM ACBP=28
 0002:0074 0000 C=STUNTSC S=SEG009         G=DGROUP  M=SEG002.ASM ACBP=28
 0002:0074 0000 C=STUNTSC S=SEG009         G=DGROUP  M=SEG003.ASM ACBP=28
 0002:0074 0000 C=STUNTSC S=SEG009         G=DGROUP  M=SEG004.ASM ACBP=28
 0002:0074 0000 C=STUNTSC S=SEG009         G=DGROUP  M=SEG005.ASM ACBP=28
 0002:0074 0000 C=STUNTSC S=SEG009         G=DGROUP  M=SEG006.ASM ACBP=28
 0002:0074 0000 C=STUNTSC S=SEG009         G=DGROUP  M=SEG007.ASM ACBP=28
 0002:0074 0000 C=STUNTSC S=SEG009         G=DGROUP  M=SEG008.ASM ACBP=28
 0002:0074 2996 C=STUNTSC S=SEG009         G=DGROUP  M=SEG009.ASM ACBP=28
 0002:0074 0000 C=STUNTSC S=SEG009         G=DGROUP  M=SEG010.ASM ACBP=28
 0002:0074 0000 C=STUNTSC S=SEG009         G=DGROUP  M=SEG011.ASM ACBP=28
 0002:0074 0000 C=STUNTSC S=SEG009         G=DGROUP  M=SEG012.ASM ACBP=28
 0002:0074 0000 C=STUNTSC S=SEG009         G=DGROUP  M=SEG013.ASM ACBP=28
 0002:0074 0000 C=STUNTSC S=SEG009         G=DGROUP  M=SEG014.ASM ACBP=28
 0002:0074 0000 C=STUNTSC S=SEG009         G=DGROUP  M=SEG015.ASM ACBP=28
 0002:0074 0000 C=STUNTSC S=SEG009         G=DGROUP  M=SEG016.ASM ACBP=28
 0002:0074 0000 C=STUNTSC S=SEG009         G=DGROUP  M=SEG017.ASM ACBP=28
 0002:0074 0000 C=STUNTSC S=SEG009         G=DGROUP  M=SEG018.ASM ACBP=28
 0002:0074 0000 C=STUNTSC S=SEG009         G=DGROUP  M=SEG019.ASM ACBP=28
 0002:0074 0000 C=STUNTSC S=SEG009         G=DGROUP  M=SEG020.ASM ACBP=28
 0002:0074 0000 C=STUNTSC S=SEG009         G=DGROUP  M=SEG021.ASM ACBP=28
 0002:0074 0000 C=STUNTSC S=SEG009         G=DGROUP  M=SEG022.ASM ACBP=28
 0002:0074 0000 C=STUNTSC S=SEG009         G=DGROUP  M=SEG023.ASM ACBP=28
 0002:0074 0000 C=STUNTSC S=SEG009         G=DGROUP  M=SEG024.ASM ACBP=28
 0002:0074 0000 C=STUNTSC S=SEG009         G=DGROUP  M=SEG025.ASM ACBP=28
 0002:0074 0000 C=STUNTSC S=SEG009         G=DGROUP  M=SEG026.ASM ACBP=28
 0002:0074 0000 C=STUNTSC S=SEG009         G=DGROUP  M=SEG027.ASM ACBP=28
 0002:0074 0000 C=STUNTSC S=SEG009         G=DGROUP  M=SEG028.ASM ACBP=28
 0002:0074 0000 C=STUNTSC S=SEG009         G=DGROUP  M=SEG029.ASM ACBP=28
 0002:0074 0000 C=STUNTSC S=SEG009         G=DGROUP  M=SEG030.ASM ACBP=28
 0002:0074 0000 C=STUNTSC S=SEG009         G=DGROUP  M=SEG031.ASM ACBP=28
 0002:0074 0000 C=STUNTSC S=SEG009         G=DGROUP  M=SEG032.ASM ACBP=28
 0002:0074 0000 C=STUNTSC S=SEG009         G=DGROUP  M=SEG033.ASM ACBP=28
 0002:0074 0000 C=STUNTSC S=SEG009         G=DGROUP  M=SEG034.ASM ACBP=28
 0002:0074 0000 C=STUNTSC S=SEG009         G=DGROUP  M=SEG035.ASM ACBP=28
 0002:0074 0000 C=STUNTSC S=SEG009         G=DGROUP  M=SEG036.ASM ACBP=28
 0002:0074 0000 C=STUNTSC S=SEG009         G=DGROUP  M=SEG037.ASM ACBP=28
 0002:0074 0000 C=STUNTSC S=SEG009         G=DGROUP  M=SEG038.ASM ACBP=28
 0002:0074 0000 C=STUNTSC S=SEG009         G=DGROUP  M=SEG039.ASM ACBP=28
 0002:0074 0000 C=STUNTSC S=SEG009         G=DGROUP  M=SEG041.ASM ACBP=28
 0002:0074 0000 C=STUNTSC S=SEG010         G=DGROUP  M=DSEG.ASM   ACBP=28
 0002:0074 0000 C=STUNTSC S=SEG010         G=DGROUP  M=SEG000.ASM ACBP=28
 0002:0074 0000 C=STUNTSC S=SEG010         G=DGROUP  M=SEG001.ASM ACBP=28
 0002:0074 0000 C=STUNTSC S=SEG010         G=DGROUP  M=SEG002.ASM ACBP=28
 0002:0074 0000 C=STUNTSC S=SEG010         G=DGROUP  M=SEG003.ASM ACBP=28
 0002:0074 0000 C=STUNTSC S=SEG010         G=DGROUP  M=SEG004.ASM ACBP=28
 0002:0074 0000 C=STUNTSC S=SEG010         G=DGROUP  M=SEG005.ASM ACBP=28
 0002:0074 0000 C=STUNTSC S=SEG010         G=DGROUP  M=SEG006.ASM ACBP=28
 0002:0074 0000 C=STUNTSC S=SEG010         G=DGROUP  M=SEG007.ASM ACBP=28
 0002:0074 0000 C=STUNTSC S=SEG010         G=DGROUP  M=SEG008.ASM ACBP=28
 0002:0074 0000 C=STUNTSC S=SEG010         G=DGROUP  M=SEG009.ASM ACBP=28
 0002:0074 1DB5 C=STUNTSC S=SEG010         G=DGROUP  M=SEG010.ASM ACBP=28
 0002:0074 0000 C=STUNTSC S=SEG010         G=DGROUP  M=SEG011.ASM ACBP=28
 0002:0074 0000 C=STUNTSC S=SEG010         G=DGROUP  M=SEG012.ASM ACBP=28
 0002:0074 0000 C=STUNTSC S=SEG010         G=DGROUP  M=SEG013.ASM ACBP=28
 0002:0074 0000 C=STUNTSC S=SEG010         G=DGROUP  M=SEG014.ASM ACBP=28
 0002:0074 0000 C=STUNTSC S=SEG010         G=DGROUP  M=SEG015.ASM ACBP=28
 0002:0074 0000 C=STUNTSC S=SEG010         G=DGROUP  M=SEG016.ASM ACBP=28
 0002:0074 0000 C=STUNTSC S=SEG010         G=DGROUP  M=SEG017.ASM ACBP=28
 0002:0074 0000 C=STUNTSC S=SEG010         G=DGROUP  M=SEG018.ASM ACBP=28
 0002:0074 0000 C=STUNTSC S=SEG010         G=DGROUP  M=SEG019.ASM ACBP=28
 0002:0074 0000 C=STUNTSC S=SEG010         G=DGROUP  M=SEG020.ASM ACBP=28
 0002:0074 0000 C=STUNTSC S=SEG010         G=DGROUP  M=SEG021.ASM ACBP=28
 0002:0074 0000 C=STUNTSC S=SEG010         G=DGROUP  M=SEG022.ASM ACBP=28
 0002:0074 0000 C=STUNTSC S=SEG010         G=DGROUP  M=SEG023.ASM ACBP=28
 0002:0074 0000 C=STUNTSC S=SEG010         G=DGROUP  M=SEG024.ASM ACBP=28
 0002:0074 0000 C=STUNTSC S=SEG010         G=DGROUP  M=SEG025.ASM ACBP=28
 0002:0074 0000 C=STUNTSC S=SEG010         G=DGROUP  M=SEG026.ASM ACBP=28
 0002:0074 0000 C=STUNTSC S=SEG010         G=DGROUP  M=SEG027.ASM ACBP=28
 0002:0074 0000 C=STUNTSC S=SEG010         G=DGROUP  M=SEG028.ASM ACBP=28
 0002:0074 0000 C=STUNTSC S=SEG010         G=DGROUP  M=SEG029.ASM ACBP=28
 0002:0074 0000 C=STUNTSC S=SEG010         G=DGROUP  M=SEG030.ASM ACBP=28
 0002:0074 0000 C=STUNTSC S=SEG010         G=DGROUP  M=SEG031.ASM ACBP=28
 0002:0074 0000 C=STUNTSC S=SEG010         G=DGROUP  M=SEG032.ASM ACBP=28
 0002:0074 0000 C=STUNTSC S=SEG010         G=DGROUP  M=SEG033.ASM ACBP=28
 0002:0074 0000 C=STUNTSC S=SEG010         G=DGROUP  M=SEG034.ASM ACBP=28
 0002:0074 0000 C=STUNTSC S=SEG010         G=DGROUP  M=SEG035.ASM ACBP=28
 0002:0074 0000 C=STUNTSC S=SEG010         G=DGROUP  M=SEG036.ASM ACBP=28
 0002:0074 0000 C=STUNTSC S=SEG010         G=DGROUP  M=SEG037.ASM ACBP=28
 0002:0074 0000 C=STUNTSC S=SEG010         G=DGROUP  M=SEG038.ASM ACBP=28
 0002:0074 0000 C=STUNTSC S=SEG010         G=DGROUP  M=SEG039.ASM ACBP=28
 0002:0074 0000 C=STUNTSC S=SEG010         G=DGROUP  M=SEG041.ASM ACBP=28
 0002:0074 0000 C=STUNTSC S=SEG011         G=DGROUP  M=DSEG.ASM   ACBP=28
 0002:0074 0000 C=STUNTSC S=SEG011         G=DGROUP  M=SEG000.ASM ACBP=28
 0002:0074 0000 C=STUNTSC S=SEG011         G=DGROUP  M=SEG001.ASM ACBP=28
 0002:0074 0000 C=STUNTSC S=SEG011         G=DGROUP  M=SEG002.ASM ACBP=28
 0002:0074 0000 C=STUNTSC S=SEG011         G=DGROUP  M=SEG003.ASM ACBP=28
 0002:0074 0000 C=STUNTSC S=SEG011         G=DGROUP  M=SEG004.ASM ACBP=28
 0002:0074 0000 C=STUNTSC S=SEG011         G=DGROUP  M=SEG005.ASM ACBP=28
 0002:0074 0000 C=STUNTSC S=SEG011         G=DGROUP  M=SEG006.ASM ACBP=28
 0002:0074 0000 C=STUNTSC S=SEG011         G=DGROUP  M=SEG007.ASM ACBP=28
 0002:0074 0000 C=STUNTSC S=SEG011         G=DGROUP  M=SEG008.ASM ACBP=28
 0002:0074 0000 C=STUNTSC S=SEG011         G=DGROUP  M=SEG009.ASM ACBP=28
 0002:0074 0000 C=STUNTSC S=SEG011         G=DGROUP  M=SEG010.ASM ACBP=28
 0002:0074 0022 C=STUNTSC S=SEG011         G=DGROUP  M=SEG011.ASM ACBP=28
 0002:0074 0000 C=STUNTSC S=SEG011         G=DGROUP  M=SEG012.ASM ACBP=28
 0002:0074 0000 C=STUNTSC S=SEG011         G=DGROUP  M=SEG013.ASM ACBP=28
 0002:0074 0000 C=STUNTSC S=SEG011         G=DGROUP  M=SEG014.ASM ACBP=28
 0002:0074 0000 C=STUNTSC S=SEG011         G=DGROUP  M=SEG015.ASM ACBP=28
 0002:0074 0000 C=STUNTSC S=SEG011         G=DGROUP  M=SEG016.ASM ACBP=28
 0002:0074 0000 C=STUNTSC S=SEG011         G=DGROUP  M=SEG017.ASM ACBP=28
 0002:0074 0000 C=STUNTSC S=SEG011         G=DGROUP  M=SEG018.ASM ACBP=28
 0002:0074 0000 C=STUNTSC S=SEG011         G=DGROUP  M=SEG019.ASM ACBP=28
 0002:0074 0000 C=STUNTSC S=SEG011         G=DGROUP  M=SEG020.ASM ACBP=28
 0002:0074 0000 C=STUNTSC S=SEG011         G=DGROUP  M=SEG021.ASM ACBP=28
 0002:0074 0000 C=STUNTSC S=SEG011         G=DGROUP  M=SEG022.ASM ACBP=28
 0002:0074 0000 C=STUNTSC S=SEG011         G=DGROUP  M=SEG023.ASM ACBP=28
 0002:0074 0000 C=STUNTSC S=SEG011         G=DGROUP  M=SEG024.ASM ACBP=28
 0002:0074 0000 C=STUNTSC S=SEG011         G=DGROUP  M=SEG025.ASM ACBP=28
 0002:0074 0000 C=STUNTSC S=SEG011         G=DGROUP  M=SEG026.ASM ACBP=28
 0002:0074 0000 C=STUNTSC S=SEG011         G=DGROUP  M=SEG027.ASM ACBP=28
 0002:0074 0000 C=STUNTSC S=SEG011         G=DGROUP  M=SEG028.ASM ACBP=28
 0002:0074 0000 C=STUNTSC S=SEG011         G=DGROUP  M=SEG029.ASM ACBP=28
 0002:0074 0000 C=STUNTSC S=SEG011         G=DGROUP  M=SEG030.ASM ACBP=28
 0002:0074 0000 C=STUNTSC S=SEG011         G=DGROUP  M=SEG031.ASM ACBP=28
 0002:0074 0000 C=STUNTSC S=SEG011         G=DGROUP  M=SEG032.ASM ACBP=28
 0002:0074 0000 C=STUNTSC S=SEG011         G=DGROUP  M=SEG033.ASM ACBP=28
 0002:0074 0000 C=STUNTSC S=SEG011         G=DGROUP  M=SEG034.ASM ACBP=28
 0002:0074 0000 C=STUNTSC S=SEG011         G=DGROUP  M=SEG035.ASM ACBP=28
 0002:0074 0000 C=STUNTSC S=SEG011         G=DGROUP  M=SEG036.ASM ACBP=28
 0002:0074 0000 C=STUNTSC S=SEG011         G=DGROUP  M=SEG037.ASM ACBP=28
 0002:0074 0000 C=STUNTSC S=SEG011         G=DGROUP  M=SEG038.ASM ACBP=28
 0002:0074 0000 C=STUNTSC S=SEG011         G=DGROUP  M=SEG039.ASM ACBP=28
 0002:0074 0000 C=STUNTSC S=SEG011         G=DGROUP  M=SEG041.ASM ACBP=28
 0002:0074 0000 C=STUNTSC S=SEG012         G=DGROUP  M=DSEG.ASM   ACBP=28
 0002:0074 0000 C=STUNTSC S=SEG012         G=DGROUP  M=SEG000.ASM ACBP=28
 0002:0074 0000 C=STUNTSC S=SEG012         G=DGROUP  M=SEG001.ASM ACBP=28
 0002:0074 0000 C=STUNTSC S=SEG012         G=DGROUP  M=SEG002.ASM ACBP=28
 0002:0074 0000 C=STUNTSC S=SEG012         G=DGROUP  M=SEG003.ASM ACBP=28
 0002:0074 0000 C=STUNTSC S=SEG012         G=DGROUP  M=SEG004.ASM ACBP=28
 0002:0074 0000 C=STUNTSC S=SEG012         G=DGROUP  M=SEG005.ASM ACBP=28
 0002:0074 0000 C=STUNTSC S=SEG012         G=DGROUP  M=SEG006.ASM ACBP=28
 0002:0074 0000 C=STUNTSC S=SEG012         G=DGROUP  M=SEG007.ASM ACBP=28
 0002:0074 0000 C=STUNTSC S=SEG012         G=DGROUP  M=SEG008.ASM ACBP=28
 0002:0074 0000 C=STUNTSC S=SEG012         G=DGROUP  M=SEG009.ASM ACBP=28
 0002:0074 0000 C=STUNTSC S=SEG012         G=DGROUP  M=SEG010.ASM ACBP=28
 0002:0074 0000 C=STUNTSC S=SEG012         G=DGROUP  M=SEG011.ASM ACBP=28
 0002:0074 7793 C=STUNTSC S=SEG012         G=DGROUP  M=SEG012.ASM ACBP=28
 0002:0074 0000 C=STUNTSC S=SEG012         G=DGROUP  M=SEG013.ASM ACBP=28
 0002:0074 0000 C=STUNTSC S=SEG012         G=DGROUP  M=SEG014.ASM ACBP=28
 0002:0074 0000 C=STUNTSC S=SEG012         G=DGROUP  M=SEG015.ASM ACBP=28
 0002:0074 0000 C=STUNTSC S=SEG012         G=DGROUP  M=SEG016.ASM ACBP=28
 0002:0074 0000 C=STUNTSC S=SEG012         G=DGROUP  M=SEG017.ASM ACBP=28
 0002:0074 0000 C=STUNTSC S=SEG012         G=DGROUP  M=SEG018.ASM ACBP=28
 0002:0074 0000 C=STUNTSC S=SEG012         G=DGROUP  M=SEG019.ASM ACBP=28
 0002:0074 0000 C=STUNTSC S=SEG012         G=DGROUP  M=SEG020.ASM ACBP=28
 0002:0074 0000 C=STUNTSC S=SEG012         G=DGROUP  M=SEG021.ASM ACBP=28
 0002:0074 0000 C=STUNTSC S=SEG012         G=DGROUP  M=SEG022.ASM ACBP=28
 0002:0074 0000 C=STUNTSC S=SEG012         G=DGROUP  M=SEG023.ASM ACBP=28
 0002:0074 0000 C=STUNTSC S=SEG012         G=DGROUP  M=SEG024.ASM ACBP=28
 0002:0074 0000 C=STUNTSC S=SEG012         G=DGROUP  M=SEG025.ASM ACBP=28
 0002:0074 0000 C=STUNTSC S=SEG012         G=DGROUP  M=SEG026.ASM ACBP=28
 0002:0074 0000 C=STUNTSC S=SEG012         G=DGROUP  M=SEG027.ASM ACBP=28
 0002:0074 0000 C=STUNTSC S=SEG012         G=DGROUP  M=SEG028.ASM ACBP=28
 0002:0074 0000 C=STUNTSC S=SEG012         G=DGROUP  M=SEG029.ASM ACBP=28
 0002:0074 0000 C=STUNTSC S=SEG012         G=DGROUP  M=SEG030.ASM ACBP=28
 0002:0074 0000 C=STUNTSC S=SEG012         G=DGROUP  M=SEG031.ASM ACBP=28
 0002:0074 0000 C=STUNTSC S=SEG012         G=DGROUP  M=SEG032.ASM ACBP=28
 0002:0074 0000 C=STUNTSC S=SEG012         G=DGROUP  M=SEG033.ASM ACBP=28
 0002:0074 0000 C=STUNTSC S=SEG012         G=DGROUP  M=SEG034.ASM ACBP=28
 0002:0074 0000 C=STUNTSC S=SEG012         G=DGROUP  M=SEG035.ASM ACBP=28
 0002:0074 0000 C=STUNTSC S=SEG012         G=DGROUP  M=SEG036.ASM ACBP=28
 0002:0074 0000 C=STUNTSC S=SEG012         G=DGROUP  M=SEG037.ASM ACBP=28
 0002:0074 0000 C=STUNTSC S=SEG012         G=DGROUP  M=SEG038.ASM ACBP=28
 0002:0074 0000 C=STUNTSC S=SEG012         G=DGROUP  M=SEG039.ASM ACBP=28
 0002:0074 0000 C=STUNTSC S=SEG012         G=DGROUP  M=SEG041.ASM ACBP=28
 0002:0074 0000 C=STUNTSC S=SEG013         G=DGROUP  M=DSEG.ASM   ACBP=28
 0002:0074 0000 C=STUNTSC S=SEG013         G=DGROUP  M=SEG000.ASM ACBP=28
 0002:0074 0000 C=STUNTSC S=SEG013         G=DGROUP  M=SEG001.ASM ACBP=28
 0002:0074 0000 C=STUNTSC S=SEG013         G=DGROUP  M=SEG002.ASM ACBP=28
 0002:0074 0000 C=STUNTSC S=SEG013         G=DGROUP  M=SEG003.ASM ACBP=28
 0002:0074 0000 C=STUNTSC S=SEG013         G=DGROUP  M=SEG004.ASM ACBP=28
 0002:0074 0000 C=STUNTSC S=SEG013         G=DGROUP  M=SEG005.ASM ACBP=28
 0002:0074 0000 C=STUNTSC S=SEG013         G=DGROUP  M=SEG006.ASM ACBP=28
 0002:0074 0000 C=STUNTSC S=SEG013         G=DGROUP  M=SEG007.ASM ACBP=28
 0002:0074 0000 C=STUNTSC S=SEG013         G=DGROUP  M=SEG008.ASM ACBP=28
 0002:0074 0000 C=STUNTSC S=SEG013         G=DGROUP  M=SEG009.ASM ACBP=28
 0002:0074 0000 C=STUNTSC S=SEG013         G=DGROUP  M=SEG010.ASM ACBP=28
 0002:0074 0000 C=STUNTSC S=SEG013         G=DGROUP  M=SEG011.ASM ACBP=28
 0002:0074 0000 C=STUNTSC S=SEG013         G=DGROUP  M=SEG012.ASM ACBP=28
 0002:0074 0089 C=STUNTSC S=SEG013         G=DGROUP  M=SEG013.ASM ACBP=28
 0002:0074 0000 C=STUNTSC S=SEG013         G=DGROUP  M=SEG014.ASM ACBP=28
 0002:0074 0000 C=STUNTSC S=SEG013         G=DGROUP  M=SEG015.ASM ACBP=28
 0002:0074 0000 C=STUNTSC S=SEG013         G=DGROUP  M=SEG016.ASM ACBP=28
 0002:0074 0000 C=STUNTSC S=SEG013         G=DGROUP  M=SEG017.ASM ACBP=28
 0002:0074 0000 C=STUNTSC S=SEG013         G=DGROUP  M=SEG018.ASM ACBP=28
 0002:0074 0000 C=STUNTSC S=SEG013         G=DGROUP  M=SEG019.ASM ACBP=28
 0002:0074 0000 C=STUNTSC S=SEG013         G=DGROUP  M=SEG020.ASM ACBP=28
 0002:0074 0000 C=STUNTSC S=SEG013         G=DGROUP  M=SEG021.ASM ACBP=28
 0002:0074 0000 C=STUNTSC S=SEG013         G=DGROUP  M=SEG022.ASM ACBP=28
 0002:0074 0000 C=STUNTSC S=SEG013         G=DGROUP  M=SEG023.ASM ACBP=28
 0002:0074 0000 C=STUNTSC S=SEG013         G=DGROUP  M=SEG024.ASM ACBP=28
 0002:0074 0000 C=STUNTSC S=SEG013         G=DGROUP  M=SEG025.ASM ACBP=28
 0002:0074 0000 C=STUNTSC S=SEG013         G=DGROUP  M=SEG026.ASM ACBP=28
 0002:0074 0000 C=STUNTSC S=SEG013         G=DGROUP  M=SEG027.ASM ACBP=28
 0002:0074 0000 C=STUNTSC S=SEG013         G=DGROUP  M=SEG028.ASM ACBP=28
 0002:0074 0000 C=STUNTSC S=SEG013         G=DGROUP  M=SEG029.ASM ACBP=28
 0002:0074 0000 C=STUNTSC S=SEG013         G=DGROUP  M=SEG030.ASM ACBP=28
 0002:0074 0000 C=STUNTSC S=SEG013         G=DGROUP  M=SEG031.ASM ACBP=28
 0002:0074 0000 C=STUNTSC S=SEG013         G=DGROUP  M=SEG032.ASM ACBP=28
 0002:0074 0000 C=STUNTSC S=SEG013         G=DGROUP  M=SEG033.ASM ACBP=28
 0002:0074 0000 C=STUNTSC S=SEG013         G=DGROUP  M=SEG034.ASM ACBP=28
 0002:0074 0000 C=STUNTSC S=SEG013         G=DGROUP  M=SEG035.ASM ACBP=28
 0002:0074 0000 C=STUNTSC S=SEG013         G=DGROUP  M=SEG036.ASM ACBP=28
 0002:0074 0000 C=STUNTSC S=SEG013         G=DGROUP  M=SEG037.ASM ACBP=28
 0002:0074 0000 C=STUNTSC S=SEG013         G=DGROUP  M=SEG038.ASM ACBP=28
 0002:0074 0000 C=STUNTSC S=SEG013         G=DGROUP  M=SEG039.ASM ACBP=28
 0002:0074 0000 C=STUNTSC S=SEG013         G=DGROUP  M=SEG041.ASM ACBP=28
 0002:0074 0000 C=STUNTSC S=SEG014         G=DGROUP  M=DSEG.ASM   ACBP=28
 0002:0074 0000 C=STUNTSC S=SEG014         G=DGROUP  M=SEG000.ASM ACBP=28
 0002:0074 0000 C=STUNTSC S=SEG014         G=DGROUP  M=SEG001.ASM ACBP=28
 0002:0074 0000 C=STUNTSC S=SEG014         G=DGROUP  M=SEG002.ASM ACBP=28
 0002:0074 0000 C=STUNTSC S=SEG014         G=DGROUP  M=SEG003.ASM ACBP=28
 0002:0074 0000 C=STUNTSC S=SEG014         G=DGROUP  M=SEG004.ASM ACBP=28
 0002:0074 0000 C=STUNTSC S=SEG014         G=DGROUP  M=SEG005.ASM ACBP=28
 0002:0074 0000 C=STUNTSC S=SEG014         G=DGROUP  M=SEG006.ASM ACBP=28
 0002:0074 0000 C=STUNTSC S=SEG014         G=DGROUP  M=SEG007.ASM ACBP=28
 0002:0074 0000 C=STUNTSC S=SEG014         G=DGROUP  M=SEG008.ASM ACBP=28
 0002:0074 0000 C=STUNTSC S=SEG014         G=DGROUP  M=SEG009.ASM ACBP=28
 0002:0074 0000 C=STUNTSC S=SEG014         G=DGROUP  M=SEG010.ASM ACBP=28
 0002:0074 0000 C=STUNTSC S=SEG014         G=DGROUP  M=SEG011.ASM ACBP=28
 0002:0074 0000 C=STUNTSC S=SEG014         G=DGROUP  M=SEG012.ASM ACBP=28
 0002:0074 0000 C=STUNTSC S=SEG014         G=DGROUP  M=SEG013.ASM ACBP=28
 0002:0074 01CD C=STUNTSC S=SEG014         G=DGROUP  M=SEG014.ASM ACBP=28
 0002:0074 0000 C=STUNTSC S=SEG014         G=DGROUP  M=SEG015.ASM ACBP=28
 0002:0074 0000 C=STUNTSC S=SEG014         G=DGROUP  M=SEG016.ASM ACBP=28
 0002:0074 0000 C=STUNTSC S=SEG014         G=DGROUP  M=SEG017.ASM ACBP=28
 0002:0074 0000 C=STUNTSC S=SEG014         G=DGROUP  M=SEG018.ASM ACBP=28
 0002:0074 0000 C=STUNTSC S=SEG014         G=DGROUP  M=SEG019.ASM ACBP=28
 0002:0074 0000 C=STUNTSC S=SEG014         G=DGROUP  M=SEG020.ASM ACBP=28
 0002:0074 0000 C=STUNTSC S=SEG014         G=DGROUP  M=SEG021.ASM ACBP=28
 0002:0074 0000 C=STUNTSC S=SEG014         G=DGROUP  M=SEG022.ASM ACBP=28
 0002:0074 0000 C=STUNTSC S=SEG014         G=DGROUP  M=SEG023.ASM ACBP=28
 0002:0074 0000 C=STUNTSC S=SEG014         G=DGROUP  M=SEG024.ASM ACBP=28
 0002:0074 0000 C=STUNTSC S=SEG014         G=DGROUP  M=SEG025.ASM ACBP=28
 0002:0074 0000 C=STUNTSC S=SEG014         G=DGROUP  M=SEG026.ASM ACBP=28
 0002:0074 0000 C=STUNTSC S=SEG014         G=DGROUP  M=SEG027.ASM ACBP=28
 0002:0074 0000 C=STUNTSC S=SEG014         G=DGROUP  M=SEG028.ASM ACBP=28
 0002:0074 0000 C=STUNTSC S=SEG014         G=DGROUP  M=SEG029.ASM ACBP=28
 0002:0074 0000 C=STUNTSC S=SEG014         G=DGROUP  M=SEG030.ASM ACBP=28
 0002:0074 0000 C=STUNTSC S=SEG014         G=DGROUP  M=SEG031.ASM ACBP=28
 0002:0074 0000 C=STUNTSC S=SEG014         G=DGROUP  M=SEG032.ASM ACBP=28
 0002:0074 0000 C=STUNTSC S=SEG014         G=DGROUP  M=SEG033.ASM ACBP=28
 0002:0074 0000 C=STUNTSC S=SEG014         G=DGROUP  M=SEG034.ASM ACBP=28
 0002:0074 0000 C=STUNTSC S=SEG014         G=DGROUP  M=SEG035.ASM ACBP=28
 0002:0074 0000 C=STUNTSC S=SEG014         G=DGROUP  M=SEG036.ASM ACBP=28
 0002:0074 0000 C=STUNTSC S=SEG014         G=DGROUP  M=SEG037.ASM ACBP=28
 0002:0074 0000 C=STUNTSC S=SEG014         G=DGROUP  M=SEG038.ASM ACBP=28
 0002:0074 0000 C=STUNTSC S=SEG014         G=DGROUP  M=SEG039.ASM ACBP=28
 0002:0074 0000 C=STUNTSC S=SEG014         G=DGROUP  M=SEG041.ASM ACBP=28
 0002:0074 0000 C=STUNTSC S=SEG015         G=DGROUP  M=DSEG.ASM   ACBP=28
 0002:0074 0000 C=STUNTSC S=SEG015         G=DGROUP  M=SEG000.ASM ACBP=28
 0002:0074 0000 C=STUNTSC S=SEG015         G=DGROUP  M=SEG001.ASM ACBP=28
 0002:0074 0000 C=STUNTSC S=SEG015         G=DGROUP  M=SEG002.ASM ACBP=28
 0002:0074 0000 C=STUNTSC S=SEG015         G=DGROUP  M=SEG003.ASM ACBP=28
 0002:0074 0000 C=STUNTSC S=SEG015         G=DGROUP  M=SEG004.ASM ACBP=28
 0002:0074 0000 C=STUNTSC S=SEG015         G=DGROUP  M=SEG005.ASM ACBP=28
 0002:0074 0000 C=STUNTSC S=SEG015         G=DGROUP  M=SEG006.ASM ACBP=28
 0002:0074 0000 C=STUNTSC S=SEG015         G=DGROUP  M=SEG007.ASM ACBP=28
 0002:0074 0000 C=STUNTSC S=SEG015         G=DGROUP  M=SEG008.ASM ACBP=28
 0002:0074 0000 C=STUNTSC S=SEG015         G=DGROUP  M=SEG009.ASM ACBP=28
 0002:0074 0000 C=STUNTSC S=SEG015         G=DGROUP  M=SEG010.ASM ACBP=28
 0002:0074 0000 C=STUNTSC S=SEG015         G=DGROUP  M=SEG011.ASM ACBP=28
 0002:0074 0000 C=STUNTSC S=SEG015         G=DGROUP  M=SEG012.ASM ACBP=28
 0002:0074 0000 C=STUNTSC S=SEG015         G=DGROUP  M=SEG013.ASM ACBP=28
 0002:0074 0000 C=STUNTSC S=SEG015         G=DGROUP  M=SEG014.ASM ACBP=28
 0002:0074 039F C=STUNTSC S=SEG015         G=DGROUP  M=SEG015.ASM ACBP=28
 0002:0074 0000 C=STUNTSC S=SEG015         G=DGROUP  M=SEG016.ASM ACBP=28
 0002:0074 0000 C=STUNTSC S=SEG015         G=DGROUP  M=SEG017.ASM ACBP=28
 0002:0074 0000 C=STUNTSC S=SEG015         G=DGROUP  M=SEG018.ASM ACBP=28
 0002:0074 0000 C=STUNTSC S=SEG015         G=DGROUP  M=SEG019.ASM ACBP=28
 0002:0074 0000 C=STUNTSC S=SEG015         G=DGROUP  M=SEG020.ASM ACBP=28
 0002:0074 0000 C=STUNTSC S=SEG015         G=DGROUP  M=SEG021.ASM ACBP=28
 0002:0074 0000 C=STUNTSC S=SEG015         G=DGROUP  M=SEG022.ASM ACBP=28
 0002:0074 0000 C=STUNTSC S=SEG015         G=DGROUP  M=SEG023.ASM ACBP=28
 0002:0074 0000 C=STUNTSC S=SEG015         G=DGROUP  M=SEG024.ASM ACBP=28
 0002:0074 0000 C=STUNTSC S=SEG015         G=DGROUP  M=SEG025.ASM ACBP=28
 0002:0074 0000 C=STUNTSC S=SEG015         G=DGROUP  M=SEG026.ASM ACBP=28
 0002:0074 0000 C=STUNTSC S=SEG015         G=DGROUP  M=SEG027.ASM ACBP=28
 0002:0074 0000 C=STUNTSC S=SEG015         G=DGROUP  M=SEG028.ASM ACBP=28
 0002:0074 0000 C=STUNTSC S=SEG015         G=DGROUP  M=SEG029.ASM ACBP=28
 0002:0074 0000 C=STUNTSC S=SEG015         G=DGROUP  M=SEG030.ASM ACBP=28
 0002:0074 0000 C=STUNTSC S=SEG015         G=DGROUP  M=SEG031.ASM ACBP=28
 0002:0074 0000 C=STUNTSC S=SEG015         G=DGROUP  M=SEG032.ASM ACBP=28
 0002:0074 0000 C=STUNTSC S=SEG015         G=DGROUP  M=SEG033.ASM ACBP=28
 0002:0074 0000 C=STUNTSC S=SEG015         G=DGROUP  M=SEG034.ASM ACBP=28
 0002:0074 0000 C=STUNTSC S=SEG015         G=DGROUP  M=SEG035.ASM ACBP=28
 0002:0074 0000 C=STUNTSC S=SEG015         G=DGROUP  M=SEG036.ASM ACBP=28
 0002:0074 0000 C=STUNTSC S=SEG015         G=DGROUP  M=SEG037.ASM ACBP=28
 0002:0074 0000 C=STUNTSC S=SEG015         G=DGROUP  M=SEG038.ASM ACBP=28
 0002:0074 0000 C=STUNTSC S=SEG015         G=DGROUP  M=SEG039.ASM ACBP=28
 0002:0074 0000 C=STUNTSC S=SEG015         G=DGROUP  M=SEG041.ASM ACBP=28
 0002:0074 0000 C=STUNTSC S=SEG016         G=DGROUP  M=DSEG.ASM   ACBP=28
 0002:0074 0000 C=STUNTSC S=SEG016         G=DGROUP  M=SEG000.ASM ACBP=28
 0002:0074 0000 C=STUNTSC S=SEG016         G=DGROUP  M=SEG001.ASM ACBP=28
 0002:0074 0000 C=STUNTSC S=SEG016         G=DGROUP  M=SEG002.ASM ACBP=28
 0002:0074 0000 C=STUNTSC S=SEG016         G=DGROUP  M=SEG003.ASM ACBP=28
 0002:0074 0000 C=STUNTSC S=SEG016         G=DGROUP  M=SEG004.ASM ACBP=28
 0002:0074 0000 C=STUNTSC S=SEG016         G=DGROUP  M=SEG005.ASM ACBP=28
 0002:0074 0000 C=STUNTSC S=SEG016         G=DGROUP  M=SEG006.ASM ACBP=28
 0002:0074 0000 C=STUNTSC S=SEG016         G=DGROUP  M=SEG007.ASM ACBP=28
 0002:0074 0000 C=STUNTSC S=SEG016         G=DGROUP  M=SEG008.ASM ACBP=28
 0002:0074 0000 C=STUNTSC S=SEG016         G=DGROUP  M=SEG009.ASM ACBP=28
 0002:0074 0000 C=STUNTSC S=SEG016         G=DGROUP  M=SEG010.ASM ACBP=28
 0002:0074 0000 C=STUNTSC S=SEG016         G=DGROUP  M=SEG011.ASM ACBP=28
 0002:0074 0000 C=STUNTSC S=SEG016         G=DGROUP  M=SEG012.ASM ACBP=28
 0002:0074 0000 C=STUNTSC S=SEG016         G=DGROUP  M=SEG013.ASM ACBP=28
 0002:0074 0000 C=STUNTSC S=SEG016         G=DGROUP  M=SEG014.ASM ACBP=28
 0002:0074 0000 C=STUNTSC S=SEG016         G=DGROUP  M=SEG015.ASM ACBP=28
 0002:0074 00F9 C=STUNTSC S=SEG016         G=DGROUP  M=SEG016.ASM ACBP=28
 0002:0074 0000 C=STUNTSC S=SEG016         G=DGROUP  M=SEG017.ASM ACBP=28
 0002:0074 0000 C=STUNTSC S=SEG016         G=DGROUP  M=SEG018.ASM ACBP=28
 0002:0074 0000 C=STUNTSC S=SEG016         G=DGROUP  M=SEG019.ASM ACBP=28
 0002:0074 0000 C=STUNTSC S=SEG016         G=DGROUP  M=SEG020.ASM ACBP=28
 0002:0074 0000 C=STUNTSC S=SEG016         G=DGROUP  M=SEG021.ASM ACBP=28
 0002:0074 0000 C=STUNTSC S=SEG016         G=DGROUP  M=SEG022.ASM ACBP=28
 0002:0074 0000 C=STUNTSC S=SEG016         G=DGROUP  M=SEG023.ASM ACBP=28
 0002:0074 0000 C=STUNTSC S=SEG016         G=DGROUP  M=SEG024.ASM ACBP=28
 0002:0074 0000 C=STUNTSC S=SEG016         G=DGROUP  M=SEG025.ASM ACBP=28
 0002:0074 0000 C=STUNTSC S=SEG016         G=DGROUP  M=SEG026.ASM ACBP=28
 0002:0074 0000 C=STUNTSC S=SEG016         G=DGROUP  M=SEG027.ASM ACBP=28
 0002:0074 0000 C=STUNTSC S=SEG016         G=DGROUP  M=SEG028.ASM ACBP=28
 0002:0074 0000 C=STUNTSC S=SEG016         G=DGROUP  M=SEG029.ASM ACBP=28
 0002:0074 0000 C=STUNTSC S=SEG016         G=DGROUP  M=SEG030.ASM ACBP=28
 0002:0074 0000 C=STUNTSC S=SEG016         G=DGROUP  M=SEG031.ASM ACBP=28
 0002:0074 0000 C=STUNTSC S=SEG016         G=DGROUP  M=SEG032.ASM ACBP=28
 0002:0074 0000 C=STUNTSC S=SEG016         G=DGROUP  M=SEG033.ASM ACBP=28
 0002:0074 0000 C=STUNTSC S=SEG016         G=DGROUP  M=SEG034.ASM ACBP=28
 0002:0074 0000 C=STUNTSC S=SEG016         G=DGROUP  M=SEG035.ASM ACBP=28
 0002:0074 0000 C=STUNTSC S=SEG016         G=DGROUP  M=SEG036.ASM ACBP=28
 0002:0074 0000 C=STUNTSC S=SEG016         G=DGROUP  M=SEG037.ASM ACBP=28
 0002:0074 0000 C=STUNTSC S=SEG016         G=DGROUP  M=SEG038.ASM ACBP=28
 0002:0074 0000 C=STUNTSC S=SEG016         G=DGROUP  M=SEG039.ASM ACBP=28
 0002:0074 0000 C=STUNTSC S=SEG016         G=DGROUP  M=SEG041.ASM ACBP=28
 0002:0074 0000 C=STUNTSC S=SEG017         G=DGROUP  M=DSEG.ASM   ACBP=28
 0002:0074 0000 C=STUNTSC S=SEG017         G=DGROUP  M=SEG000.ASM ACBP=28
 0002:0074 0000 C=STUNTSC S=SEG017         G=DGROUP  M=SEG001.ASM ACBP=28
 0002:0074 0000 C=STUNTSC S=SEG017         G=DGROUP  M=SEG002.ASM ACBP=28
 0002:0074 0000 C=STUNTSC S=SEG017         G=DGROUP  M=SEG003.ASM ACBP=28
 0002:0074 0000 C=STUNTSC S=SEG017         G=DGROUP  M=SEG004.ASM ACBP=28
 0002:0074 0000 C=STUNTSC S=SEG017         G=DGROUP  M=SEG005.ASM ACBP=28
 0002:0074 0000 C=STUNTSC S=SEG017         G=DGROUP  M=SEG006.ASM ACBP=28
 0002:0074 0000 C=STUNTSC S=SEG017         G=DGROUP  M=SEG007.ASM ACBP=28
 0002:0074 0000 C=STUNTSC S=SEG017         G=DGROUP  M=SEG008.ASM ACBP=28
 0002:0074 0000 C=STUNTSC S=SEG017         G=DGROUP  M=SEG009.ASM ACBP=28
 0002:0074 0000 C=STUNTSC S=SEG017         G=DGROUP  M=SEG010.ASM ACBP=28
 0002:0074 0000 C=STUNTSC S=SEG017         G=DGROUP  M=SEG011.ASM ACBP=28
 0002:0074 0000 C=STUNTSC S=SEG017         G=DGROUP  M=SEG012.ASM ACBP=28
 0002:0074 0000 C=STUNTSC S=SEG017         G=DGROUP  M=SEG013.ASM ACBP=28
 0002:0074 0000 C=STUNTSC S=SEG017         G=DGROUP  M=SEG014.ASM ACBP=28
 0002:0074 0000 C=STUNTSC S=SEG017         G=DGROUP  M=SEG015.ASM ACBP=28
 0002:0074 0000 C=STUNTSC S=SEG017         G=DGROUP  M=SEG016.ASM ACBP=28
 0002:0074 0248 C=STUNTSC S=SEG017         G=DGROUP  M=SEG017.ASM ACBP=28
 0002:0074 0000 C=STUNTSC S=SEG017         G=DGROUP  M=SEG018.ASM ACBP=28
 0002:0074 0000 C=STUNTSC S=SEG017         G=DGROUP  M=SEG019.ASM ACBP=28
 0002:0074 0000 C=STUNTSC S=SEG017         G=DGROUP  M=SEG020.ASM ACBP=28
 0002:0074 0000 C=STUNTSC S=SEG017         G=DGROUP  M=SEG021.ASM ACBP=28
 0002:0074 0000 C=STUNTSC S=SEG017         G=DGROUP  M=SEG022.ASM ACBP=28
 0002:0074 0000 C=STUNTSC S=SEG017         G=DGROUP  M=SEG023.ASM ACBP=28
 0002:0074 0000 C=STUNTSC S=SEG017         G=DGROUP  M=SEG024.ASM ACBP=28
 0002:0074 0000 C=STUNTSC S=SEG017         G=DGROUP  M=SEG025.ASM ACBP=28
 0002:0074 0000 C=STUNTSC S=SEG017         G=DGROUP  M=SEG026.ASM ACBP=28
 0002:0074 0000 C=STUNTSC S=SEG017         G=DGROUP  M=SEG027.ASM ACBP=28
 0002:0074 0000 C=STUNTSC S=SEG017         G=DGROUP  M=SEG028.ASM ACBP=28
 0002:0074 0000 C=STUNTSC S=SEG017         G=DGROUP  M=SEG029.ASM ACBP=28
 0002:0074 0000 C=STUNTSC S=SEG017         G=DGROUP  M=SEG030.ASM ACBP=28
 0002:0074 0000 C=STUNTSC S=SEG017         G=DGROUP  M=SEG031.ASM ACBP=28
 0002:0074 0000 C=STUNTSC S=SEG017         G=DGROUP  M=SEG032.ASM ACBP=28
 0002:0074 0000 C=STUNTSC S=SEG017         G=DGROUP  M=SEG033.ASM ACBP=28
 0002:0074 0000 C=STUNTSC S=SEG017         G=DGROUP  M=SEG034.ASM ACBP=28
 0002:0074 0000 C=STUNTSC S=SEG017         G=DGROUP  M=SEG035.ASM ACBP=28
 0002:0074 0000 C=STUNTSC S=SEG017         G=DGROUP  M=SEG036.ASM ACBP=28
 0002:0074 0000 C=STUNTSC S=SEG017         G=DGROUP  M=SEG037.ASM ACBP=28
 0002:0074 0000 C=STUNTSC S=SEG017         G=DGROUP  M=SEG038.ASM ACBP=28
 0002:0074 0000 C=STUNTSC S=SEG017         G=DGROUP  M=SEG039.ASM ACBP=28
 0002:0074 0000 C=STUNTSC S=SEG017         G=DGROUP  M=SEG041.ASM ACBP=28
 0002:0074 0000 C=STUNTSC S=SEG018         G=DGROUP  M=DSEG.ASM   ACBP=28
 0002:0074 0000 C=STUNTSC S=SEG018         G=DGROUP  M=SEG000.ASM ACBP=28
 0002:0074 0000 C=STUNTSC S=SEG018         G=DGROUP  M=SEG001.ASM ACBP=28
 0002:0074 0000 C=STUNTSC S=SEG018         G=DGROUP  M=SEG002.ASM ACBP=28
 0002:0074 0000 C=STUNTSC S=SEG018         G=DGROUP  M=SEG003.ASM ACBP=28
 0002:0074 0000 C=STUNTSC S=SEG018         G=DGROUP  M=SEG004.ASM ACBP=28
 0002:0074 0000 C=STUNTSC S=SEG018         G=DGROUP  M=SEG005.ASM ACBP=28
 0002:0074 0000 C=STUNTSC S=SEG018         G=DGROUP  M=SEG006.ASM ACBP=28
 0002:0074 0000 C=STUNTSC S=SEG018         G=DGROUP  M=SEG007.ASM ACBP=28
 0002:0074 0000 C=STUNTSC S=SEG018         G=DGROUP  M=SEG008.ASM ACBP=28
 0002:0074 0000 C=STUNTSC S=SEG018         G=DGROUP  M=SEG009.ASM ACBP=28
 0002:0074 0000 C=STUNTSC S=SEG018         G=DGROUP  M=SEG010.ASM ACBP=28
 0002:0074 0000 C=STUNTSC S=SEG018         G=DGROUP  M=SEG011.ASM ACBP=28
 0002:0074 0000 C=STUNTSC S=SEG018         G=DGROUP  M=SEG012.ASM ACBP=28
 0002:0074 0000 C=STUNTSC S=SEG018         G=DGROUP  M=SEG013.ASM ACBP=28
 0002:0074 0000 C=STUNTSC S=SEG018         G=DGROUP  M=SEG014.ASM ACBP=28
 0002:0074 0000 C=STUNTSC S=SEG018         G=DGROUP  M=SEG015.ASM ACBP=28
 0002:0074 0000 C=STUNTSC S=SEG018         G=DGROUP  M=SEG016.ASM ACBP=28
 0002:0074 0000 C=STUNTSC S=SEG018         G=DGROUP  M=SEG017.ASM ACBP=28
 0002:0074 0024 C=STUNTSC S=SEG018         G=DGROUP  M=SEG018.ASM ACBP=28
 0002:0074 0000 C=STUNTSC S=SEG018         G=DGROUP  M=SEG019.ASM ACBP=28
 0002:0074 0000 C=STUNTSC S=SEG018         G=DGROUP  M=SEG020.ASM ACBP=28
 0002:0074 0000 C=STUNTSC S=SEG018         G=DGROUP  M=SEG021.ASM ACBP=28
 0002:0074 0000 C=STUNTSC S=SEG018         G=DGROUP  M=SEG022.ASM ACBP=28
 0002:0074 0000 C=STUNTSC S=SEG018         G=DGROUP  M=SEG023.ASM ACBP=28
 0002:0074 0000 C=STUNTSC S=SEG018         G=DGROUP  M=SEG024.ASM ACBP=28
 0002:0074 0000 C=STUNTSC S=SEG018         G=DGROUP  M=SEG025.ASM ACBP=28
 0002:0074 0000 C=STUNTSC S=SEG018         G=DGROUP  M=SEG026.ASM ACBP=28
 0002:0074 0000 C=STUNTSC S=SEG018         G=DGROUP  M=SEG027.ASM ACBP=28
 0002:0074 0000 C=STUNTSC S=SEG018         G=DGROUP  M=SEG028.ASM ACBP=28
 0002:0074 0000 C=STUNTSC S=SEG018         G=DGROUP  M=SEG029.ASM ACBP=28
 0002:0074 0000 C=STUNTSC S=SEG018         G=DGROUP  M=SEG030.ASM ACBP=28
 0002:0074 0000 C=STUNTSC S=SEG018         G=DGROUP  M=SEG031.ASM ACBP=28
 0002:0074 0000 C=STUNTSC S=SEG018         G=DGROUP  M=SEG032.ASM ACBP=28
 0002:0074 0000 C=STUNTSC S=SEG018         G=DGROUP  M=SEG033.ASM ACBP=28
 0002:0074 0000 C=STUNTSC S=SEG018         G=DGROUP  M=SEG034.ASM ACBP=28
 0002:0074 0000 C=STUNTSC S=SEG018         G=DGROUP  M=SEG035.ASM ACBP=28
 0002:0074 0000 C=STUNTSC S=SEG018         G=DGROUP  M=SEG036.ASM ACBP=28
 0002:0074 0000 C=STUNTSC S=SEG018         G=DGROUP  M=SEG037.ASM ACBP=28
 0002:0074 0000 C=STUNTSC S=SEG018         G=DGROUP  M=SEG038.ASM ACBP=28
 0002:0074 0000 C=STUNTSC S=SEG018         G=DGROUP  M=SEG039.ASM ACBP=28
 0002:0074 0000 C=STUNTSC S=SEG018         G=DGROUP  M=SEG041.ASM ACBP=28
 0002:0074 0000 C=STUNTSC S=SEG019         G=DGROUP  M=DSEG.ASM   ACBP=28
 0002:0074 0000 C=STUNTSC S=SEG019         G=DGROUP  M=SEG000.ASM ACBP=28
 0002:0074 0000 C=STUNTSC S=SEG019         G=DGROUP  M=SEG001.ASM ACBP=28
 0002:0074 0000 C=STUNTSC S=SEG019         G=DGROUP  M=SEG002.ASM ACBP=28
 0002:0074 0000 C=STUNTSC S=SEG019         G=DGROUP  M=SEG003.ASM ACBP=28
 0002:0074 0000 C=STUNTSC S=SEG019         G=DGROUP  M=SEG004.ASM ACBP=28
 0002:0074 0000 C=STUNTSC S=SEG019         G=DGROUP  M=SEG005.ASM ACBP=28
 0002:0074 0000 C=STUNTSC S=SEG019         G=DGROUP  M=SEG006.ASM ACBP=28
 0002:0074 0000 C=STUNTSC S=SEG019         G=DGROUP  M=SEG007.ASM ACBP=28
 0002:0074 0000 C=STUNTSC S=SEG019         G=DGROUP  M=SEG008.ASM ACBP=28
 0002:0074 0000 C=STUNTSC S=SEG019         G=DGROUP  M=SEG009.ASM ACBP=28
 0002:0074 0000 C=STUNTSC S=SEG019         G=DGROUP  M=SEG010.ASM ACBP=28
 0002:0074 0000 C=STUNTSC S=SEG019         G=DGROUP  M=SEG011.ASM ACBP=28
 0002:0074 0000 C=STUNTSC S=SEG019         G=DGROUP  M=SEG012.ASM ACBP=28
 0002:0074 0000 C=STUNTSC S=SEG019         G=DGROUP  M=SEG013.ASM ACBP=28
 0002:0074 0000 C=STUNTSC S=SEG019         G=DGROUP  M=SEG014.ASM ACBP=28
 0002:0074 0000 C=STUNTSC S=SEG019         G=DGROUP  M=SEG015.ASM ACBP=28
 0002:0074 0000 C=STUNTSC S=SEG019         G=DGROUP  M=SEG016.ASM ACBP=28
 0002:0074 0000 C=STUNTSC S=SEG019         G=DGROUP  M=SEG017.ASM ACBP=28
 0002:0074 0000 C=STUNTSC S=SEG019         G=DGROUP  M=SEG018.ASM ACBP=28
 0002:0074 00A7 C=STUNTSC S=SEG019         G=DGROUP  M=SEG019.ASM ACBP=28
 0002:0074 0000 C=STUNTSC S=SEG019         G=DGROUP  M=SEG020.ASM ACBP=28
 0002:0074 0000 C=STUNTSC S=SEG019         G=DGROUP  M=SEG021.ASM ACBP=28
 0002:0074 0000 C=STUNTSC S=SEG019         G=DGROUP  M=SEG022.ASM ACBP=28
 0002:0074 0000 C=STUNTSC S=SEG019         G=DGROUP  M=SEG023.ASM ACBP=28
 0002:0074 0000 C=STUNTSC S=SEG019         G=DGROUP  M=SEG024.ASM ACBP=28
 0002:0074 0000 C=STUNTSC S=SEG019         G=DGROUP  M=SEG025.ASM ACBP=28
 0002:0074 0000 C=STUNTSC S=SEG019         G=DGROUP  M=SEG026.ASM ACBP=28
 0002:0074 0000 C=STUNTSC S=SEG019         G=DGROUP  M=SEG027.ASM ACBP=28
 0002:0074 0000 C=STUNTSC S=SEG019         G=DGROUP  M=SEG028.ASM ACBP=28
 0002:0074 0000 C=STUNTSC S=SEG019         G=DGROUP  M=SEG029.ASM ACBP=28
 0002:0074 0000 C=STUNTSC S=SEG019         G=DGROUP  M=SEG030.ASM ACBP=28
[...]
 0002:50AE       WORD_407AA
 0002:50B0       UNK_407AC
 0002:50CE       DIALOG_FNT_COLOUR
 0002:50D0       WORD_407CC
 0002:50D2       WORD_407CE
 0002:50D4       WORD_407D0
 0002:50D6       WORD_407D2
 0002:50D8       WORD_407D4
 0002:50DA       WORD_407D6
 0002:50DC       WORD_407D8
 0002:50DE       WORD_407DA
 0002:50E0       WORD_407DC
 0002:50E2       WORD_407DE
 0002:50E4       WORD_407E0
 0002:50E6       WORD_407E2
 0002:50E8       WORD_407E4
 0002:50EA       WORD_407E6
 0002:50EC       WORD_407E8
 0002:50EE       WORD_407EA
 0002:50F0       WORD_407EC
 0002:50F2       WORD_407EE
 0002:50F4       WORD_407F0
 0002:50F6       WORD_407F2
 0002:50F8       WORD_407F4
 0002:50FA       WORD_407F6
 0002:50FC       WORD_407F8
 0002:50FE       WORD_407FA
 0002:5100       WORD_407FC
 0002:5102       WORD_407FE
 0002:5104       PERFORMGRAPHCOLOR
 0002:5106       DIALOGARG2
 0002:5108       MATERIAL_COLOR_LIST
 0002:510B       NOPSUB_33AC0
 0002:512F       NOPSUB_33AE4
 0002:514D       SHAPE2D_RENDER_BMP_AS_MASK
 0002:5168       LOC_33B1D
 0002:51E3       NOPSUB_33B98
 0002:5207       SPRITE_PUTIMAGE_AND_ALT
 0002:520A       MATERIAL_PATTERN_LIST
 0002:5225       SPRITE_PUTIMAGE
 0002:5240       LOC_33BF5
 0002:530C       MATERIAL_PATTERN2_LIST
 0002:5357       NOPSUB_33D0C
 0002:537B       SPRITE_SHAPE_TO_1
 0002:5399       SPRITE_SHAPE_TO_1_ALT
 0002:53B4       LOC_33D69
 0002:5409       NOPSUB_33DBE
 0002:540E       MATERIAL_CLRLIST_PTR
 0002:5410       MATERIAL_CLRLIST2_PTR
 0002:5412       MATERIAL_PATLIST_PTR
 0002:5414       MATERIAL_PATLIST2_PTR
 0002:5416       AUDIODRIVERSTRING
 0002:541B       ASDMAIN
 0002:5422       APAL
 0002:5427       ASMOU
 0002:542C       ASDMAIN_0
 0002:542D       SHAPE2D_OP_UNK5
 0002:5433       ASMOU_0
 0002:5438       AMMOU
 0002:5444       ACOPYRIGHTCUNLIMITEDSOFTWAREINC_198
 0002:544B       SHAPE2D_OP_UNK
 0002:5466       LOC_33E1B
 0002:5472       LOC_33E27
 0002:5490       AMCGAWINDOW
 0002:549C       AWINDOWDEFOUTOFROWTABLESPA
 0002:54C0       A_PVS_0
 0002:54C5       A_XVS_0
 0002:54CA       A_VSH
 0002:54CF       A_PES_0
 0002:54D4       A_ESH_0
 0002:54D9       SHAPEEXTEND
 0002:54DA       SHAPEEXTS
 0002:54DB       NOPSUB_33E90
 0002:54E6       PALMAP
 0002:54F6       A_PVS
 0002:54FB       AUNFLIP_0
 0002:54FF       SHAPE2D_OP_UNK2
 0002:5502       A_XVS
 0002:5507       A_PES
 0002:550C       AUNFLIP
 0002:5513       A_ESH
 0002:5518       AMGA
 0002:551D       SHAPE2D_OP_UNK3
 0002:5522       DWORD_40C1E
 0002:5526       DWORD_40C22
 0002:552A       DWORD_40C26
 0002:552E       _FLUSHALLPTR
 0002:5532       ANMSG
 0002:5538       LOC_33EED
 0002:553C       AR6000STACKOVER
 0002:563E       WORD_40D3A
 0002:5640       WORD_40D3C
 0002:5642       WORD_40D3E
 0002:5644       WORD_40D40
 0002:5646       END_HISCORE_RANDOM
 0002:5648       WORD_40D44
 0002:564A       MAT_UNK2
 0002:565C       MAT_PLANETMP
 0002:566E       BYTE_40D6A
 0002:5670       WORD_40D6C
 0002:5674       WORD_40D70
 0002:5678       WORD_40D74
 0002:567C       WORD_40D78
 0002:5680       STDARESPTR
 0002:5684       WHLSPRITE1
 0002:5688       STDBRESPTR
 0002:568C       DIGSHAPES
 0002:56AB       SPRITE_PUTIMAGE_OR_ALT
 0002:56B4       WHLSHAPES
 0002:56CF       SPRITE_PUTIMAGE_OR
 0002:56D8       GNOBSHAPES
 0002:56F0       WHLSPRITE2
 0002:56F4       BYTE_40DF0
 0002:56F6       WORD_40DF2
 0002:56FA       WORD_40DF6
 0002:56FE       BYTE_40DFA
 0002:5700       WHLSPRITE3
 0002:5704       WORD_40E00
 0002:5708       LOC_340BD
 0002:5708       WORD_40E04
 0002:570C       BYTE_40E08
 0002:570E       WORD_40E0A
 0002:5712       RPLYSHAPES
 0002:576E       BYTE_40E6A
 0002:5770       BYTE_40E6C
 0002:5771       BYTE_40E6D
 0002:5778       BYTE_40E74
 0002:577A       WORD_40E76
 0002:577E       BYTE_40E7A
 0002:5782       UNK_40E7E
 0002:5790       MAT_Y200
 0002:57A2       MAT_Y100
 0002:57B4       SELECT_RECT_RC
 0002:57BC       MAT_Y300
 0002:57CE       TRANSSHAPEPOLYINFO
 0002:57D2       WORD_40ECE
 0002:57D4       SELECT_RECT_PARAM
 0002:57D6       POLYINFOPTR
 0002:57DA       WORD_40ED6
 0002:585D       PUTPIXEL_ICONFILLINGS
 0002:5896       LOC_3424B
 0002:5941       SHAPE2D_OP_UNK4
 0002:595C       LOC_34311
 0002:59FB       SPRITE_PUTIMAGE_TRANSPARENT
 0002:5A34       LOC_343E9
 0002:5AFA       WORD_411F6
 0002:5AFC       POLYINFOPTRS
 0002:5B71       SUB_34526
 0002:5B8C       LOC_34541
 0002:5C07       SUB_345BC
 0002:5C30       LOC_345E5
 0002:5CEE       VIDEO_SET_PALETTE
 0002:5CF3       LOC_346A8
 0002:5D07       DRAW_FILLED_LINES
 0002:5D81       NOPSUB_34736
 0002:5DA5       SPRITE_CLEAR_SHAPE_ALT
 0002:5DC9       SPRITE_CLEAR_SHAPE
 0002:5DE4       LOC_34799
 0002:5E27       SHAPE_OP_EXPLOSION
 0002:5F8B       SPRITE1
 0002:5FA9       SPRITE2
 0002:5FC7       LINEOFFSETS
 0002:6142       MAT_Y0
 0002:6154       POLYINFOPTRNEXT
 0002:6156       TRANSSHAPENUMPAINTS
 0002:6157       FONT_SET_UNK
 0002:6158       POLYVERTPOINTPTRTAB
 0002:616E       TRANSSHAPEPRIMPTR
 0002:6172       TRANSSHAPEFLAGS
 0002:6174       TRANSSHAPEPRIMITIVES
 0002:6178       TRANSSHAPEPRIMINDEXPTR
 0002:617C       TRANSSHAPERECTPTR
 0002:617E       TRANSSHAPEMATERIAL
 0002:6180       TRANSSHAPENUMVERTS
 0002:6182       TRANSSHAPEVERTS
 0002:6186       TRANSPRIMITIVEPAINTJOB
 0002:6188       COS80
 0002:618C       SIN80
 0002:6190       COS80_2
 0002:6194       SIN80_2
 0002:61C7       SET_FONTDEFSEG
 0002:61E1       DRAW_PATTERNED_LINES
 0002:6257       SPRITE_MAKE_WND
 0002:632F       NEXT_WND_DEF
 0002:6331       WND_DEFS
 0002:63D8       AUDIOTIMERS
 0002:6898       INIT_CARSTATE_FROM_SIMD
 0002:6B02       INIT_GAME_STATE
 0002:6B44       WORD_42240
 0002:6B46       WORD_42242
 0002:6B48       WORD_42244
 0002:6B4A       BYTE_42246
 0002:6B4C       WORD_42248
 0002:6B4E       WORD_4224A
 0002:6B50       WORD_4224C
 0002:6B52       WORD_4224E
 0002:6B54       WORD_42250
 0002:6B56       WORD_42252
 0002:6B58       WORD_42254
 0002:6B5A       WORD_42256
 0002:6B5C       TRACKSMENUSHAPE2DUNK
 0002:6E44       PBOXSHAPE
 0002:6E48       TRACKSMENUSHAPE2DUNK2
 0002:6F3A       RESTORE_GAMESTATE
 0002:7008       UPDATE_GAMESTATE
 0002:7130       TRACKSMENUSHAPES2
 0002:7140       TRACKSMENUSHAPES1
 0002:7141       SPRITE_SET_1_FROM_ARGPTR
 0002:715F       SPRITE_COPY_2_TO_1
 0002:7171       PUTPIXEL_SINGLE_MAYBE
 0002:718C       TRACKSMENUSHAPES3
 0002:719C       WORD_42898
 0002:719E       OFF_4289A
 0002:71A0       WORD_4289C
 0002:71A2       WORD_4289E
 0002:71A4       WORD_428A0
 0002:71A6       WORD_428A2
 0002:71A8       WORD_428A4
 0002:71AA       WORD_428A6
 0002:71AC       WORD_428A8
 0002:71AE       WORD_428AA
 0002:71B0       WORD_428AC
 0002:71B2       WORD_428AE
 0002:71B4       WORD_428B0
 0002:71B6       WORD_428B2
 0002:71B8       WORD_428B4
 0002:71BA       OFF_428B6
 0002:71BC       WORD_428B8
 0002:71BE       WORD_428BA
 0002:71C0       WORD_428BC
 0002:71C1       SUB_35B76
 0002:71C2       BYTE_428BE
 0002:71DA       BYTE_428D6
 0002:71E8       PLAYER_OP
 0002:7299       SUB_35C4E
 0002:72F6       WORD_429F2
 0002:72F8       WORD_429F4
 0002:7306       BYTE_42A02
 0002:7307       BYTE_42A03
 0002:7308       WORD_42A04
 0002:730A       WORD_42A06
 0002:730C       BYTE_42A08
 0002:730E       WORD_42A0A
 0002:7310       WORD_42A0C
 0002:7312       BYTE_42A0E
 0002:7313       INCNUMS
 0002:7314       WORD_42A10
 0002:7316       WORD_42A12
 0002:731A       WORD_42A16
 0002:731C       WORD_42A18
 0002:731E       WORD_42A1A
 0002:7320       WORD_42A1C
 0002:7322       OFF_42A1E
 0002:7324       WORD_42A20
 0002:7326       WORD_42A22
 0002:7328       UNK_42A24
 0002:7334       TD10_TRACK_CHECK_REL
 0002:7338       BASDRES
 0002:733C       FOLLOWOPPONENTFLAG_COPY
 0002:733E       CURRENTTRANSSHAPE
 0002:7413       SUB_35DC8
 0002:7431       SUB_35DE6
 0002:7453       SUB_35E08
 0002:7524       LOC_35ED9
 0002:7582       TERRAINCENTERPOS
 0002:7593       FILE_LOAD_SHAPE2D_PALMAP_APPLY
 0002:75BE       CARSHAPEVEC
 0002:75C4       CARSHAPEVEC2
 0002:75CA       TRACKPOS2
 0002:75ED       FILE_LOAD_SHAPE2D_EXPAND
 0002:7606       ELAPSED_TIME2
 0002:7608       OPPCARSHAPEVEC
 0002:760E       OPPCARSHAPEVEC2
 0002:7614       SPRITE_PTRS
 0002:7624       WALLSTARTX
 0002:7626       TD01_TRACK_FILE_CPY
 0002:762A       BYTE_42D26
 0002:762C       RUN_GAME_RANDOM
 0002:762E       BYTE_42D2A
 0002:7630       WALLSTARTZ
 0002:7632       AUDIO_FILETEMP
 0002:76B2       AUDIODRIVERSTRING2
 0002:76C0       GAME3DSHAPES
 0002:7741       FILE_UNFLIP_SHAPE2D_PES
 0002:7816       DETECT_PENALTY
 0002:7A78       UPDATE_CAR_SPEED
 0002:7FD6       UPDATE_GRIP
 0002:81EC       TD02_PENALTY_RELATED
 0002:81F0       TRACKPOS
 0002:822C       CHHTRES
 0002:8230       BYTE_4392C
 0002:8232       MCGAWNDSPRITE
 0002:8236       SKYBOX_CURRENT
 0002:8238       RECT_WINDSHIELD
 0002:8240       BYTE_4393C
 0002:8241       BYTE_4393D
 0002:8242       SNARRES
 0002:8246       TRACKDATA3
 0002:824E       TOMMRES
 0002:8252       WORD_4394E
 0002:8254       DASHB_TOGGLE
 0002:8256       MAT_Z_ROT
 0002:8268       WORD_43964
 0002:826A       BYTE_43966
 0002:826B       GSNA_STRING
 0002:8270       AUDIOCHUNKS_UNK
 0002:8438       BYTE_43B34
 0002:8466       CAR_CAR_SPEED_ADJUST_MAYBE
 0002:85F6       CARSTATE_RC_OP
 0002:8730       AUDIOCHUNKS_UNK2
 0002:87B2       UPD_STATEF20_FROM_STEER_INPUT
 0002:88A4       AUDIO_CARSTATE
 0002:8990       WORD_4408C
 0002:8B92       WALLINDEX
 0002:8B94       BYTE_44290
 0002:8B96       BYTE_44292
 0002:8BD6       MAT_UNK
 0002:8BE8       BYTE_442E4
 0002:8BEA       POLYINFONUMPOLYS
 0002:8BEC       MOUSE_BUTSTATE
 0002:8BEE       BYTE_442EA
 0002:8C2E       BYTE_4432A
 0002:8C30       CRSHRES
 0002:8C34       LOGOSHAPE
 0002:8C4A       BYTE_44346
 0002:8C4C       GSTATE_TRAVDIST
 0002:8C50       GSTATE_FRAME
 0002:8C52       GSTATE_TOTAL_FINISH_TIME
 0002:8C54       GSTATE_144
 0002:8C56       GSTATE_PENDFRAME
 0002:8C58       GSTATE_OENDFRAME
 0002:8C5A       GSTATE_PENALTY
 0002:8C5C       GSTATE_IMPACTSPEED
 0002:8C5E       GSTATE_TOPSPEED
 0002:8C60       GSTATE_JUMPCOUNT
 0002:8C62       PSTATE_MINUSROTATE_Y_1
 0002:8C64       SONGFILEPTR
 0002:8C68       MMOUSPRITEPTR
 0002:8C6C       OHHTRES
 0002:8C70       LOGO2SHAPE
 0002:8C86       WAITFLAG
 0002:8C88       GNAM_STRING
 0002:8CB0       TERRAINROWS
 0002:8CD8       AUDIO_UNK3
 0002:8CEC       WORD_443E8
 0002:8CF6       WORD_443F2
 0002:8CF8       WORD_443F4
 0002:8CFA       TD20_TRK_FILE_APPND
 0002:8CFE       CARSHAPEVECS
 0002:8D06       SUB_18D06
 0002:8D22       CARSHAPEVECS2
 0002:8D46       CARSHAPEVECS3
 0002:8D60       SUB_18D60
 0002:8D6A       CARSHAPEVECS4
 0002:8D8E       WORD_4448A
 0002:8D98       STATE
 0002:9074       CAR_CAR_COLL_DETECT_MAYBE
 0002:91F8       OPPCARSHAPEVECS
 0002:921C       OPPCARSHAPEVECS2
 0002:9240       OPPCARSHAPEVECS3
 0002:9264       OPPCARSHAPEVECS4
 0002:9288       TIMERTESTFLAG_COPY
 0002:928A       PSTATE_MINUSROTATE_X_1
 0002:928C       ELRDWALLRELATED
 0002:928E       REGS_X86
 0002:929C       PSTATE_MINUSROTATE_Z_1
 0002:929E       STARTCOL2
 0002:929F       HILLFLAG
 0002:92A0       WORD_4499C
 0002:92A2       STARTROW2
 0002:92A3       SHOW_PENALTY_COUNTER
 0002:92A4       GAMERESPTR
 0002:92A8       GAMECONFIG
 0002:92C2       PSTATE_LVEC1_X
 0002:92C6       SMOUSPRITEPTR
 0002:92CA       PSTATE_LVEC1_Y
 0002:92CE       PSTATE_LVEC1_Z
 0002:92D2       BYTE_449CE
 0002:92D4       FRAMESPERSEC
 0002:92D8       TD17_TRK_ELEM_ORDERED
 0002:92DC       BYTE_449D8
 0002:92DE       BYTE_449DA
 0002:92E0       TRACKDATA9
 0002:92E4       ELEM_XCENTER
 0002:92E6       BYTE_449E2
 0002:92E8       WORD_449E4
 0002:92EA       BYTE_449E6
 0002:92EC       STEERWHLRESPTABLE_PTR
 0002:92EE       WORD_449EA
 0002:92F0       TERRAINHEIGHT
 0002:92F2       TRACKDATA12
 0002:92F6       IDLE_COUNTER
 0002:92F8       TRANSSHAPENUMVERTSCOPY
 0002:92FA       ELEM_ZCENTER
 0002:92FC       CURSHAPEPTR
 0002:9300       WORD_449FC
 0002:9302       WORD_449FE
 0002:9304       OPP_RES
 0002:9308       RECT_UNK
 0002:9310       RECT_UNK2
 0002:9318       RECT_UNK6
 0002:9320       RECT_UNK12
 0002:9328       RECT_UNK15
 0002:9330       RECT_SKYBOX
 0002:9338       RECT_UNK11
 0002:9340       RECT_UNK9
 0002:9380       VOICEFILEPTR
 0002:938C       SKYBOX_GRD_COLOR
 0002:938E       BYTE_44A8A
 0002:9390       WALLHEIGHT
 0002:9392       TERRAINPOS
 0002:93CE       BYTE_44ACA
 0002:93E0       INIT_PLANTRAK
 0002:93E6       IDLE_EXPIRED
 0002:93E8       VIDEO_FLAG1_IS1
 0002:95E0       DO_OPPONENT_OP
 0002:95E6       UPDATE_CRASH_STATE
 0002:95EA       TD11_HIGHSCORES
 0002:95EE       TIMERTESTFLAG
 0002:95F0       MAINRESPTR
 0002:95F4       BRAVSHAPE
 0002:960A       BYTE_44D06
 0002:9622       WORD_44D1E
 0002:9624       WORD_44D20
 0002:9626       FONTNPTR
 0002:962A       WNDSPRITE
 0002:962E       MAT_Y_ROT
 0002:9640       WORD_44D3C
 0002:9642       TD04_AEROTABLE_PL
 0002:9646       TD14_ELEM_MAP_MAIN
 0002:964A       CORKFLAG
 0002:964B       CURRENT_SURF_TYPE
 0002:964C       WORD_44D48
 0002:964E       TD05_AEROTABLE_OP
 0002:9652       FRAMESPERSEC2
 0002:9654       OPPNENTSPED
 0002:9664       METER_NEEDLE_COLOR
 0002:9666       WORD_44D62
 0002:9668       CURRENT_PLANPTR
 0002:966C       G_PATH_BUF
 0002:96CA       PLANINDEX
 0002:96CC       VIDEO_FLAG2_IS1
 0002:96CE       WORD_44DCA
 0002:96D0       WORD_44DCC
 0002:96D2       RECT_ARRAY_UNK3
 0002:9794       PLANE_ROTATE_OP
 0002:983A       VEC_UNK2
 0002:9840       VEC_PLANEROTOPRESULT
 0002:9846       PSTATE_MINUSROTATE_Z_2
 0002:9848       PSTATE_MINUSROTATE_X_2
 0002:984A       PSTATE_MINUSROTATE_Y_2
 0002:984C       PSTATE_F36MMINF40SAR2
 0002:984E       PLANINDEX_COPY
 0002:9850       UNK_44F4C
 0002:9926       PLANE_ORIGIN_OP
 0002:99B2       VEC_NORMALINNERPRODUCT
 0002:9A2C       STATE_OP_UNK
 0002:9BA0       SUB_19BA0
 0002:9CA2       SETUP_AERO_TRACKDATA
 0002:9DA0       DASTBMP_Y2
 0002:9DA2       DASTSEG
 0002:9DA4       DASMSHAPEPTR
 0002:9DA8       BYTE_454A4
 0002:9DAA       ENG1PTR
 0002:9DAE       CARRESPTR
 0002:9DB2       DASHBMP_Y_COPY
 0002:9DB4       CAR2RESPTR
 0002:9DB8       TRACKDATA7
 0002:9DBC       IS_IN_REPLAY
 0002:9DBE       WORD_454BA
 0002:9DC0       TD15_TERR_MAP_MAIN
 0002:9DC4       KBJOYFLAGS
 0002:9DC6       UPDATE_RPM_FROM_SPEED
 0002:9DC6       PLANPTR
 0002:9DCA       FONTDEFPTR
 0002:9DCE       RIDERES
 0002:9DD2       WORD_454CE
 0002:9DD4       TRACKDATA6
 0002:9DD8       VIDEO_FLAG3_ISFFFF
 0002:9DDA       TRACKDATA18
 0002:9DDE       TRANSFORMEDSHAPE_ZARRAY
 0002:9DE8       NOPSUB_19DE8
 0002:9DFF       NOPSUB_19DFF
 0002:9E09       NOPSUB_19E09
 0002:9E13       NOPSUB_19E13
 0002:9E18       BACKLIGHTS_PAINT_OVERRIDE
 0002:9E1A       TRACK_ANGLE
 0002:9E1C       SKYBOX_PTR1
 0002:9E1E       SKYBOX_PTR2
 0002:9E20       SKYBOX_PTR3
 0002:9E21       INIT_KEVINRANDOM
 0002:9E22       SKYBOX_PTR4
 0002:9E24       RECT_ARRAY_UNK_INDICES
 0002:9E33       BYTE_4552F
 0002:9E34       GAMECONFIGCOPY
 0002:9E4E       GET_KEVINRANDOM_SEED
 0002:9E4E       WORD_4554A
 0002:9E50       RECT_ARRAY_UNK
 0002:9E7B       GET_KEVINRANDOM
 0002:9EC9       INTR0_HANDLER
 0002:9ECC       MOUSEUNKSPRITEPTR
 0002:9ED0       MISCPTR
 0002:9ED4       SKYBOX_SKY_COLOR
 0002:9ED6       REPLAYBAR_TOGGLE_COPY
 0002:9ED8       RECT_ARRAY_UNK3_INDICES
 0002:9EE8       INIT_DIV0
 0002:9F07       BYTE_19F07
 0002:9F14       SUB_19F14
 0002:9F32       TD16_RPL_BUFFER
 0002:9F36       MATERIAL_CLRLIST_PTR_CPY
 0002:9F38       IS_IN_REPLAY_COPY
 0002:9F39       BYTE_45635
 0002:9F3A       SDGAME2_WIDTHS
 0002:9F40       TD21_COL_FROM_PATH
 0002:9F44       SIMD_OPPONENT
 0002:A096       INIT_RECT_ARRAYS
 0002:A0F4       UPDATE_FRAME
 0002:A24C       BYTE_45948
 0002:A24E       G_KEVINRANDOM_SEED
 0002:A254       BYTE_45950
 0002:A256       RECT_UNK3
 0002:A25E       RECT_ARRAY_UNK2
 0002:A2D6       BYTE_459D2
 0002:A2D8       HEIGHT_ABOVE_REPLAYBAR
 0002:A2DA       MATERIAL_CLRLIST2_PTR_CPY
 0002:A2DC       BYTE_459D8
 0002:A2DE       TD22_ROW_FROM_PATH
 0002:A2E4       BYTE_459E0
 0002:A2F5       VIDEO_FLAG6_IS1
 0002:A2F6       FONTDEF_UNK_0E
 0002:A2F8       FONTLEDRESPTR
 0002:A300       SOMEZEROVIDEOCONST
 0002:A302       NEXTPOSANDNORMALIP
 0002:A304       WORD_45A00
 0002:A306       TRANSFORMEDSHAPE_ARG2ARRAY
 0002:A324       CVXPTR
 0002:A328       ELAPSED_TIME1
 0002:A32A       UNK_45A26
 0002:A60A       WORD_45D06
 0002:A60C       SDGAMERESPTR
 0002:A610       BYTE_45D0C
 0002:A618       BYTE_45D14
 0002:A620       WORD_45D1C
 0002:A622       MATERIAL_PATLIST_PTR_CPY
 0002:A626       OPPRESOURCES
 0002:A642       WORD_45D3E
 0002:A644       TRACKROWS
 0002:A680       WORD_45D7C
 0002:A682       TRANSFORMEDSHAPE_COUNTER
 0002:A684       SKYBOXES
 0002:A694       BYTE_45D90
 0002:A696       MATERIAL_PATLIST2_PTR_CPY
 0002:A698       WORD_45D94
 0002:A69A       WALLORIENTATION
 0002:A69C       WORD_45D98
 0002:A69E       BYTE_45D9A
 0002:A6B6       GAME_REPLAY_MODE
 0002:A6B8       TD08_DIRECTION_RELATED
 0002:A6BC       ROOFBMPHEIGHT_COPY
 0002:A6BE       DASHBMP_Y
 0002:A6C0       SDGAME2SHAPES
 0002:A6D4       TRACK_PIECES_COUNTER
 0002:A6D6       TRACKCENTERPOS2
 0002:A712       ENGPTR
 0002:A716       TEMPDATAPTR
 0002:A71A       BYTE_45E16
 0002:A71E       PASSED_SECURITY
 0002:A720       TRANSFORMEDSHAPE_INDICES
 0002:A75A       TRACKDATA19
 0002:A75E       SIMD_PLAYER
 0002:AA66       TD13_RPL_HEADER
 0002:AA6A       RECT_ARRAY_UNK3_LENGTH
 0002:AA6B       BYTE_46167
 0002:AA6C       SKYBOX_RES_OFS
 0002:AA6E       SKYBOX_RES_SEG
 0002:AA70       MOUSE_XPOS
 0002:AA72       BYTE_4616E
 0002:AA73       REPLAYBAR_TOGGLE
 0002:AA74       WORD_46170
 0002:AA76       WORD_46172
 0002:AA82       RECT_INGAME_TEXT
 0002:AA8A       TRACKCENTERPOS
 0002:AAC6       DASTBMP_Y
 0002:AAC8       GAME1PTR
 0002:AACC       GAME_REPLAY_MODE_COPY
 0002:AACE       PENALTY_TIME
 0002:AAD0       ROOFBMPHEIGHT
 0002:AAD2       MOUSE_YPOS
 0002:AAD4       VIDEO_FLAG4_IS1
 0002:AAFE       UNK_461FA
 0002:ACD6       GAME2PTR
 0002:ACDA       WORD_463D6
 0002:ACDC       SDGAME2PTR
 0002:ACE0       TRACKDATA23
 0002:ACE4       FOLLOWOPPONENTFLAG
 0002:ACE6       SKYBOX_WAT_COLOR
 0002:ACE8       RESID_BYTE1
 0002:ACE9       RESID_BYTE2
 0002:ACEA       RESID_BYTE3
 0002:ACEB       RESID_BYTE4
 0002:ACEE       UNK_463EA
 0002:AD38       CURTRANSSHAPE_PTR
 0002:AD3A       VIDEO_FLAG5_IS0
 0002:AD3C       MAT_ROT_TEMP
 0002:AD4E       DASHB_TOGGLE_COPY
 0002:AD50       MAT_TEMP
 0002:AD62       TEXTRESPREFIX
 0002:AD64       WALLPTR
 0002:AD68       UNK_46464
 0002:AD6B       BYTE_46467
 0002:AD6C       WORD_46468
 0002:AD6E       WORD_4646A
 0002:AD76       MAT_X_ROT
 0002:AD88       REPLAYBAR_ENABLED
 0002:AD8A       WORD_46486
 0002:C302       SKYBOX_OP_HELPER2
 0002:C474       SKYBOX_OP
 0002:CB80       TRANSFORMED_SHAPE_ADD_FOR_SORT
 0002:CBDC       DRAW_TRACK_PREVIEW
 0002:D12E       DRAW_INGAME_TEXT
 0002:D534       DO_SINKING
 0002:D5B4       INIT_CRAK
 0002:D7A2       LOAD_SKYBOX
 0002:D8B4       UNLOAD_SKYBOX
 0002:D8D2       LOAD_SDGAME2_SHAPES
 0002:D92A       FREE_SDGAME2
 0002:D93C       SETUP_INTRO
 0002:DEA6       INTRO_OP
 0002:E1A0       BUILD_TRACK_OBJECT
 0002:F87E       OFF_1F87E
 0002:FAE4       BTO_AUXILIARY1
 0002:FE94       SHAPE3D_LOAD_ALL
 0002:FF5E       SHAPE3D_FREE_ALL
 0002:FF92       SHAPE3D_LOAD_CAR_SHAPES


