
 Start  Stop   Length Name               Class

 00000H 00000H 00000H SEG000             STUNTSC
 00000H 04711H 04712H SEG000             STUNTSC
 04712H 09DC4H 056B3H SEG001             STUNTSC
 09DC5H 09F11H 0014DH SEG002             STUNTSC
 09F12H 0E19FH 0428EH SEG003             STUNTSC
 0E1A0H 11B78H 039D9H SEG004             STUNTSC
 11B79H 14D63H 031EBH SEG005             STUNTSC
 14D64H 16BACH 01E49H SEG006             STUNTSC
 16BADH 174AFH 00903H SEG007             STUNTSC
 174B0H 1A2BBH 02E0CH SEG008             STUNTSC
 1A2BCH 1CC51H 02996H SEG009             STUNTSC
 1CC52H 1EA06H 01DB5H SEG010             STUNTSC
 1EA07H 1EA28H 00022H SEG011             STUNTSC
 1EA29H 261BBH 07793H SEG012             STUNTSC
 261BCH 26244H 00089H SEG013             STUNTSC
 26245H 26411H 001CDH SEG014             STUNTSC
 26412H 267B0H 0039FH SEG015             STUNTSC
 267B1H 268A9H 000F9H SEG016             STUNTSC
 268AAH 26AF1H 00248H SEG017             STUNTSC
 26AF2H 26B15H 00024H SEG018             STUNTSC
 26B16H 26BBCH 000A7H SEG019             STUNTSC
 26BBDH 26BE7H 0002BH SEG020             STUNTSC
 26BE8H 26C7DH 00096H SEG021             STUNTSC
 26C7EH 26EBFH 00242H SEG022             STUNTSC
 26EC0H 26F28H 00069H SEG023             STUNTSC
 26F29H 2702CH 00104H SEG024             STUNTSC
 2702DH 270B9H 0008DH SEG025             STUNTSC
 270BAH 270D1H 00018H SEG026             STUNTSC
 270D2H 2863BH 0156AH SEG027             STUNTSC
 2863CH 29AD0H 01495H SEG028             STUNTSC
 29AD1H 29CC9H 001F9H SEG029             STUNTSC
 29CCAH 29E13H 0014AH SEG030             STUNTSC
 29E14H 2A4B4H 006A1H SEG031             STUNTSC
 2A4B5H 2A957H 004A3H SEG032             STUNTSC
 2A958H 2A9D4H 0007DH SEG033             STUNTSC
 2A9D5H 2ACD6H 00302H SEG034             STUNTSC
 2ACD7H 2B0B9H 003E3H SEG035             STUNTSC
 2B0BAH 2B129H 00070H SEG036             STUNTSC
 2B12AH 2B1BFH 00096H SEG037             STUNTSC
 2B1C0H 2B1C0H 00000H SEG038             STUNTSD
 2B1C0H 2B1EFH 00030H SEG038             STUNTSD
 2B1F0H 2B1F0H 00000H DSEG               STUNTSD
 2B1F0H 35F0FH 0AD20H DSEG               STUNTSD
 35F10H 3648FH 00580H SEG039             STUNTSD
 36490H 36490H 00000H SEG041             STACK
 36490H 36490H 00000H SEG041             STACK
 36490H 383CFH 01F40H STACK              STACK
 383D0H 383D0H 00000H _DATA              DATA
 383D0H 383D0H 00000H _DATA              DATA
 383D0H 383D0H 00000H _BSS               BSS
 383D0H 383D0H 00000H _BSS               BSS
 383D0H 383D0H 00000H SEG000_TEXT        CODE
 383D0H 383D0H 00000H SEG000_TEXT        CODE
 383D0H 383D0H 00000H _TEXT              CODE
 383D0H 383D0H 00000H SEG001_TEXT        CODE
 383D0H 383D0H 00000H SEG002_TEXT        CODE
 383D0H 383D0H 00000H SEG003_TEXT        CODE
 383D0H 383D0H 00000H SEG004_TEXT        CODE
 383D0H 383D0H 00000H SEG005_TEXT        CODE
 383D0H 383D0H 00000H SEG006_TEXT        CODE
 383D0H 383D0H 00000H SEG007_TEXT        CODE
 383D0H 383D0H 00000H SEG008_TEXT        CODE
 383D0H 383D0H 00000H SEG009_TEXT        CODE
 383D0H 383D0H 00000H SEG010_TEXT        CODE
 383D0H 383D0H 00000H SEG011_TEXT        CODE
 383D0H 383D0H 00000H SEG012_TEXT        CODE
 383D0H 383D0H 00000H SEG013_TEXT        CODE
 383D0H 383D0H 00000H SEG014_TEXT        CODE
 383D0H 383D0H 00000H SEG015_TEXT        CODE
 383D0H 383D0H 00000H SEG016_TEXT        CODE
 383D0H 383D0H 00000H SEG017_TEXT        CODE
 383D0H 383D0H 00000H SEG018_TEXT        CODE
 383D0H 383D0H 00000H SEG019_TEXT        CODE
 383D0H 383D0H 00000H SEG020_TEXT        CODE
 383D0H 383D0H 00000H SEG021_TEXT        CODE
 383D0H 383D0H 00000H SEG022_TEXT        CODE
 383D0H 383D0H 00000H SEG023_TEXT        CODE
 383D0H 383D0H 00000H SEG024_TEXT        CODE
 383D0H 383D0H 00000H SEG025_TEXT        CODE
 383D0H 383D0H 00000H SEG026_TEXT        CODE
 383D0H 383D0H 00000H SEG027_TEXT        CODE
 383D0H 383D0H 00000H SEG028_TEXT        CODE
 383D0H 383D0H 00000H SEG029_TEXT        CODE
 383D0H 383D0H 00000H SEG030_TEXT        CODE
 383D0H 383D0H 00000H SEG031_TEXT        CODE
 383D0H 383D0H 00000H SEG032_TEXT        CODE
 383D0H 383D0H 00000H SEG033_TEXT        CODE
 383D0H 383D0H 00000H SEG034_TEXT        CODE
 383D0H 383D0H 00000H SEG035_TEXT        CODE
 383D0H 383D0H 00000H SEG036_TEXT        CODE
 383D0H 383D0H 00000H SEG037_TEXT        CODE
 383D0H 383D0H 00000H SEG038_TEXT        CODE
 383D0H 383D0H 00000H SEG039_TEXT        CODE
 383D0H 383D0H 00000H DSEG_TEXT          CODE
 383D0H 383D0H 00000H SEG041_TEXT        CODE
 383D0H 383E2H 00013H MAIN_TEXT          CODE
 383E3H 383E3H 00000H ENDSEG             ENDSEG
 383E3H 383E3H 00000H ENDSEG             ENDSEG


Detailed map of segments

 0000:0000 0000 C=STUNTSC S=SEG000         G=(none)  M=SEGMENTS.ASM ACBP=20
 0000:0000 4712 C=STUNTSC S=SEG000         G=(none)  M=SEG000.ASM ACBP=28
 0000:4712 0000 C=STUNTSC S=SEG000         G=(none)  M=SEG001.ASM ACBP=28
 0000:4712 0000 C=STUNTSC S=SEG000         G=(none)  M=SEG002.ASM ACBP=28
 0000:4712 0000 C=STUNTSC S=SEG000         G=(none)  M=SEG003.ASM ACBP=28
 0000:4712 0000 C=STUNTSC S=SEG000         G=(none)  M=SEG004.ASM ACBP=28
 0000:4712 0000 C=STUNTSC S=SEG000         G=(none)  M=SEG005.ASM ACBP=28
 0000:4712 0000 C=STUNTSC S=SEG000         G=(none)  M=SEG006.ASM ACBP=28
 0000:4712 0000 C=STUNTSC S=SEG000         G=(none)  M=SEG007.ASM ACBP=28
 0000:4712 0000 C=STUNTSC S=SEG000         G=(none)  M=SEG008.ASM ACBP=28
 0000:4712 0000 C=STUNTSC S=SEG000         G=(none)  M=SEG009.ASM ACBP=28
 0000:4712 0000 C=STUNTSC S=SEG000         G=(none)  M=SEG010.ASM ACBP=28
 0000:4712 0000 C=STUNTSC S=SEG000         G=(none)  M=SEG011.ASM ACBP=28
 0000:4712 0000 C=STUNTSC S=SEG000         G=(none)  M=SEG012.ASM ACBP=28
 0000:4712 0000 C=STUNTSC S=SEG000         G=(none)  M=SEG013.ASM ACBP=28
 0000:4712 0000 C=STUNTSC S=SEG000         G=(none)  M=SEG014.ASM ACBP=28
 0000:4712 0000 C=STUNTSC S=SEG000         G=(none)  M=SEG015.ASM ACBP=28
 0000:4712 0000 C=STUNTSC S=SEG000         G=(none)  M=SEG016.ASM ACBP=28
 0000:4712 0000 C=STUNTSC S=SEG000         G=(none)  M=SEG017.ASM ACBP=28
 0000:4712 0000 C=STUNTSC S=SEG000         G=(none)  M=SEG018.ASM ACBP=28
 0000:4712 0000 C=STUNTSC S=SEG000         G=(none)  M=SEG019.ASM ACBP=28
 0000:4712 0000 C=STUNTSC S=SEG000         G=(none)  M=SEG020.ASM ACBP=28
 0000:4712 0000 C=STUNTSC S=SEG000         G=(none)  M=SEG021.ASM ACBP=28
 0000:4712 0000 C=STUNTSC S=SEG000         G=(none)  M=SEG022.ASM ACBP=28
 0000:4712 0000 C=STUNTSC S=SEG000         G=(none)  M=SEG023.ASM ACBP=28
 0000:4712 0000 C=STUNTSC S=SEG000         G=(none)  M=SEG024.ASM ACBP=28
 0000:4712 0000 C=STUNTSC S=SEG000         G=(none)  M=SEG025.ASM ACBP=28
 0000:4712 0000 C=STUNTSC S=SEG000         G=(none)  M=SEG026.ASM ACBP=28
 0000:4712 0000 C=STUNTSC S=SEG000         G=(none)  M=SEG027.ASM ACBP=28
 0000:4712 0000 C=STUNTSC S=SEG000         G=(none)  M=SEG028.ASM ACBP=28
 0000:4712 0000 C=STUNTSC S=SEG000         G=(none)  M=SEG029.ASM ACBP=28
 0000:4712 0000 C=STUNTSC S=SEG000         G=(none)  M=SEG030.ASM ACBP=28
 0000:4712 0000 C=STUNTSC S=SEG000         G=(none)  M=SEG031.ASM ACBP=28
 0000:4712 0000 C=STUNTSC S=SEG000         G=(none)  M=SEG032.ASM ACBP=28
 0000:4712 0000 C=STUNTSC S=SEG000         G=(none)  M=SEG033.ASM ACBP=28
 0000:4712 0000 C=STUNTSC S=SEG000         G=(none)  M=SEG034.ASM ACBP=28
 0000:4712 0000 C=STUNTSC S=SEG000         G=(none)  M=SEG035.ASM ACBP=28
 0000:4712 0000 C=STUNTSC S=SEG000         G=(none)  M=SEG036.ASM ACBP=28
 0000:4712 0000 C=STUNTSC S=SEG000         G=(none)  M=SEG037.ASM ACBP=28
 0000:4712 0000 C=STUNTSC S=SEG000         G=(none)  M=SEG038.ASM ACBP=28
 0000:4712 0000 C=STUNTSC S=SEG000         G=(none)  M=SEG039.ASM ACBP=28
 0000:4712 0000 C=STUNTSC S=SEG000         G=(none)  M=DSEG.ASM   ACBP=28
 0000:4712 0000 C=STUNTSC S=SEG000         G=(none)  M=SEG041.ASM ACBP=28
 0471:0002 0000 C=STUNTSC S=SEG001         G=(none)  M=SEG000.ASM ACBP=28
 0471:0002 56B3 C=STUNTSC S=SEG001         G=(none)  M=SEG001.ASM ACBP=28
 0471:56B5 0000 C=STUNTSC S=SEG001         G=(none)  M=SEG002.ASM ACBP=28
 0471:56B5 0000 C=STUNTSC S=SEG001         G=(none)  M=SEG003.ASM ACBP=28
 0471:56B5 0000 C=STUNTSC S=SEG001         G=(none)  M=SEG004.ASM ACBP=28
 0471:56B5 0000 C=STUNTSC S=SEG001         G=(none)  M=SEG005.ASM ACBP=28
 0471:56B5 0000 C=STUNTSC S=SEG001         G=(none)  M=SEG006.ASM ACBP=28
 0471:56B5 0000 C=STUNTSC S=SEG001         G=(none)  M=SEG007.ASM ACBP=28
 0471:56B5 0000 C=STUNTSC S=SEG001         G=(none)  M=SEG008.ASM ACBP=28
 0471:56B5 0000 C=STUNTSC S=SEG001         G=(none)  M=SEG009.ASM ACBP=28
 0471:56B5 0000 C=STUNTSC S=SEG001         G=(none)  M=SEG010.ASM ACBP=28
 0471:56B5 0000 C=STUNTSC S=SEG001         G=(none)  M=SEG011.ASM ACBP=28
 0471:56B5 0000 C=STUNTSC S=SEG001         G=(none)  M=SEG012.ASM ACBP=28
 0471:56B5 0000 C=STUNTSC S=SEG001         G=(none)  M=SEG013.ASM ACBP=28
 0471:56B5 0000 C=STUNTSC S=SEG001         G=(none)  M=SEG014.ASM ACBP=28
 0471:56B5 0000 C=STUNTSC S=SEG001         G=(none)  M=SEG015.ASM ACBP=28
 0471:56B5 0000 C=STUNTSC S=SEG001         G=(none)  M=SEG016.ASM ACBP=28
 0471:56B5 0000 C=STUNTSC S=SEG001         G=(none)  M=SEG017.ASM ACBP=28
 0471:56B5 0000 C=STUNTSC S=SEG001         G=(none)  M=SEG018.ASM ACBP=28
 0471:56B5 0000 C=STUNTSC S=SEG001         G=(none)  M=SEG019.ASM ACBP=28
 0471:56B5 0000 C=STUNTSC S=SEG001         G=(none)  M=SEG020.ASM ACBP=28
 0471:56B5 0000 C=STUNTSC S=SEG001         G=(none)  M=SEG021.ASM ACBP=28
 0471:56B5 0000 C=STUNTSC S=SEG001         G=(none)  M=SEG022.ASM ACBP=28
 0471:56B5 0000 C=STUNTSC S=SEG001         G=(none)  M=SEG023.ASM ACBP=28
 0471:56B5 0000 C=STUNTSC S=SEG001         G=(none)  M=SEG024.ASM ACBP=28
 0471:56B5 0000 C=STUNTSC S=SEG001         G=(none)  M=SEG025.ASM ACBP=28
 0471:56B5 0000 C=STUNTSC S=SEG001         G=(none)  M=SEG026.ASM ACBP=28
 0471:56B5 0000 C=STUNTSC S=SEG001         G=(none)  M=SEG027.ASM ACBP=28
 0471:56B5 0000 C=STUNTSC S=SEG001         G=(none)  M=SEG028.ASM ACBP=28
 0471:56B5 0000 C=STUNTSC S=SEG001         G=(none)  M=SEG029.ASM ACBP=28
 0471:56B5 0000 C=STUNTSC S=SEG001         G=(none)  M=SEG030.ASM ACBP=28
 0471:56B5 0000 C=STUNTSC S=SEG001         G=(none)  M=SEG031.ASM ACBP=28
 0471:56B5 0000 C=STUNTSC S=SEG001         G=(none)  M=SEG032.ASM ACBP=28
 0471:56B5 0000 C=STUNTSC S=SEG001         G=(none)  M=SEG033.ASM ACBP=28
 0471:56B5 0000 C=STUNTSC S=SEG001         G=(none)  M=SEG034.ASM ACBP=28
 0471:56B5 0000 C=STUNTSC S=SEG001         G=(none)  M=SEG035.ASM ACBP=28
 0471:56B5 0000 C=STUNTSC S=SEG001         G=(none)  M=SEG036.ASM ACBP=28
 0471:56B5 0000 C=STUNTSC S=SEG001         G=(none)  M=SEG037.ASM ACBP=28
 0471:56B5 0000 C=STUNTSC S=SEG001         G=(none)  M=SEG038.ASM ACBP=28
 0471:56B5 0000 C=STUNTSC S=SEG001         G=(none)  M=SEG039.ASM ACBP=28
 0471:56B5 0000 C=STUNTSC S=SEG001         G=(none)  M=DSEG.ASM   ACBP=28
 0471:56B5 0000 C=STUNTSC S=SEG001         G=(none)  M=SEG041.ASM ACBP=28
 09DC:0005 0000 C=STUNTSC S=SEG002         G=(none)  M=SEG000.ASM ACBP=28
 09DC:0005 0000 C=STUNTSC S=SEG002         G=(none)  M=SEG001.ASM ACBP=28
 09DC:0005 014D C=STUNTSC S=SEG002         G=(none)  M=SEG002.ASM ACBP=28
 09DC:0152 0000 C=STUNTSC S=SEG002         G=(none)  M=SEG003.ASM ACBP=28
 09DC:0152 0000 C=STUNTSC S=SEG002         G=(none)  M=SEG004.ASM ACBP=28
 09DC:0152 0000 C=STUNTSC S=SEG002         G=(none)  M=SEG005.ASM ACBP=28
 09DC:0152 0000 C=STUNTSC S=SEG002         G=(none)  M=SEG006.ASM ACBP=28
 09DC:0152 0000 C=STUNTSC S=SEG002         G=(none)  M=SEG007.ASM ACBP=28
 09DC:0152 0000 C=STUNTSC S=SEG002         G=(none)  M=SEG008.ASM ACBP=28
 09DC:0152 0000 C=STUNTSC S=SEG002         G=(none)  M=SEG009.ASM ACBP=28
 09DC:0152 0000 C=STUNTSC S=SEG002         G=(none)  M=SEG010.ASM ACBP=28
 09DC:0152 0000 C=STUNTSC S=SEG002         G=(none)  M=SEG011.ASM ACBP=28
 09DC:0152 0000 C=STUNTSC S=SEG002         G=(none)  M=SEG012.ASM ACBP=28
 09DC:0152 0000 C=STUNTSC S=SEG002         G=(none)  M=SEG013.ASM ACBP=28
 09DC:0152 0000 C=STUNTSC S=SEG002         G=(none)  M=SEG014.ASM ACBP=28
 09DC:0152 0000 C=STUNTSC S=SEG002         G=(none)  M=SEG015.ASM ACBP=28
 09DC:0152 0000 C=STUNTSC S=SEG002         G=(none)  M=SEG016.ASM ACBP=28
 09DC:0152 0000 C=STUNTSC S=SEG002         G=(none)  M=SEG017.ASM ACBP=28
 09DC:0152 0000 C=STUNTSC S=SEG002         G=(none)  M=SEG018.ASM ACBP=28
 09DC:0152 0000 C=STUNTSC S=SEG002         G=(none)  M=SEG019.ASM ACBP=28
 09DC:0152 0000 C=STUNTSC S=SEG002         G=(none)  M=SEG020.ASM ACBP=28
 09DC:0152 0000 C=STUNTSC S=SEG002         G=(none)  M=SEG021.ASM ACBP=28
 09DC:0152 0000 C=STUNTSC S=SEG002         G=(none)  M=SEG022.ASM ACBP=28
 09DC:0152 0000 C=STUNTSC S=SEG002         G=(none)  M=SEG023.ASM ACBP=28
 09DC:0152 0000 C=STUNTSC S=SEG002         G=(none)  M=SEG024.ASM ACBP=28
 09DC:0152 0000 C=STUNTSC S=SEG002         G=(none)  M=SEG025.ASM ACBP=28
 09DC:0152 0000 C=STUNTSC S=SEG002         G=(none)  M=SEG026.ASM ACBP=28
 09DC:0152 0000 C=STUNTSC S=SEG002         G=(none)  M=SEG027.ASM ACBP=28
 09DC:0152 0000 C=STUNTSC S=SEG002         G=(none)  M=SEG028.ASM ACBP=28
 09DC:0152 0000 C=STUNTSC S=SEG002         G=(none)  M=SEG029.ASM ACBP=28
 09DC:0152 0000 C=STUNTSC S=SEG002         G=(none)  M=SEG030.ASM ACBP=28
 09DC:0152 0000 C=STUNTSC S=SEG002         G=(none)  M=SEG031.ASM ACBP=28
 09DC:0152 0000 C=STUNTSC S=SEG002         G=(none)  M=SEG032.ASM ACBP=28
 09DC:0152 0000 C=STUNTSC S=SEG002         G=(none)  M=SEG033.ASM ACBP=28
 09DC:0152 0000 C=STUNTSC S=SEG002         G=(none)  M=SEG034.ASM ACBP=28
 09DC:0152 0000 C=STUNTSC S=SEG002         G=(none)  M=SEG035.ASM ACBP=28
 09DC:0152 0000 C=STUNTSC S=SEG002         G=(none)  M=SEG036.ASM ACBP=28
 09DC:0152 0000 C=STUNTSC S=SEG002         G=(none)  M=SEG037.ASM ACBP=28
 09DC:0152 0000 C=STUNTSC S=SEG002         G=(none)  M=SEG038.ASM ACBP=28
 09DC:0152 0000 C=STUNTSC S=SEG002         G=(none)  M=SEG039.ASM ACBP=28
 09DC:0152 0000 C=STUNTSC S=SEG002         G=(none)  M=DSEG.ASM   ACBP=28
 09DC:0152 0000 C=STUNTSC S=SEG002         G=(none)  M=SEG041.ASM ACBP=28
 09F1:0002 0000 C=STUNTSC S=SEG003         G=(none)  M=SEG000.ASM ACBP=28
 09F1:0002 0000 C=STUNTSC S=SEG003         G=(none)  M=SEG001.ASM ACBP=28
 09F1:0002 0000 C=STUNTSC S=SEG003         G=(none)  M=SEG002.ASM ACBP=28
 09F1:0002 428E C=STUNTSC S=SEG003         G=(none)  M=SEG003.ASM ACBP=28
 09F1:4290 0000 C=STUNTSC S=SEG003         G=(none)  M=SEG004.ASM ACBP=28
 09F1:4290 0000 C=STUNTSC S=SEG003         G=(none)  M=SEG005.ASM ACBP=28
 09F1:4290 0000 C=STUNTSC S=SEG003         G=(none)  M=SEG006.ASM ACBP=28
 09F1:4290 0000 C=STUNTSC S=SEG003         G=(none)  M=SEG007.ASM ACBP=28
 09F1:4290 0000 C=STUNTSC S=SEG003         G=(none)  M=SEG008.ASM ACBP=28
 09F1:4290 0000 C=STUNTSC S=SEG003         G=(none)  M=SEG009.ASM ACBP=28
 09F1:4290 0000 C=STUNTSC S=SEG003         G=(none)  M=SEG010.ASM ACBP=28
 09F1:4290 0000 C=STUNTSC S=SEG003         G=(none)  M=SEG011.ASM ACBP=28
 09F1:4290 0000 C=STUNTSC S=SEG003         G=(none)  M=SEG012.ASM ACBP=28
 09F1:4290 0000 C=STUNTSC S=SEG003         G=(none)  M=SEG013.ASM ACBP=28
 09F1:4290 0000 C=STUNTSC S=SEG003         G=(none)  M=SEG014.ASM ACBP=28
 09F1:4290 0000 C=STUNTSC S=SEG003         G=(none)  M=SEG015.ASM ACBP=28
 09F1:4290 0000 C=STUNTSC S=SEG003         G=(none)  M=SEG016.ASM ACBP=28
 09F1:4290 0000 C=STUNTSC S=SEG003         G=(none)  M=SEG017.ASM ACBP=28
 09F1:4290 0000 C=STUNTSC S=SEG003         G=(none)  M=SEG018.ASM ACBP=28
 09F1:4290 0000 C=STUNTSC S=SEG003         G=(none)  M=SEG019.ASM ACBP=28
 09F1:4290 0000 C=STUNTSC S=SEG003         G=(none)  M=SEG020.ASM ACBP=28
 09F1:4290 0000 C=STUNTSC S=SEG003         G=(none)  M=SEG021.ASM ACBP=28
 09F1:4290 0000 C=STUNTSC S=SEG003         G=(none)  M=SEG022.ASM ACBP=28
 09F1:4290 0000 C=STUNTSC S=SEG003         G=(none)  M=SEG023.ASM ACBP=28
 09F1:4290 0000 C=STUNTSC S=SEG003         G=(none)  M=SEG024.ASM ACBP=28
 09F1:4290 0000 C=STUNTSC S=SEG003         G=(none)  M=SEG025.ASM ACBP=28
 09F1:4290 0000 C=STUNTSC S=SEG003         G=(none)  M=SEG026.ASM ACBP=28
 09F1:4290 0000 C=STUNTSC S=SEG003         G=(none)  M=SEG027.ASM ACBP=28
 09F1:4290 0000 C=STUNTSC S=SEG003         G=(none)  M=SEG028.ASM ACBP=28
 09F1:4290 0000 C=STUNTSC S=SEG003         G=(none)  M=SEG029.ASM ACBP=28
 09F1:4290 0000 C=STUNTSC S=SEG003         G=(none)  M=SEG030.ASM ACBP=28
 09F1:4290 0000 C=STUNTSC S=SEG003         G=(none)  M=SEG031.ASM ACBP=28
 09F1:4290 0000 C=STUNTSC S=SEG003         G=(none)  M=SEG032.ASM ACBP=28
 09F1:4290 0000 C=STUNTSC S=SEG003         G=(none)  M=SEG033.ASM ACBP=28
 09F1:4290 0000 C=STUNTSC S=SEG003         G=(none)  M=SEG034.ASM ACBP=28
 09F1:4290 0000 C=STUNTSC S=SEG003         G=(none)  M=SEG035.ASM ACBP=28
 09F1:4290 0000 C=STUNTSC S=SEG003         G=(none)  M=SEG036.ASM ACBP=28
 09F1:4290 0000 C=STUNTSC S=SEG003         G=(none)  M=SEG037.ASM ACBP=28
 09F1:4290 0000 C=STUNTSC S=SEG003         G=(none)  M=SEG038.ASM ACBP=28
 09F1:4290 0000 C=STUNTSC S=SEG003         G=(none)  M=SEG039.ASM ACBP=28
 09F1:4290 0000 C=STUNTSC S=SEG003         G=(none)  M=DSEG.ASM   ACBP=28
 09F1:4290 0000 C=STUNTSC S=SEG003         G=(none)  M=SEG041.ASM ACBP=28
 0E1A:0000 0000 C=STUNTSC S=SEG004         G=(none)  M=SEG000.ASM ACBP=28
 0E1A:0000 0000 C=STUNTSC S=SEG004         G=(none)  M=SEG001.ASM ACBP=28
 0E1A:0000 0000 C=STUNTSC S=SEG004         G=(none)  M=SEG002.ASM ACBP=28
 0E1A:0000 0000 C=STUNTSC S=SEG004         G=(none)  M=SEG003.ASM ACBP=28
 0E1A:0000 39D9 C=STUNTSC S=SEG004         G=(none)  M=SEG004.ASM ACBP=28
 0E1A:39D9 0000 C=STUNTSC S=SEG004         G=(none)  M=SEG005.ASM ACBP=28
 0E1A:39D9 0000 C=STUNTSC S=SEG004         G=(none)  M=SEG006.ASM ACBP=28
 0E1A:39D9 0000 C=STUNTSC S=SEG004         G=(none)  M=SEG007.ASM ACBP=28
 0E1A:39D9 0000 C=STUNTSC S=SEG004         G=(none)  M=SEG008.ASM ACBP=28
 0E1A:39D9 0000 C=STUNTSC S=SEG004         G=(none)  M=SEG009.ASM ACBP=28
 0E1A:39D9 0000 C=STUNTSC S=SEG004         G=(none)  M=SEG010.ASM ACBP=28
 0E1A:39D9 0000 C=STUNTSC S=SEG004         G=(none)  M=SEG011.ASM ACBP=28
 0E1A:39D9 0000 C=STUNTSC S=SEG004         G=(none)  M=SEG012.ASM ACBP=28
 0E1A:39D9 0000 C=STUNTSC S=SEG004         G=(none)  M=SEG013.ASM ACBP=28
 0E1A:39D9 0000 C=STUNTSC S=SEG004         G=(none)  M=SEG014.ASM ACBP=28
 0E1A:39D9 0000 C=STUNTSC S=SEG004         G=(none)  M=SEG015.ASM ACBP=28
 0E1A:39D9 0000 C=STUNTSC S=SEG004         G=(none)  M=SEG016.ASM ACBP=28
 0E1A:39D9 0000 C=STUNTSC S=SEG004         G=(none)  M=SEG017.ASM ACBP=28
 0E1A:39D9 0000 C=STUNTSC S=SEG004         G=(none)  M=SEG018.ASM ACBP=28
 0E1A:39D9 0000 C=STUNTSC S=SEG004         G=(none)  M=SEG019.ASM ACBP=28
 0E1A:39D9 0000 C=STUNTSC S=SEG004         G=(none)  M=SEG020.ASM ACBP=28
 0E1A:39D9 0000 C=STUNTSC S=SEG004         G=(none)  M=SEG021.ASM ACBP=28
 0E1A:39D9 0000 C=STUNTSC S=SEG004         G=(none)  M=SEG022.ASM ACBP=28
 0E1A:39D9 0000 C=STUNTSC S=SEG004         G=(none)  M=SEG023.ASM ACBP=28
 0E1A:39D9 0000 C=STUNTSC S=SEG004         G=(none)  M=SEG024.ASM ACBP=28
 0E1A:39D9 0000 C=STUNTSC S=SEG004         G=(none)  M=SEG025.ASM ACBP=28
 0E1A:39D9 0000 C=STUNTSC S=SEG004         G=(none)  M=SEG026.ASM ACBP=28
 0E1A:39D9 0000 C=STUNTSC S=SEG004         G=(none)  M=SEG027.ASM ACBP=28
 0E1A:39D9 0000 C=STUNTSC S=SEG004         G=(none)  M=SEG028.ASM ACBP=28
 0E1A:39D9 0000 C=STUNTSC S=SEG004         G=(none)  M=SEG029.ASM ACBP=28
 0E1A:39D9 0000 C=STUNTSC S=SEG004         G=(none)  M=SEG030.ASM ACBP=28
 0E1A:39D9 0000 C=STUNTSC S=SEG004         G=(none)  M=SEG031.ASM ACBP=28
 0E1A:39D9 0000 C=STUNTSC S=SEG004         G=(none)  M=SEG032.ASM ACBP=28
 0E1A:39D9 0000 C=STUNTSC S=SEG004         G=(none)  M=SEG033.ASM ACBP=28
 0E1A:39D9 0000 C=STUNTSC S=SEG004         G=(none)  M=SEG034.ASM ACBP=28
 0E1A:39D9 0000 C=STUNTSC S=SEG004         G=(none)  M=SEG035.ASM ACBP=28
 0E1A:39D9 0000 C=STUNTSC S=SEG004         G=(none)  M=SEG036.ASM ACBP=28
 0E1A:39D9 0000 C=STUNTSC S=SEG004         G=(none)  M=SEG037.ASM ACBP=28
 0E1A:39D9 0000 C=STUNTSC S=SEG004         G=(none)  M=SEG038.ASM ACBP=28
 0E1A:39D9 0000 C=STUNTSC S=SEG004         G=(none)  M=SEG039.ASM ACBP=28
 0E1A:39D9 0000 C=STUNTSC S=SEG004         G=(none)  M=DSEG.ASM   ACBP=28
 0E1A:39D9 0000 C=STUNTSC S=SEG004         G=(none)  M=SEG041.ASM ACBP=28
 11B7:0009 0000 C=STUNTSC S=SEG005         G=(none)  M=SEG000.ASM ACBP=28
 11B7:0009 0000 C=STUNTSC S=SEG005         G=(none)  M=SEG001.ASM ACBP=28
 11B7:0009 0000 C=STUNTSC S=SEG005         G=(none)  M=SEG002.ASM ACBP=28
 11B7:0009 0000 C=STUNTSC S=SEG005         G=(none)  M=SEG003.ASM ACBP=28
 11B7:0009 0000 C=STUNTSC S=SEG005         G=(none)  M=SEG004.ASM ACBP=28
 11B7:0009 31EB C=STUNTSC S=SEG005         G=(none)  M=SEG005.ASM ACBP=28
 11B7:31F4 0000 C=STUNTSC S=SEG005         G=(none)  M=SEG006.ASM ACBP=28
 11B7:31F4 0000 C=STUNTSC S=SEG005         G=(none)  M=SEG007.ASM ACBP=28
 11B7:31F4 0000 C=STUNTSC S=SEG005         G=(none)  M=SEG008.ASM ACBP=28
 11B7:31F4 0000 C=STUNTSC S=SEG005         G=(none)  M=SEG009.ASM ACBP=28
 11B7:31F4 0000 C=STUNTSC S=SEG005         G=(none)  M=SEG010.ASM ACBP=28
 11B7:31F4 0000 C=STUNTSC S=SEG005         G=(none)  M=SEG011.ASM ACBP=28
 11B7:31F4 0000 C=STUNTSC S=SEG005         G=(none)  M=SEG012.ASM ACBP=28
 11B7:31F4 0000 C=STUNTSC S=SEG005         G=(none)  M=SEG013.ASM ACBP=28
 11B7:31F4 0000 C=STUNTSC S=SEG005         G=(none)  M=SEG014.ASM ACBP=28
 11B7:31F4 0000 C=STUNTSC S=SEG005         G=(none)  M=SEG015.ASM ACBP=28
 11B7:31F4 0000 C=STUNTSC S=SEG005         G=(none)  M=SEG016.ASM ACBP=28
 11B7:31F4 0000 C=STUNTSC S=SEG005         G=(none)  M=SEG017.ASM ACBP=28
 11B7:31F4 0000 C=STUNTSC S=SEG005         G=(none)  M=SEG018.ASM ACBP=28
 11B7:31F4 0000 C=STUNTSC S=SEG005         G=(none)  M=SEG019.ASM ACBP=28
 11B7:31F4 0000 C=STUNTSC S=SEG005         G=(none)  M=SEG020.ASM ACBP=28
 11B7:31F4 0000 C=STUNTSC S=SEG005         G=(none)  M=SEG021.ASM ACBP=28
 11B7:31F4 0000 C=STUNTSC S=SEG005         G=(none)  M=SEG022.ASM ACBP=28
 11B7:31F4 0000 C=STUNTSC S=SEG005         G=(none)  M=SEG023.ASM ACBP=28
 11B7:31F4 0000 C=STUNTSC S=SEG005         G=(none)  M=SEG024.ASM ACBP=28
 11B7:31F4 0000 C=STUNTSC S=SEG005         G=(none)  M=SEG025.ASM ACBP=28
 11B7:31F4 0000 C=STUNTSC S=SEG005         G=(none)  M=SEG026.ASM ACBP=28
 11B7:31F4 0000 C=STUNTSC S=SEG005         G=(none)  M=SEG027.ASM ACBP=28
 11B7:31F4 0000 C=STUNTSC S=SEG005         G=(none)  M=SEG028.ASM ACBP=28
 11B7:31F4 0000 C=STUNTSC S=SEG005         G=(none)  M=SEG029.ASM ACBP=28
 11B7:31F4 0000 C=STUNTSC S=SEG005         G=(none)  M=SEG030.ASM ACBP=28
 11B7:31F4 0000 C=STUNTSC S=SEG005         G=(none)  M=SEG031.ASM ACBP=28
 11B7:31F4 0000 C=STUNTSC S=SEG005         G=(none)  M=SEG032.ASM ACBP=28
 11B7:31F4 0000 C=STUNTSC S=SEG005         G=(none)  M=SEG033.ASM ACBP=28
 11B7:31F4 0000 C=STUNTSC S=SEG005         G=(none)  M=SEG034.ASM ACBP=28
 11B7:31F4 0000 C=STUNTSC S=SEG005         G=(none)  M=SEG035.ASM ACBP=28
 11B7:31F4 0000 C=STUNTSC S=SEG005         G=(none)  M=SEG036.ASM ACBP=28
 11B7:31F4 0000 C=STUNTSC S=SEG005         G=(none)  M=SEG037.ASM ACBP=28
 11B7:31F4 0000 C=STUNTSC S=SEG005         G=(none)  M=SEG038.ASM ACBP=28
 11B7:31F4 0000 C=STUNTSC S=SEG005         G=(none)  M=SEG039.ASM ACBP=28
 11B7:31F4 0000 C=STUNTSC S=SEG005         G=(none)  M=DSEG.ASM   ACBP=28
 11B7:31F4 0000 C=STUNTSC S=SEG005         G=(none)  M=SEG041.ASM ACBP=28
 14D6:0004 0000 C=STUNTSC S=SEG006         G=(none)  M=SEG000.ASM ACBP=28
 14D6:0004 0000 C=STUNTSC S=SEG006         G=(none)  M=SEG001.ASM ACBP=28
 14D6:0004 0000 C=STUNTSC S=SEG006         G=(none)  M=SEG002.ASM ACBP=28
 14D6:0004 0000 C=STUNTSC S=SEG006         G=(none)  M=SEG003.ASM ACBP=28
 14D6:0004 0000 C=STUNTSC S=SEG006         G=(none)  M=SEG004.ASM ACBP=28
 14D6:0004 0000 C=STUNTSC S=SEG006         G=(none)  M=SEG005.ASM ACBP=28
 14D6:0004 1E49 C=STUNTSC S=SEG006         G=(none)  M=SEG006.ASM ACBP=28
 14D6:1E4D 0000 C=STUNTSC S=SEG006         G=(none)  M=SEG007.ASM ACBP=28
 14D6:1E4D 0000 C=STUNTSC S=SEG006         G=(none)  M=SEG008.ASM ACBP=28
 14D6:1E4D 0000 C=STUNTSC S=SEG006         G=(none)  M=SEG009.ASM ACBP=28
 14D6:1E4D 0000 C=STUNTSC S=SEG006         G=(none)  M=SEG010.ASM ACBP=28
 14D6:1E4D 0000 C=STUNTSC S=SEG006         G=(none)  M=SEG011.ASM ACBP=28
 14D6:1E4D 0000 C=STUNTSC S=SEG006         G=(none)  M=SEG012.ASM ACBP=28
 14D6:1E4D 0000 C=STUNTSC S=SEG006         G=(none)  M=SEG013.ASM ACBP=28
 14D6:1E4D 0000 C=STUNTSC S=SEG006         G=(none)  M=SEG014.ASM ACBP=28
 14D6:1E4D 0000 C=STUNTSC S=SEG006         G=(none)  M=SEG015.ASM ACBP=28
 14D6:1E4D 0000 C=STUNTSC S=SEG006         G=(none)  M=SEG016.ASM ACBP=28
 14D6:1E4D 0000 C=STUNTSC S=SEG006         G=(none)  M=SEG017.ASM ACBP=28
 14D6:1E4D 0000 C=STUNTSC S=SEG006         G=(none)  M=SEG018.ASM ACBP=28
 14D6:1E4D 0000 C=STUNTSC S=SEG006         G=(none)  M=SEG019.ASM ACBP=28
 14D6:1E4D 0000 C=STUNTSC S=SEG006         G=(none)  M=SEG020.ASM ACBP=28
 14D6:1E4D 0000 C=STUNTSC S=SEG006         G=(none)  M=SEG021.ASM ACBP=28
 14D6:1E4D 0000 C=STUNTSC S=SEG006         G=(none)  M=SEG022.ASM ACBP=28
 14D6:1E4D 0000 C=STUNTSC S=SEG006         G=(none)  M=SEG023.ASM ACBP=28
 14D6:1E4D 0000 C=STUNTSC S=SEG006         G=(none)  M=SEG024.ASM ACBP=28
 14D6:1E4D 0000 C=STUNTSC S=SEG006         G=(none)  M=SEG025.ASM ACBP=28
 14D6:1E4D 0000 C=STUNTSC S=SEG006         G=(none)  M=SEG026.ASM ACBP=28
 14D6:1E4D 0000 C=STUNTSC S=SEG006         G=(none)  M=SEG027.ASM ACBP=28
 14D6:1E4D 0000 C=STUNTSC S=SEG006         G=(none)  M=SEG028.ASM ACBP=28
 14D6:1E4D 0000 C=STUNTSC S=SEG006         G=(none)  M=SEG029.ASM ACBP=28
 14D6:1E4D 0000 C=STUNTSC S=SEG006         G=(none)  M=SEG030.ASM ACBP=28
 14D6:1E4D 0000 C=STUNTSC S=SEG006         G=(none)  M=SEG031.ASM ACBP=28
 14D6:1E4D 0000 C=STUNTSC S=SEG006         G=(none)  M=SEG032.ASM ACBP=28
 14D6:1E4D 0000 C=STUNTSC S=SEG006         G=(none)  M=SEG033.ASM ACBP=28
 14D6:1E4D 0000 C=STUNTSC S=SEG006         G=(none)  M=SEG034.ASM ACBP=28
 14D6:1E4D 0000 C=STUNTSC S=SEG006         G=(none)  M=SEG035.ASM ACBP=28
 14D6:1E4D 0000 C=STUNTSC S=SEG006         G=(none)  M=SEG036.ASM ACBP=28
 14D6:1E4D 0000 C=STUNTSC S=SEG006         G=(none)  M=SEG037.ASM ACBP=28
 14D6:1E4D 0000 C=STUNTSC S=SEG006         G=(none)  M=SEG038.ASM ACBP=28
 14D6:1E4D 0000 C=STUNTSC S=SEG006         G=(none)  M=SEG039.ASM ACBP=28
 14D6:1E4D 0000 C=STUNTSC S=SEG006         G=(none)  M=DSEG.ASM   ACBP=28
 14D6:1E4D 0000 C=STUNTSC S=SEG006         G=(none)  M=SEG041.ASM ACBP=28
 16BA:000D 0000 C=STUNTSC S=SEG007         G=(none)  M=SEG000.ASM ACBP=28
 16BA:000D 0000 C=STUNTSC S=SEG007         G=(none)  M=SEG001.ASM ACBP=28
 16BA:000D 0000 C=STUNTSC S=SEG007         G=(none)  M=SEG002.ASM ACBP=28
 16BA:000D 0000 C=STUNTSC S=SEG007         G=(none)  M=SEG003.ASM ACBP=28
 16BA:000D 0000 C=STUNTSC S=SEG007         G=(none)  M=SEG004.ASM ACBP=28
 16BA:000D 0000 C=STUNTSC S=SEG007         G=(none)  M=SEG005.ASM ACBP=28
 16BA:000D 0000 C=STUNTSC S=SEG007         G=(none)  M=SEG006.ASM ACBP=28
 16BA:000D 0903 C=STUNTSC S=SEG007         G=(none)  M=SEG007.ASM ACBP=28
 16BA:0910 0000 C=STUNTSC S=SEG007         G=(none)  M=SEG008.ASM ACBP=28
 16BA:0910 0000 C=STUNTSC S=SEG007         G=(none)  M=SEG009.ASM ACBP=28
 16BA:0910 0000 C=STUNTSC S=SEG007         G=(none)  M=SEG010.ASM ACBP=28
 16BA:0910 0000 C=STUNTSC S=SEG007         G=(none)  M=SEG011.ASM ACBP=28
 16BA:0910 0000 C=STUNTSC S=SEG007         G=(none)  M=SEG012.ASM ACBP=28
 16BA:0910 0000 C=STUNTSC S=SEG007         G=(none)  M=SEG013.ASM ACBP=28
 16BA:0910 0000 C=STUNTSC S=SEG007         G=(none)  M=SEG014.ASM ACBP=28
 16BA:0910 0000 C=STUNTSC S=SEG007         G=(none)  M=SEG015.ASM ACBP=28
 16BA:0910 0000 C=STUNTSC S=SEG007         G=(none)  M=SEG016.ASM ACBP=28
 16BA:0910 0000 C=STUNTSC S=SEG007         G=(none)  M=SEG017.ASM ACBP=28
 16BA:0910 0000 C=STUNTSC S=SEG007         G=(none)  M=SEG018.ASM ACBP=28
 16BA:0910 0000 C=STUNTSC S=SEG007         G=(none)  M=SEG019.ASM ACBP=28
 16BA:0910 0000 C=STUNTSC S=SEG007         G=(none)  M=SEG020.ASM ACBP=28
 16BA:0910 0000 C=STUNTSC S=SEG007         G=(none)  M=SEG021.ASM ACBP=28
 16BA:0910 0000 C=STUNTSC S=SEG007         G=(none)  M=SEG022.ASM ACBP=28
 16BA:0910 0000 C=STUNTSC S=SEG007         G=(none)  M=SEG023.ASM ACBP=28
 16BA:0910 0000 C=STUNTSC S=SEG007         G=(none)  M=SEG024.ASM ACBP=28
 16BA:0910 0000 C=STUNTSC S=SEG007         G=(none)  M=SEG025.ASM ACBP=28
 16BA:0910 0000 C=STUNTSC S=SEG007         G=(none)  M=SEG026.ASM ACBP=28
 16BA:0910 0000 C=STUNTSC S=SEG007         G=(none)  M=SEG027.ASM ACBP=28
 16BA:0910 0000 C=STUNTSC S=SEG007         G=(none)  M=SEG028.ASM ACBP=28
 16BA:0910 0000 C=STUNTSC S=SEG007         G=(none)  M=SEG029.ASM ACBP=28
 16BA:0910 0000 C=STUNTSC S=SEG007         G=(none)  M=SEG030.ASM ACBP=28
 16BA:0910 0000 C=STUNTSC S=SEG007         G=(none)  M=SEG031.ASM ACBP=28
 16BA:0910 0000 C=STUNTSC S=SEG007         G=(none)  M=SEG032.ASM ACBP=28
 16BA:0910 0000 C=STUNTSC S=SEG007         G=(none)  M=SEG033.ASM ACBP=28
 16BA:0910 0000 C=STUNTSC S=SEG007         G=(none)  M=SEG034.ASM ACBP=28
 16BA:0910 0000 C=STUNTSC S=SEG007         G=(none)  M=SEG035.ASM ACBP=28
 16BA:0910 0000 C=STUNTSC S=SEG007         G=(none)  M=SEG036.ASM ACBP=28
 16BA:0910 0000 C=STUNTSC S=SEG007         G=(none)  M=SEG037.ASM ACBP=28
 16BA:0910 0000 C=STUNTSC S=SEG007         G=(none)  M=SEG038.ASM ACBP=28
 16BA:0910 0000 C=STUNTSC S=SEG007         G=(none)  M=SEG039.ASM ACBP=28
 16BA:0910 0000 C=STUNTSC S=SEG007         G=(none)  M=DSEG.ASM   ACBP=28
 16BA:0910 0000 C=STUNTSC S=SEG007         G=(none)  M=SEG041.ASM ACBP=28
 174B:0000 0000 C=STUNTSC S=SEG008         G=(none)  M=SEG000.ASM ACBP=28
 174B:0000 0000 C=STUNTSC S=SEG008         G=(none)  M=SEG001.ASM ACBP=28
 174B:0000 0000 C=STUNTSC S=SEG008         G=(none)  M=SEG002.ASM ACBP=28
 174B:0000 0000 C=STUNTSC S=SEG008         G=(none)  M=SEG003.ASM ACBP=28
 174B:0000 0000 C=STUNTSC S=SEG008         G=(none)  M=SEG004.ASM ACBP=28
 174B:0000 0000 C=STUNTSC S=SEG008         G=(none)  M=SEG005.ASM ACBP=28
 174B:0000 0000 C=STUNTSC S=SEG008         G=(none)  M=SEG006.ASM ACBP=28
 174B:0000 0000 C=STUNTSC S=SEG008         G=(none)  M=SEG007.ASM ACBP=28
 174B:0000 2E0C C=STUNTSC S=SEG008         G=(none)  M=SEG008.ASM ACBP=28
 174B:2E0C 0000 C=STUNTSC S=SEG008         G=(none)  M=SEG009.ASM ACBP=28
 174B:2E0C 0000 C=STUNTSC S=SEG008         G=(none)  M=SEG010.ASM ACBP=28
 174B:2E0C 0000 C=STUNTSC S=SEG008         G=(none)  M=SEG011.ASM ACBP=28
 174B:2E0C 0000 C=STUNTSC S=SEG008         G=(none)  M=SEG012.ASM ACBP=28
 174B:2E0C 0000 C=STUNTSC S=SEG008         G=(none)  M=SEG013.ASM ACBP=28
 174B:2E0C 0000 C=STUNTSC S=SEG008         G=(none)  M=SEG014.ASM ACBP=28
 174B:2E0C 0000 C=STUNTSC S=SEG008         G=(none)  M=SEG015.ASM ACBP=28
 174B:2E0C 0000 C=STUNTSC S=SEG008         G=(none)  M=SEG016.ASM ACBP=28
 174B:2E0C 0000 C=STUNTSC S=SEG008         G=(none)  M=SEG017.ASM ACBP=28
 174B:2E0C 0000 C=STUNTSC S=SEG008         G=(none)  M=SEG018.ASM ACBP=28
 174B:2E0C 0000 C=STUNTSC S=SEG008         G=(none)  M=SEG019.ASM ACBP=28
 174B:2E0C 0000 C=STUNTSC S=SEG008         G=(none)  M=SEG020.ASM ACBP=28
 174B:2E0C 0000 C=STUNTSC S=SEG008         G=(none)  M=SEG021.ASM ACBP=28
 174B:2E0C 0000 C=STUNTSC S=SEG008         G=(none)  M=SEG022.ASM ACBP=28
 174B:2E0C 0000 C=STUNTSC S=SEG008         G=(none)  M=SEG023.ASM ACBP=28
 174B:2E0C 0000 C=STUNTSC S=SEG008         G=(none)  M=SEG024.ASM ACBP=28
 174B:2E0C 0000 C=STUNTSC S=SEG008         G=(none)  M=SEG025.ASM ACBP=28
 174B:2E0C 0000 C=STUNTSC S=SEG008         G=(none)  M=SEG026.ASM ACBP=28
 174B:2E0C 0000 C=STUNTSC S=SEG008         G=(none)  M=SEG027.ASM ACBP=28
 174B:2E0C 0000 C=STUNTSC S=SEG008         G=(none)  M=SEG028.ASM ACBP=28
 174B:2E0C 0000 C=STUNTSC S=SEG008         G=(none)  M=SEG029.ASM ACBP=28
 174B:2E0C 0000 C=STUNTSC S=SEG008         G=(none)  M=SEG030.ASM ACBP=28
 174B:2E0C 0000 C=STUNTSC S=SEG008         G=(none)  M=SEG031.ASM ACBP=28
 174B:2E0C 0000 C=STUNTSC S=SEG008         G=(none)  M=SEG032.ASM ACBP=28
 174B:2E0C 0000 C=STUNTSC S=SEG008         G=(none)  M=SEG033.ASM ACBP=28
 174B:2E0C 0000 C=STUNTSC S=SEG008         G=(none)  M=SEG034.ASM ACBP=28
 174B:2E0C 0000 C=STUNTSC S=SEG008         G=(none)  M=SEG035.ASM ACBP=28
 174B:2E0C 0000 C=STUNTSC S=SEG008         G=(none)  M=SEG036.ASM ACBP=28
 174B:2E0C 0000 C=STUNTSC S=SEG008         G=(none)  M=SEG037.ASM ACBP=28
 174B:2E0C 0000 C=STUNTSC S=SEG008         G=(none)  M=SEG038.ASM ACBP=28
 174B:2E0C 0000 C=STUNTSC S=SEG008         G=(none)  M=SEG039.ASM ACBP=28
 174B:2E0C 0000 C=STUNTSC S=SEG008         G=(none)  M=DSEG.ASM   ACBP=28
 174B:2E0C 0000 C=STUNTSC S=SEG008         G=(none)  M=SEG041.ASM ACBP=28
 1A2B:000C 0000 C=STUNTSC S=SEG009         G=(none)  M=SEG000.ASM ACBP=28
 1A2B:000C 0000 C=STUNTSC S=SEG009         G=(none)  M=SEG001.ASM ACBP=28
 1A2B:000C 0000 C=STUNTSC S=SEG009         G=(none)  M=SEG002.ASM ACBP=28
 1A2B:000C 0000 C=STUNTSC S=SEG009         G=(none)  M=SEG003.ASM ACBP=28
 1A2B:000C 0000 C=STUNTSC S=SEG009         G=(none)  M=SEG004.ASM ACBP=28
 1A2B:000C 0000 C=STUNTSC S=SEG009         G=(none)  M=SEG005.ASM ACBP=28
 1A2B:000C 0000 C=STUNTSC S=SEG009         G=(none)  M=SEG006.ASM ACBP=28
 1A2B:000C 0000 C=STUNTSC S=SEG009         G=(none)  M=SEG007.ASM ACBP=28
 1A2B:000C 0000 C=STUNTSC S=SEG009         G=(none)  M=SEG008.ASM ACBP=28
 1A2B:000C 2996 C=STUNTSC S=SEG009         G=(none)  M=SEG009.ASM ACBP=28
 1A2B:29A2 0000 C=STUNTSC S=SEG009         G=(none)  M=SEG010.ASM ACBP=28
 1A2B:29A2 0000 C=STUNTSC S=SEG009         G=(none)  M=SEG011.ASM ACBP=28
 1A2B:29A2 0000 C=STUNTSC S=SEG009         G=(none)  M=SEG012.ASM ACBP=28
 1A2B:29A2 0000 C=STUNTSC S=SEG009         G=(none)  M=SEG013.ASM ACBP=28
 1A2B:29A2 0000 C=STUNTSC S=SEG009         G=(none)  M=SEG014.ASM ACBP=28
 1A2B:29A2 0000 C=STUNTSC S=SEG009         G=(none)  M=SEG015.ASM ACBP=28
 1A2B:29A2 0000 C=STUNTSC S=SEG009         G=(none)  M=SEG016.ASM ACBP=28
 1A2B:29A2 0000 C=STUNTSC S=SEG009         G=(none)  M=SEG017.ASM ACBP=28
 1A2B:29A2 0000 C=STUNTSC S=SEG009         G=(none)  M=SEG018.ASM ACBP=28
 1A2B:29A2 0000 C=STUNTSC S=SEG009         G=(none)  M=SEG019.ASM ACBP=28
 1A2B:29A2 0000 C=STUNTSC S=SEG009         G=(none)  M=SEG020.ASM ACBP=28
 1A2B:29A2 0000 C=STUNTSC S=SEG009         G=(none)  M=SEG021.ASM ACBP=28
 1A2B:29A2 0000 C=STUNTSC S=SEG009         G=(none)  M=SEG022.ASM ACBP=28
 1A2B:29A2 0000 C=STUNTSC S=SEG009         G=(none)  M=SEG023.ASM ACBP=28
 1A2B:29A2 0000 C=STUNTSC S=SEG009         G=(none)  M=SEG024.ASM ACBP=28
 1A2B:29A2 0000 C=STUNTSC S=SEG009         G=(none)  M=SEG025.ASM ACBP=28
 1A2B:29A2 0000 C=STUNTSC S=SEG009         G=(none)  M=SEG026.ASM ACBP=28
 1A2B:29A2 0000 C=STUNTSC S=SEG009         G=(none)  M=SEG027.ASM ACBP=28
 1A2B:29A2 0000 C=STUNTSC S=SEG009         G=(none)  M=SEG028.ASM ACBP=28
 1A2B:29A2 0000 C=STUNTSC S=SEG009         G=(none)  M=SEG029.ASM ACBP=28
 1A2B:29A2 0000 C=STUNTSC S=SEG009         G=(none)  M=SEG030.ASM ACBP=28
 1A2B:29A2 0000 C=STUNTSC S=SEG009         G=(none)  M=SEG031.ASM ACBP=28
 1A2B:29A2 0000 C=STUNTSC S=SEG009         G=(none)  M=SEG032.ASM ACBP=28
 1A2B:29A2 0000 C=STUNTSC S=SEG009         G=(none)  M=SEG033.ASM ACBP=28
 1A2B:29A2 0000 C=STUNTSC S=SEG009         G=(none)  M=SEG034.ASM ACBP=28
 1A2B:29A2 0000 C=STUNTSC S=SEG009         G=(none)  M=SEG035.ASM ACBP=28
 1A2B:29A2 0000 C=STUNTSC S=SEG009         G=(none)  M=SEG036.ASM ACBP=28
 1A2B:29A2 0000 C=STUNTSC S=SEG009         G=(none)  M=SEG037.ASM ACBP=28
 1A2B:29A2 0000 C=STUNTSC S=SEG009         G=(none)  M=SEG038.ASM ACBP=28
 1A2B:29A2 0000 C=STUNTSC S=SEG009         G=(none)  M=SEG039.ASM ACBP=28
 1A2B:29A2 0000 C=STUNTSC S=SEG009         G=(none)  M=DSEG.ASM   ACBP=28
 1A2B:29A2 0000 C=STUNTSC S=SEG009         G=(none)  M=SEG041.ASM ACBP=28
 1CC5:0002 0000 C=STUNTSC S=SEG010         G=(none)  M=SEG000.ASM ACBP=28
 1CC5:0002 0000 C=STUNTSC S=SEG010         G=(none)  M=SEG001.ASM ACBP=28
 1CC5:0002 0000 C=STUNTSC S=SEG010         G=(none)  M=SEG002.ASM ACBP=28
 1CC5:0002 0000 C=STUNTSC S=SEG010         G=(none)  M=SEG003.ASM ACBP=28
 1CC5:0002 0000 C=STUNTSC S=SEG010         G=(none)  M=SEG004.ASM ACBP=28
 1CC5:0002 0000 C=STUNTSC S=SEG010         G=(none)  M=SEG005.ASM ACBP=28
 1CC5:0002 0000 C=STUNTSC S=SEG010         G=(none)  M=SEG006.ASM ACBP=28
 1CC5:0002 0000 C=STUNTSC S=SEG010         G=(none)  M=SEG007.ASM ACBP=28
 1CC5:0002 0000 C=STUNTSC S=SEG010         G=(none)  M=SEG008.ASM ACBP=28
 1CC5:0002 0000 C=STUNTSC S=SEG010         G=(none)  M=SEG009.ASM ACBP=28
 1CC5:0002 1DB5 C=STUNTSC S=SEG010         G=(none)  M=SEG010.ASM ACBP=28
 1CC5:1DB7 0000 C=STUNTSC S=SEG010         G=(none)  M=SEG011.ASM ACBP=28
 1CC5:1DB7 0000 C=STUNTSC S=SEG010         G=(none)  M=SEG012.ASM ACBP=28
 1CC5:1DB7 0000 C=STUNTSC S=SEG010         G=(none)  M=SEG013.ASM ACBP=28
 1CC5:1DB7 0000 C=STUNTSC S=SEG010         G=(none)  M=SEG014.ASM ACBP=28
 1CC5:1DB7 0000 C=STUNTSC S=SEG010         G=(none)  M=SEG015.ASM ACBP=28
 1CC5:1DB7 0000 C=STUNTSC S=SEG010         G=(none)  M=SEG016.ASM ACBP=28
 1CC5:1DB7 0000 C=STUNTSC S=SEG010         G=(none)  M=SEG017.ASM ACBP=28
 1CC5:1DB7 0000 C=STUNTSC S=SEG010         G=(none)  M=SEG018.ASM ACBP=28
 1CC5:1DB7 0000 C=STUNTSC S=SEG010         G=(none)  M=SEG019.ASM ACBP=28
 1CC5:1DB7 0000 C=STUNTSC S=SEG010         G=(none)  M=SEG020.ASM ACBP=28
 1CC5:1DB7 0000 C=STUNTSC S=SEG010         G=(none)  M=SEG021.ASM ACBP=28
 1CC5:1DB7 0000 C=STUNTSC S=SEG010         G=(none)  M=SEG022.ASM ACBP=28
 1CC5:1DB7 0000 C=STUNTSC S=SEG010         G=(none)  M=SEG023.ASM ACBP=28
 1CC5:1DB7 0000 C=STUNTSC S=SEG010         G=(none)  M=SEG024.ASM ACBP=28
 1CC5:1DB7 0000 C=STUNTSC S=SEG010         G=(none)  M=SEG025.ASM ACBP=28
 1CC5:1DB7 0000 C=STUNTSC S=SEG010         G=(none)  M=SEG026.ASM ACBP=28
 1CC5:1DB7 0000 C=STUNTSC S=SEG010         G=(none)  M=SEG027.ASM ACBP=28
 1CC5:1DB7 0000 C=STUNTSC S=SEG010         G=(none)  M=SEG028.ASM ACBP=28
 1CC5:1DB7 0000 C=STUNTSC S=SEG010         G=(none)  M=SEG029.ASM ACBP=28
 1CC5:1DB7 0000 C=STUNTSC S=SEG010         G=(none)  M=SEG030.ASM ACBP=28
 1CC5:1DB7 0000 C=STUNTSC S=SEG010         G=(none)  M=SEG031.ASM ACBP=28
 1CC5:1DB7 0000 C=STUNTSC S=SEG010         G=(none)  M=SEG032.ASM ACBP=28
 1CC5:1DB7 0000 C=STUNTSC S=SEG010         G=(none)  M=SEG033.ASM ACBP=28
 1CC5:1DB7 0000 C=STUNTSC S=SEG010         G=(none)  M=SEG034.ASM ACBP=28
 1CC5:1DB7 0000 C=STUNTSC S=SEG010         G=(none)  M=SEG035.ASM ACBP=28
 1CC5:1DB7 0000 C=STUNTSC S=SEG010         G=(none)  M=SEG036.ASM ACBP=28
 1CC5:1DB7 0000 C=STUNTSC S=SEG010         G=(none)  M=SEG037.ASM ACBP=28
 1CC5:1DB7 0000 C=STUNTSC S=SEG010         G=(none)  M=SEG038.ASM ACBP=28
 1CC5:1DB7 0000 C=STUNTSC S=SEG010         G=(none)  M=SEG039.ASM ACBP=28
 1CC5:1DB7 0000 C=STUNTSC S=SEG010         G=(none)  M=DSEG.ASM   ACBP=28
 1CC5:1DB7 0000 C=STUNTSC S=SEG010         G=(none)  M=SEG041.ASM ACBP=28
 1EA0:0007 0000 C=STUNTSC S=SEG011         G=(none)  M=SEG000.ASM ACBP=28
 1EA0:0007 0000 C=STUNTSC S=SEG011         G=(none)  M=SEG001.ASM ACBP=28
 1EA0:0007 0000 C=STUNTSC S=SEG011         G=(none)  M=SEG002.ASM ACBP=28
 1EA0:0007 0000 C=STUNTSC S=SEG011         G=(none)  M=SEG003.ASM ACBP=28
 1EA0:0007 0000 C=STUNTSC S=SEG011         G=(none)  M=SEG004.ASM ACBP=28
 1EA0:0007 0000 C=STUNTSC S=SEG011         G=(none)  M=SEG005.ASM ACBP=28
 1EA0:0007 0000 C=STUNTSC S=SEG011         G=(none)  M=SEG006.ASM ACBP=28
 1EA0:0007 0000 C=STUNTSC S=SEG011         G=(none)  M=SEG007.ASM ACBP=28
 1EA0:0007 0000 C=STUNTSC S=SEG011         G=(none)  M=SEG008.ASM ACBP=28
 1EA0:0007 0000 C=STUNTSC S=SEG011         G=(none)  M=SEG009.ASM ACBP=28
 1EA0:0007 0000 C=STUNTSC S=SEG011         G=(none)  M=SEG010.ASM ACBP=28
 1EA0:0007 0022 C=STUNTSC S=SEG011         G=(none)  M=SEG011.ASM ACBP=28
 1EA0:0029 0000 C=STUNTSC S=SEG011         G=(none)  M=SEG012.ASM ACBP=28
 1EA0:0029 0000 C=STUNTSC S=SEG011         G=(none)  M=SEG013.ASM ACBP=28
 1EA0:0029 0000 C=STUNTSC S=SEG011         G=(none)  M=SEG014.ASM ACBP=28
 1EA0:0029 0000 C=STUNTSC S=SEG011         G=(none)  M=SEG015.ASM ACBP=28
 1EA0:0029 0000 C=STUNTSC S=SEG011         G=(none)  M=SEG016.ASM ACBP=28
 1EA0:0029 0000 C=STUNTSC S=SEG011         G=(none)  M=SEG017.ASM ACBP=28
 1EA0:0029 0000 C=STUNTSC S=SEG011         G=(none)  M=SEG018.ASM ACBP=28
 1EA0:0029 0000 C=STUNTSC S=SEG011         G=(none)  M=SEG019.ASM ACBP=28
 1EA0:0029 0000 C=STUNTSC S=SEG011         G=(none)  M=SEG020.ASM ACBP=28
 1EA0:0029 0000 C=STUNTSC S=SEG011         G=(none)  M=SEG021.ASM ACBP=28
 1EA0:0029 0000 C=STUNTSC S=SEG011         G=(none)  M=SEG022.ASM ACBP=28
 1EA0:0029 0000 C=STUNTSC S=SEG011         G=(none)  M=SEG023.ASM ACBP=28
 1EA0:0029 0000 C=STUNTSC S=SEG011         G=(none)  M=SEG024.ASM ACBP=28
 1EA0:0029 0000 C=STUNTSC S=SEG011         G=(none)  M=SEG025.ASM ACBP=28
 1EA0:0029 0000 C=STUNTSC S=SEG011         G=(none)  M=SEG026.ASM ACBP=28
 1EA0:0029 0000 C=STUNTSC S=SEG011         G=(none)  M=SEG027.ASM ACBP=28
 1EA0:0029 0000 C=STUNTSC S=SEG011         G=(none)  M=SEG028.ASM ACBP=28
 1EA0:0029 0000 C=STUNTSC S=SEG011         G=(none)  M=SEG029.ASM ACBP=28
 1EA0:0029 0000 C=STUNTSC S=SEG011         G=(none)  M=SEG030.ASM ACBP=28
 1EA0:0029 0000 C=STUNTSC S=SEG011         G=(none)  M=SEG031.ASM ACBP=28
 1EA0:0029 0000 C=STUNTSC S=SEG011         G=(none)  M=SEG032.ASM ACBP=28
 1EA0:0029 0000 C=STUNTSC S=SEG011         G=(none)  M=SEG033.ASM ACBP=28
 1EA0:0029 0000 C=STUNTSC S=SEG011         G=(none)  M=SEG034.ASM ACBP=28
 1EA0:0029 0000 C=STUNTSC S=SEG011         G=(none)  M=SEG035.ASM ACBP=28
 1EA0:0029 0000 C=STUNTSC S=SEG011         G=(none)  M=SEG036.ASM ACBP=28
 1EA0:0029 0000 C=STUNTSC S=SEG011         G=(none)  M=SEG037.ASM ACBP=28
 1EA0:0029 0000 C=STUNTSC S=SEG011         G=(none)  M=SEG038.ASM ACBP=28
 1EA0:0029 0000 C=STUNTSC S=SEG011         G=(none)  M=SEG039.ASM ACBP=28
 1EA0:0029 0000 C=STUNTSC S=SEG011         G=(none)  M=DSEG.ASM   ACBP=28
 1EA0:0029 0000 C=STUNTSC S=SEG011         G=(none)  M=SEG041.ASM ACBP=28
 1EA2:0009 0000 C=STUNTSC S=SEG012         G=(none)  M=SEG000.ASM ACBP=28
 1EA2:0009 0000 C=STUNTSC S=SEG012         G=(none)  M=SEG001.ASM ACBP=28
 1EA2:0009 0000 C=STUNTSC S=SEG012         G=(none)  M=SEG002.ASM ACBP=28
 1EA2:0009 0000 C=STUNTSC S=SEG012         G=(none)  M=SEG003.ASM ACBP=28
 1EA2:0009 0000 C=STUNTSC S=SEG012         G=(none)  M=SEG004.ASM ACBP=28
 1EA2:0009 0000 C=STUNTSC S=SEG012         G=(none)  M=SEG005.ASM ACBP=28
 1EA2:0009 0000 C=STUNTSC S=SEG012         G=(none)  M=SEG006.ASM ACBP=28
 1EA2:0009 0000 C=STUNTSC S=SEG012         G=(none)  M=SEG007.ASM ACBP=28
 1EA2:0009 0000 C=STUNTSC S=SEG012         G=(none)  M=SEG008.ASM ACBP=28
 1EA2:0009 0000 C=STUNTSC S=SEG012         G=(none)  M=SEG009.ASM ACBP=28
 1EA2:0009 0000 C=STUNTSC S=SEG012         G=(none)  M=SEG010.ASM ACBP=28
 1EA2:0009 0000 C=STUNTSC S=SEG012         G=(none)  M=SEG011.ASM ACBP=28
 1EA2:0009 7793 C=STUNTSC S=SEG012         G=(none)  M=SEG012.ASM ACBP=28
 1EA2:779C 0000 C=STUNTSC S=SEG012         G=(none)  M=SEG013.ASM ACBP=28
 1EA2:779C 0000 C=STUNTSC S=SEG012         G=(none)  M=SEG014.ASM ACBP=28
 1EA2:779C 0000 C=STUNTSC S=SEG012         G=(none)  M=SEG015.ASM ACBP=28
 1EA2:779C 0000 C=STUNTSC S=SEG012         G=(none)  M=SEG016.ASM ACBP=28
 1EA2:779C 0000 C=STUNTSC S=SEG012         G=(none)  M=SEG017.ASM ACBP=28
 1EA2:779C 0000 C=STUNTSC S=SEG012         G=(none)  M=SEG018.ASM ACBP=28
 1EA2:779C 0000 C=STUNTSC S=SEG012         G=(none)  M=SEG019.ASM ACBP=28
 1EA2:779C 0000 C=STUNTSC S=SEG012         G=(none)  M=SEG020.ASM ACBP=28
 1EA2:779C 0000 C=STUNTSC S=SEG012         G=(none)  M=SEG021.ASM ACBP=28
 1EA2:779C 0000 C=STUNTSC S=SEG012         G=(none)  M=SEG022.ASM ACBP=28
 1EA2:779C 0000 C=STUNTSC S=SEG012         G=(none)  M=SEG023.ASM ACBP=28
 1EA2:779C 0000 C=STUNTSC S=SEG012         G=(none)  M=SEG024.ASM ACBP=28
 1EA2:779C 0000 C=STUNTSC S=SEG012         G=(none)  M=SEG025.ASM ACBP=28
 1EA2:779C 0000 C=STUNTSC S=SEG012         G=(none)  M=SEG026.ASM ACBP=28
 1EA2:779C 0000 C=STUNTSC S=SEG012         G=(none)  M=SEG027.ASM ACBP=28
 1EA2:779C 0000 C=STUNTSC S=SEG012         G=(none)  M=SEG028.ASM ACBP=28
 1EA2:779C 0000 C=STUNTSC S=SEG012         G=(none)  M=SEG029.ASM ACBP=28
 1EA2:779C 0000 C=STUNTSC S=SEG012         G=(none)  M=SEG030.ASM ACBP=28
 1EA2:779C 0000 C=STUNTSC S=SEG012         G=(none)  M=SEG031.ASM ACBP=28
 1EA2:779C 0000 C=STUNTSC S=SEG012         G=(none)  M=SEG032.ASM ACBP=28
 1EA2:779C 0000 C=STUNTSC S=SEG012         G=(none)  M=SEG033.ASM ACBP=28
 1EA2:779C 0000 C=STUNTSC S=SEG012         G=(none)  M=SEG034.ASM ACBP=28
 1EA2:779C 0000 C=STUNTSC S=SEG012         G=(none)  M=SEG035.ASM ACBP=28
 1EA2:779C 0000 C=STUNTSC S=SEG012         G=(none)  M=SEG036.ASM ACBP=28
 1EA2:779C 0000 C=STUNTSC S=SEG012         G=(none)  M=SEG037.ASM ACBP=28
 1EA2:779C 0000 C=STUNTSC S=SEG012         G=(none)  M=SEG038.ASM ACBP=28
 1EA2:779C 0000 C=STUNTSC S=SEG012         G=(none)  M=SEG039.ASM ACBP=28
 1EA2:779C 0000 C=STUNTSC S=SEG012         G=(none)  M=DSEG.ASM   ACBP=28
 1EA2:779C 0000 C=STUNTSC S=SEG012         G=(none)  M=SEG041.ASM ACBP=28
 261B:000C 0000 C=STUNTSC S=SEG013         G=(none)  M=SEG000.ASM ACBP=28
 261B:000C 0000 C=STUNTSC S=SEG013         G=(none)  M=SEG001.ASM ACBP=28
 261B:000C 0000 C=STUNTSC S=SEG013         G=(none)  M=SEG002.ASM ACBP=28
 261B:000C 0000 C=STUNTSC S=SEG013         G=(none)  M=SEG003.ASM ACBP=28
 261B:000C 0000 C=STUNTSC S=SEG013         G=(none)  M=SEG004.ASM ACBP=28
 261B:000C 0000 C=STUNTSC S=SEG013         G=(none)  M=SEG005.ASM ACBP=28
 261B:000C 0000 C=STUNTSC S=SEG013         G=(none)  M=SEG006.ASM ACBP=28
 261B:000C 0000 C=STUNTSC S=SEG013         G=(none)  M=SEG007.ASM ACBP=28
 261B:000C 0000 C=STUNTSC S=SEG013         G=(none)  M=SEG008.ASM ACBP=28
 261B:000C 0000 C=STUNTSC S=SEG013         G=(none)  M=SEG009.ASM ACBP=28
 261B:000C 0000 C=STUNTSC S=SEG013         G=(none)  M=SEG010.ASM ACBP=28
 261B:000C 0000 C=STUNTSC S=SEG013         G=(none)  M=SEG011.ASM ACBP=28
 261B:000C 0000 C=STUNTSC S=SEG013         G=(none)  M=SEG012.ASM ACBP=28
 261B:000C 0089 C=STUNTSC S=SEG013         G=(none)  M=SEG013.ASM ACBP=28
 261B:0095 0000 C=STUNTSC S=SEG013         G=(none)  M=SEG014.ASM ACBP=28
 261B:0095 0000 C=STUNTSC S=SEG013         G=(none)  M=SEG015.ASM ACBP=28
 261B:0095 0000 C=STUNTSC S=SEG013         G=(none)  M=SEG016.ASM ACBP=28
 261B:0095 0000 C=STUNTSC S=SEG013         G=(none)  M=SEG017.ASM ACBP=28
 261B:0095 0000 C=STUNTSC S=SEG013         G=(none)  M=SEG018.ASM ACBP=28
 261B:0095 0000 C=STUNTSC S=SEG013         G=(none)  M=SEG019.ASM ACBP=28
 261B:0095 0000 C=STUNTSC S=SEG013         G=(none)  M=SEG020.ASM ACBP=28
 261B:0095 0000 C=STUNTSC S=SEG013         G=(none)  M=SEG021.ASM ACBP=28
 261B:0095 0000 C=STUNTSC S=SEG013         G=(none)  M=SEG022.ASM ACBP=28
 261B:0095 0000 C=STUNTSC S=SEG013         G=(none)  M=SEG023.ASM ACBP=28
 261B:0095 0000 C=STUNTSC S=SEG013         G=(none)  M=SEG024.ASM ACBP=28
 261B:0095 0000 C=STUNTSC S=SEG013         G=(none)  M=SEG025.ASM ACBP=28
 261B:0095 0000 C=STUNTSC S=SEG013         G=(none)  M=SEG026.ASM ACBP=28
 261B:0095 0000 C=STUNTSC S=SEG013         G=(none)  M=SEG027.ASM ACBP=28
 261B:0095 0000 C=STUNTSC S=SEG013         G=(none)  M=SEG028.ASM ACBP=28
 261B:0095 0000 C=STUNTSC S=SEG013         G=(none)  M=SEG029.ASM ACBP=28
 261B:0095 0000 C=STUNTSC S=SEG013         G=(none)  M=SEG030.ASM ACBP=28
 261B:0095 0000 C=STUNTSC S=SEG013         G=(none)  M=SEG031.ASM ACBP=28
 261B:0095 0000 C=STUNTSC S=SEG013         G=(none)  M=SEG032.ASM ACBP=28
 261B:0095 0000 C=STUNTSC S=SEG013         G=(none)  M=SEG033.ASM ACBP=28
 261B:0095 0000 C=STUNTSC S=SEG013         G=(none)  M=SEG034.ASM ACBP=28
 261B:0095 0000 C=STUNTSC S=SEG013         G=(none)  M=SEG035.ASM ACBP=28
 261B:0095 0000 C=STUNTSC S=SEG013         G=(none)  M=SEG036.ASM ACBP=28
 261B:0095 0000 C=STUNTSC S=SEG013         G=(none)  M=SEG037.ASM ACBP=28
 261B:0095 0000 C=STUNTSC S=SEG013         G=(none)  M=SEG038.ASM ACBP=28
 261B:0095 0000 C=STUNTSC S=SEG013         G=(none)  M=SEG039.ASM ACBP=28
 261B:0095 0000 C=STUNTSC S=SEG013         G=(none)  M=DSEG.ASM   ACBP=28
 261B:0095 0000 C=STUNTSC S=SEG013         G=(none)  M=SEG041.ASM ACBP=28
 2624:0005 0000 C=STUNTSC S=SEG014         G=(none)  M=SEG000.ASM ACBP=28
 2624:0005 0000 C=STUNTSC S=SEG014         G=(none)  M=SEG001.ASM ACBP=28
 2624:0005 0000 C=STUNTSC S=SEG014         G=(none)  M=SEG002.ASM ACBP=28
 2624:0005 0000 C=STUNTSC S=SEG014         G=(none)  M=SEG003.ASM ACBP=28
 2624:0005 0000 C=STUNTSC S=SEG014         G=(none)  M=SEG004.ASM ACBP=28
 2624:0005 0000 C=STUNTSC S=SEG014         G=(none)  M=SEG005.ASM ACBP=28
 2624:0005 0000 C=STUNTSC S=SEG014         G=(none)  M=SEG006.ASM ACBP=28
 2624:0005 0000 C=STUNTSC S=SEG014         G=(none)  M=SEG007.ASM ACBP=28
 2624:0005 0000 C=STUNTSC S=SEG014         G=(none)  M=SEG008.ASM ACBP=28
 2624:0005 0000 C=STUNTSC S=SEG014         G=(none)  M=SEG009.ASM ACBP=28
 2624:0005 0000 C=STUNTSC S=SEG014         G=(none)  M=SEG010.ASM ACBP=28
 2624:0005 0000 C=STUNTSC S=SEG014         G=(none)  M=SEG011.ASM ACBP=28
 2624:0005 0000 C=STUNTSC S=SEG014         G=(none)  M=SEG012.ASM ACBP=28
 2624:0005 0000 C=STUNTSC S=SEG014         G=(none)  M=SEG013.ASM ACBP=28
 2624:0005 01CD C=STUNTSC S=SEG014         G=(none)  M=SEG014.ASM ACBP=28
 2624:01D2 0000 C=STUNTSC S=SEG014         G=(none)  M=SEG015.ASM ACBP=28
 2624:01D2 0000 C=STUNTSC S=SEG014         G=(none)  M=SEG016.ASM ACBP=28
 2624:01D2 0000 C=STUNTSC S=SEG014         G=(none)  M=SEG017.ASM ACBP=28
 2624:01D2 0000 C=STUNTSC S=SEG014         G=(none)  M=SEG018.ASM ACBP=28
 2624:01D2 0000 C=STUNTSC S=SEG014         G=(none)  M=SEG019.ASM ACBP=28
 2624:01D2 0000 C=STUNTSC S=SEG014         G=(none)  M=SEG020.ASM ACBP=28
 2624:01D2 0000 C=STUNTSC S=SEG014         G=(none)  M=SEG021.ASM ACBP=28
 2624:01D2 0000 C=STUNTSC S=SEG014         G=(none)  M=SEG022.ASM ACBP=28
 2624:01D2 0000 C=STUNTSC S=SEG014         G=(none)  M=SEG023.ASM ACBP=28
 2624:01D2 0000 C=STUNTSC S=SEG014         G=(none)  M=SEG024.ASM ACBP=28
 2624:01D2 0000 C=STUNTSC S=SEG014         G=(none)  M=SEG025.ASM ACBP=28
 2624:01D2 0000 C=STUNTSC S=SEG014         G=(none)  M=SEG026.ASM ACBP=28
 2624:01D2 0000 C=STUNTSC S=SEG014         G=(none)  M=SEG027.ASM ACBP=28
 2624:01D2 0000 C=STUNTSC S=SEG014         G=(none)  M=SEG028.ASM ACBP=28
 2624:01D2 0000 C=STUNTSC S=SEG014         G=(none)  M=SEG029.ASM ACBP=28
 2624:01D2 0000 C=STUNTSC S=SEG014         G=(none)  M=SEG030.ASM ACBP=28
 2624:01D2 0000 C=STUNTSC S=SEG014         G=(none)  M=SEG031.ASM ACBP=28
 2624:01D2 0000 C=STUNTSC S=SEG014         G=(none)  M=SEG032.ASM ACBP=28
 2624:01D2 0000 C=STUNTSC S=SEG014         G=(none)  M=SEG033.ASM ACBP=28
 2624:01D2 0000 C=STUNTSC S=SEG014         G=(none)  M=SEG034.ASM ACBP=28
 2624:01D2 0000 C=STUNTSC S=SEG014         G=(none)  M=SEG035.ASM ACBP=28
 2624:01D2 0000 C=STUNTSC S=SEG014         G=(none)  M=SEG036.ASM ACBP=28
 2624:01D2 0000 C=STUNTSC S=SEG014         G=(none)  M=SEG037.ASM ACBP=28
 2624:01D2 0000 C=STUNTSC S=SEG014         G=(none)  M=SEG038.ASM ACBP=28
 2624:01D2 0000 C=STUNTSC S=SEG014         G=(none)  M=SEG039.ASM ACBP=28
 2624:01D2 0000 C=STUNTSC S=SEG014         G=(none)  M=DSEG.ASM   ACBP=28
 2624:01D2 0000 C=STUNTSC S=SEG014         G=(none)  M=SEG041.ASM ACBP=28
 2641:0002 0000 C=STUNTSC S=SEG015         G=(none)  M=SEG000.ASM ACBP=28
 2641:0002 0000 C=STUNTSC S=SEG015         G=(none)  M=SEG001.ASM ACBP=28
 2641:0002 0000 C=STUNTSC S=SEG015         G=(none)  M=SEG002.ASM ACBP=28
 2641:0002 0000 C=STUNTSC S=SEG015         G=(none)  M=SEG003.ASM ACBP=28
 2641:0002 0000 C=STUNTSC S=SEG015         G=(none)  M=SEG004.ASM ACBP=28
 2641:0002 0000 C=STUNTSC S=SEG015         G=(none)  M=SEG005.ASM ACBP=28
 2641:0002 0000 C=STUNTSC S=SEG015         G=(none)  M=SEG006.ASM ACBP=28
 2641:0002 0000 C=STUNTSC S=SEG015         G=(none)  M=SEG007.ASM ACBP=28
 2641:0002 0000 C=STUNTSC S=SEG015         G=(none)  M=SEG008.ASM ACBP=28
 2641:0002 0000 C=STUNTSC S=SEG015         G=(none)  M=SEG009.ASM ACBP=28
 2641:0002 0000 C=STUNTSC S=SEG015         G=(none)  M=SEG010.ASM ACBP=28
 2641:0002 0000 C=STUNTSC S=SEG015         G=(none)  M=SEG011.ASM ACBP=28
 2641:0002 0000 C=STUNTSC S=SEG015         G=(none)  M=SEG012.ASM ACBP=28
 2641:0002 0000 C=STUNTSC S=SEG015         G=(none)  M=SEG013.ASM ACBP=28
 2641:0002 0000 C=STUNTSC S=SEG015         G=(none)  M=SEG014.ASM ACBP=28
 2641:0002 039F C=STUNTSC S=SEG015         G=(none)  M=SEG015.ASM ACBP=28
 2641:03A1 0000 C=STUNTSC S=SEG015         G=(none)  M=SEG016.ASM ACBP=28
 2641:03A1 0000 C=STUNTSC S=SEG015         G=(none)  M=SEG017.ASM ACBP=28
 2641:03A1 0000 C=STUNTSC S=SEG015         G=(none)  M=SEG018.ASM ACBP=28
 2641:03A1 0000 C=STUNTSC S=SEG015         G=(none)  M=SEG019.ASM ACBP=28
 2641:03A1 0000 C=STUNTSC S=SEG015         G=(none)  M=SEG020.ASM ACBP=28
 2641:03A1 0000 C=STUNTSC S=SEG015         G=(none)  M=SEG021.ASM ACBP=28
 2641:03A1 0000 C=STUNTSC S=SEG015         G=(none)  M=SEG022.ASM ACBP=28
 2641:03A1 0000 C=STUNTSC S=SEG015         G=(none)  M=SEG023.ASM ACBP=28
 2641:03A1 0000 C=STUNTSC S=SEG015         G=(none)  M=SEG024.ASM ACBP=28
 2641:03A1 0000 C=STUNTSC S=SEG015         G=(none)  M=SEG025.ASM ACBP=28
 2641:03A1 0000 C=STUNTSC S=SEG015         G=(none)  M=SEG026.ASM ACBP=28
 2641:03A1 0000 C=STUNTSC S=SEG015         G=(none)  M=SEG027.ASM ACBP=28
 2641:03A1 0000 C=STUNTSC S=SEG015         G=(none)  M=SEG028.ASM ACBP=28
 2641:03A1 0000 C=STUNTSC S=SEG015         G=(none)  M=SEG029.ASM ACBP=28
 2641:03A1 0000 C=STUNTSC S=SEG015         G=(none)  M=SEG030.ASM ACBP=28
 2641:03A1 0000 C=STUNTSC S=SEG015         G=(none)  M=SEG031.ASM ACBP=28
 2641:03A1 0000 C=STUNTSC S=SEG015         G=(none)  M=SEG032.ASM ACBP=28
 2641:03A1 0000 C=STUNTSC S=SEG015         G=(none)  M=SEG033.ASM ACBP=28
 2641:03A1 0000 C=STUNTSC S=SEG015         G=(none)  M=SEG034.ASM ACBP=28
 2641:03A1 0000 C=STUNTSC S=SEG015         G=(none)  M=SEG035.ASM ACBP=28
 2641:03A1 0000 C=STUNTSC S=SEG015         G=(none)  M=SEG036.ASM ACBP=28
 2641:03A1 0000 C=STUNTSC S=SEG015         G=(none)  M=SEG037.ASM ACBP=28
 2641:03A1 0000 C=STUNTSC S=SEG015         G=(none)  M=SEG038.ASM ACBP=28
 2641:03A1 0000 C=STUNTSC S=SEG015         G=(none)  M=SEG039.ASM ACBP=28
 2641:03A1 0000 C=STUNTSC S=SEG015         G=(none)  M=DSEG.ASM   ACBP=28
 2641:03A1 0000 C=STUNTSC S=SEG015         G=(none)  M=SEG041.ASM ACBP=28
 267B:0001 0000 C=STUNTSC S=SEG016         G=(none)  M=SEG000.ASM ACBP=28
 267B:0001 0000 C=STUNTSC S=SEG016         G=(none)  M=SEG001.ASM ACBP=28
 267B:0001 0000 C=STUNTSC S=SEG016         G=(none)  M=SEG002.ASM ACBP=28
 267B:0001 0000 C=STUNTSC S=SEG016         G=(none)  M=SEG003.ASM ACBP=28
 267B:0001 0000 C=STUNTSC S=SEG016         G=(none)  M=SEG004.ASM ACBP=28
 267B:0001 0000 C=STUNTSC S=SEG016         G=(none)  M=SEG005.ASM ACBP=28
 267B:0001 0000 C=STUNTSC S=SEG016         G=(none)  M=SEG006.ASM ACBP=28
 267B:0001 0000 C=STUNTSC S=SEG016         G=(none)  M=SEG007.ASM ACBP=28
 267B:0001 0000 C=STUNTSC S=SEG016         G=(none)  M=SEG008.ASM ACBP=28
 267B:0001 0000 C=STUNTSC S=SEG016         G=(none)  M=SEG009.ASM ACBP=28
 267B:0001 0000 C=STUNTSC S=SEG016         G=(none)  M=SEG010.ASM ACBP=28
 267B:0001 0000 C=STUNTSC S=SEG016         G=(none)  M=SEG011.ASM ACBP=28
 267B:0001 0000 C=STUNTSC S=SEG016         G=(none)  M=SEG012.ASM ACBP=28
 267B:0001 0000 C=STUNTSC S=SEG016         G=(none)  M=SEG013.ASM ACBP=28
 267B:0001 0000 C=STUNTSC S=SEG016         G=(none)  M=SEG014.ASM ACBP=28
 267B:0001 0000 C=STUNTSC S=SEG016         G=(none)  M=SEG015.ASM ACBP=28
 267B:0001 00F9 C=STUNTSC S=SEG016         G=(none)  M=SEG016.ASM ACBP=28
 267B:00FA 0000 C=STUNTSC S=SEG016         G=(none)  M=SEG017.ASM ACBP=28
 267B:00FA 0000 C=STUNTSC S=SEG016         G=(none)  M=SEG018.ASM ACBP=28
 267B:00FA 0000 C=STUNTSC S=SEG016         G=(none)  M=SEG019.ASM ACBP=28
 267B:00FA 0000 C=STUNTSC S=SEG016         G=(none)  M=SEG020.ASM ACBP=28
 267B:00FA 0000 C=STUNTSC S=SEG016         G=(none)  M=SEG021.ASM ACBP=28
 267B:00FA 0000 C=STUNTSC S=SEG016         G=(none)  M=SEG022.ASM ACBP=28
 267B:00FA 0000 C=STUNTSC S=SEG016         G=(none)  M=SEG023.ASM ACBP=28
 267B:00FA 0000 C=STUNTSC S=SEG016         G=(none)  M=SEG024.ASM ACBP=28
 267B:00FA 0000 C=STUNTSC S=SEG016         G=(none)  M=SEG025.ASM ACBP=28
 267B:00FA 0000 C=STUNTSC S=SEG016         G=(none)  M=SEG026.ASM ACBP=28
 267B:00FA 0000 C=STUNTSC S=SEG016         G=(none)  M=SEG027.ASM ACBP=28
 267B:00FA 0000 C=STUNTSC S=SEG016         G=(none)  M=SEG028.ASM ACBP=28
 267B:00FA 0000 C=STUNTSC S=SEG016         G=(none)  M=SEG029.ASM ACBP=28
 267B:00FA 0000 C=STUNTSC S=SEG016         G=(none)  M=SEG030.ASM ACBP=28
 267B:00FA 0000 C=STUNTSC S=SEG016         G=(none)  M=SEG031.ASM ACBP=28
 267B:00FA 0000 C=STUNTSC S=SEG016         G=(none)  M=SEG032.ASM ACBP=28
 267B:00FA 0000 C=STUNTSC S=SEG016         G=(none)  M=SEG033.ASM ACBP=28
 267B:00FA 0000 C=STUNTSC S=SEG016         G=(none)  M=SEG034.ASM ACBP=28
 267B:00FA 0000 C=STUNTSC S=SEG016         G=(none)  M=SEG035.ASM ACBP=28
 267B:00FA 0000 C=STUNTSC S=SEG016         G=(none)  M=SEG036.ASM ACBP=28
 267B:00FA 0000 C=STUNTSC S=SEG016         G=(none)  M=SEG037.ASM ACBP=28
 267B:00FA 0000 C=STUNTSC S=SEG016         G=(none)  M=SEG038.ASM ACBP=28
 267B:00FA 0000 C=STUNTSC S=SEG016         G=(none)  M=SEG039.ASM ACBP=28
 267B:00FA 0000 C=STUNTSC S=SEG016         G=(none)  M=DSEG.ASM   ACBP=28
 267B:00FA 0000 C=STUNTSC S=SEG016         G=(none)  M=SEG041.ASM ACBP=28
 268A:000A 0000 C=STUNTSC S=SEG017         G=(none)  M=SEG000.ASM ACBP=28
 268A:000A 0000 C=STUNTSC S=SEG017         G=(none)  M=SEG001.ASM ACBP=28
 268A:000A 0000 C=STUNTSC S=SEG017         G=(none)  M=SEG002.ASM ACBP=28
 268A:000A 0000 C=STUNTSC S=SEG017         G=(none)  M=SEG003.ASM ACBP=28
 268A:000A 0000 C=STUNTSC S=SEG017         G=(none)  M=SEG004.ASM ACBP=28
 268A:000A 0000 C=STUNTSC S=SEG017         G=(none)  M=SEG005.ASM ACBP=28
 268A:000A 0000 C=STUNTSC S=SEG017         G=(none)  M=SEG006.ASM ACBP=28
 268A:000A 0000 C=STUNTSC S=SEG017         G=(none)  M=SEG007.ASM ACBP=28
 268A:000A 0000 C=STUNTSC S=SEG017         G=(none)  M=SEG008.ASM ACBP=28
 268A:000A 0000 C=STUNTSC S=SEG017         G=(none)  M=SEG009.ASM ACBP=28
 268A:000A 0000 C=STUNTSC S=SEG017         G=(none)  M=SEG010.ASM ACBP=28
 268A:000A 0000 C=STUNTSC S=SEG017         G=(none)  M=SEG011.ASM ACBP=28
 268A:000A 0000 C=STUNTSC S=SEG017         G=(none)  M=SEG012.ASM ACBP=28
 268A:000A 0000 C=STUNTSC S=SEG017         G=(none)  M=SEG013.ASM ACBP=28
 268A:000A 0000 C=STUNTSC S=SEG017         G=(none)  M=SEG014.ASM ACBP=28
 268A:000A 0000 C=STUNTSC S=SEG017         G=(none)  M=SEG015.ASM ACBP=28
 268A:000A 0000 C=STUNTSC S=SEG017         G=(none)  M=SEG016.ASM ACBP=28
 268A:000A 0248 C=STUNTSC S=SEG017         G=(none)  M=SEG017.ASM ACBP=28
 268A:0252 0000 C=STUNTSC S=SEG017         G=(none)  M=SEG018.ASM ACBP=28
 268A:0252 0000 C=STUNTSC S=SEG017         G=(none)  M=SEG019.ASM ACBP=28
 268A:0252 0000 C=STUNTSC S=SEG017         G=(none)  M=SEG020.ASM ACBP=28
 268A:0252 0000 C=STUNTSC S=SEG017         G=(none)  M=SEG021.ASM ACBP=28
 268A:0252 0000 C=STUNTSC S=SEG017         G=(none)  M=SEG022.ASM ACBP=28
 268A:0252 0000 C=STUNTSC S=SEG017         G=(none)  M=SEG023.ASM ACBP=28
 268A:0252 0000 C=STUNTSC S=SEG017         G=(none)  M=SEG024.ASM ACBP=28
 268A:0252 0000 C=STUNTSC S=SEG017         G=(none)  M=SEG025.ASM ACBP=28
 268A:0252 0000 C=STUNTSC S=SEG017         G=(none)  M=SEG026.ASM ACBP=28
 268A:0252 0000 C=STUNTSC S=SEG017         G=(none)  M=SEG027.ASM ACBP=28
 268A:0252 0000 C=STUNTSC S=SEG017         G=(none)  M=SEG028.ASM ACBP=28
 268A:0252 0000 C=STUNTSC S=SEG017         G=(none)  M=SEG029.ASM ACBP=28
 268A:0252 0000 C=STUNTSC S=SEG017         G=(none)  M=SEG030.ASM ACBP=28
 268A:0252 0000 C=STUNTSC S=SEG017         G=(none)  M=SEG031.ASM ACBP=28
 268A:0252 0000 C=STUNTSC S=SEG017         G=(none)  M=SEG032.ASM ACBP=28
 268A:0252 0000 C=STUNTSC S=SEG017         G=(none)  M=SEG033.ASM ACBP=28
 268A:0252 0000 C=STUNTSC S=SEG017         G=(none)  M=SEG034.ASM ACBP=28
 268A:0252 0000 C=STUNTSC S=SEG017         G=(none)  M=SEG035.ASM ACBP=28
 268A:0252 0000 C=STUNTSC S=SEG017         G=(none)  M=SEG036.ASM ACBP=28
 268A:0252 0000 C=STUNTSC S=SEG017         G=(none)  M=SEG037.ASM ACBP=28
 268A:0252 0000 C=STUNTSC S=SEG017         G=(none)  M=SEG038.ASM ACBP=28
 268A:0252 0000 C=STUNTSC S=SEG017         G=(none)  M=SEG039.ASM ACBP=28
 268A:0252 0000 C=STUNTSC S=SEG017         G=(none)  M=DSEG.ASM   ACBP=28
 268A:0252 0000 C=STUNTSC S=SEG017         G=(none)  M=SEG041.ASM ACBP=28
 26AF:0002 0000 C=STUNTSC S=SEG018         G=(none)  M=SEG000.ASM ACBP=28
 26AF:0002 0000 C=STUNTSC S=SEG018         G=(none)  M=SEG001.ASM ACBP=28
 26AF:0002 0000 C=STUNTSC S=SEG018         G=(none)  M=SEG002.ASM ACBP=28
 26AF:0002 0000 C=STUNTSC S=SEG018         G=(none)  M=SEG003.ASM ACBP=28
 26AF:0002 0000 C=STUNTSC S=SEG018         G=(none)  M=SEG004.ASM ACBP=28
 26AF:0002 0000 C=STUNTSC S=SEG018         G=(none)  M=SEG005.ASM ACBP=28
 26AF:0002 0000 C=STUNTSC S=SEG018         G=(none)  M=SEG006.ASM ACBP=28
 26AF:0002 0000 C=STUNTSC S=SEG018         G=(none)  M=SEG007.ASM ACBP=28
 26AF:0002 0000 C=STUNTSC S=SEG018         G=(none)  M=SEG008.ASM ACBP=28
 26AF:0002 0000 C=STUNTSC S=SEG018         G=(none)  M=SEG009.ASM ACBP=28
 26AF:0002 0000 C=STUNTSC S=SEG018         G=(none)  M=SEG010.ASM ACBP=28
 26AF:0002 0000 C=STUNTSC S=SEG018         G=(none)  M=SEG011.ASM ACBP=28
 26AF:0002 0000 C=STUNTSC S=SEG018         G=(none)  M=SEG012.ASM ACBP=28
 26AF:0002 0000 C=STUNTSC S=SEG018         G=(none)  M=SEG013.ASM ACBP=28
 26AF:0002 0000 C=STUNTSC S=SEG018         G=(none)  M=SEG014.ASM ACBP=28
 26AF:0002 0000 C=STUNTSC S=SEG018         G=(none)  M=SEG015.ASM ACBP=28
 26AF:0002 0000 C=STUNTSC S=SEG018         G=(none)  M=SEG016.ASM ACBP=28
 26AF:0002 0000 C=STUNTSC S=SEG018         G=(none)  M=SEG017.ASM ACBP=28
 26AF:0002 0024 C=STUNTSC S=SEG018         G=(none)  M=SEG018.ASM ACBP=28
 26AF:0026 0000 C=STUNTSC S=SEG018         G=(none)  M=SEG019.ASM ACBP=28
 26AF:0026 0000 C=STUNTSC S=SEG018         G=(none)  M=SEG020.ASM ACBP=28
 26AF:0026 0000 C=STUNTSC S=SEG018         G=(none)  M=SEG021.ASM ACBP=28
 26AF:0026 0000 C=STUNTSC S=SEG018         G=(none)  M=SEG022.ASM ACBP=28
 26AF:0026 0000 C=STUNTSC S=SEG018         G=(none)  M=SEG023.ASM ACBP=28
 26AF:0026 0000 C=STUNTSC S=SEG018         G=(none)  M=SEG024.ASM ACBP=28
 26AF:0026 0000 C=STUNTSC S=SEG018         G=(none)  M=SEG025.ASM ACBP=28
 26AF:0026 0000 C=STUNTSC S=SEG018         G=(none)  M=SEG026.ASM ACBP=28
 26AF:0026 0000 C=STUNTSC S=SEG018         G=(none)  M=SEG027.ASM ACBP=28
 26AF:0026 0000 C=STUNTSC S=SEG018         G=(none)  M=SEG028.ASM ACBP=28
 26AF:0026 0000 C=STUNTSC S=SEG018         G=(none)  M=SEG029.ASM ACBP=28
 26AF:0026 0000 C=STUNTSC S=SEG018         G=(none)  M=SEG030.ASM ACBP=28
 26AF:0026 0000 C=STUNTSC S=SEG018         G=(none)  M=SEG031.ASM ACBP=28
 26AF:0026 0000 C=STUNTSC S=SEG018         G=(none)  M=SEG032.ASM ACBP=28
 26AF:0026 0000 C=STUNTSC S=SEG018         G=(none)  M=SEG033.ASM ACBP=28
 26AF:0026 0000 C=STUNTSC S=SEG018         G=(none)  M=SEG034.ASM ACBP=28
 26AF:0026 0000 C=STUNTSC S=SEG018         G=(none)  M=SEG035.ASM ACBP=28
 26AF:0026 0000 C=STUNTSC S=SEG018         G=(none)  M=SEG036.ASM ACBP=28
 26AF:0026 0000 C=STUNTSC S=SEG018         G=(none)  M=SEG037.ASM ACBP=28
 26AF:0026 0000 C=STUNTSC S=SEG018         G=(none)  M=SEG038.ASM ACBP=28
 26AF:0026 0000 C=STUNTSC S=SEG018         G=(none)  M=SEG039.ASM ACBP=28
 26AF:0026 0000 C=STUNTSC S=SEG018         G=(none)  M=DSEG.ASM   ACBP=28
 26AF:0026 0000 C=STUNTSC S=SEG018         G=(none)  M=SEG041.ASM ACBP=28
 26B1:0006 0000 C=STUNTSC S=SEG019         G=(none)  M=SEG000.ASM ACBP=28
 26B1:0006 0000 C=STUNTSC S=SEG019         G=(none)  M=SEG001.ASM ACBP=28
 26B1:0006 0000 C=STUNTSC S=SEG019         G=(none)  M=SEG002.ASM ACBP=28
 26B1:0006 0000 C=STUNTSC S=SEG019         G=(none)  M=SEG003.ASM ACBP=28
 26B1:0006 0000 C=STUNTSC S=SEG019         G=(none)  M=SEG004.ASM ACBP=28
 26B1:0006 0000 C=STUNTSC S=SEG019         G=(none)  M=SEG005.ASM ACBP=28
 26B1:0006 0000 C=STUNTSC S=SEG019         G=(none)  M=SEG006.ASM ACBP=28
 26B1:0006 0000 C=STUNTSC S=SEG019         G=(none)  M=SEG007.ASM ACBP=28
 26B1:0006 0000 C=STUNTSC S=SEG019         G=(none)  M=SEG008.ASM ACBP=28
 26B1:0006 0000 C=STUNTSC S=SEG019         G=(none)  M=SEG009.ASM ACBP=28
 26B1:0006 0000 C=STUNTSC S=SEG019         G=(none)  M=SEG010.ASM ACBP=28
 26B1:0006 0000 C=STUNTSC S=SEG019         G=(none)  M=SEG011.ASM ACBP=28
 26B1:0006 0000 C=STUNTSC S=SEG019         G=(none)  M=SEG012.ASM ACBP=28
 26B1:0006 0000 C=STUNTSC S=SEG019         G=(none)  M=SEG013.ASM ACBP=28
 26B1:0006 0000 C=STUNTSC S=SEG019         G=(none)  M=SEG014.ASM ACBP=28
 26B1:0006 0000 C=STUNTSC S=SEG019         G=(none)  M=SEG015.ASM ACBP=28
 26B1:0006 0000 C=STUNTSC S=SEG019         G=(none)  M=SEG016.ASM ACBP=28
 26B1:0006 0000 C=STUNTSC S=SEG019         G=(none)  M=SEG017.ASM ACBP=28
 26B1:0006 0000 C=STUNTSC S=SEG019         G=(none)  M=SEG018.ASM ACBP=28
 26B1:0006 00A7 C=STUNTSC S=SEG019         G=(none)  M=SEG019.ASM ACBP=28
 26B1:00AD 0000 C=STUNTSC S=SEG019         G=(none)  M=SEG020.ASM ACBP=28
 26B1:00AD 0000 C=STUNTSC S=SEG019         G=(none)  M=SEG021.ASM ACBP=28
 26B1:00AD 0000 C=STUNTSC S=SEG019         G=(none)  M=SEG022.ASM ACBP=28
 26B1:00AD 0000 C=STUNTSC S=SEG019         G=(none)  M=SEG023.ASM ACBP=28
 26B1:00AD 0000 C=STUNTSC S=SEG019         G=(none)  M=SEG024.ASM ACBP=28
 26B1:00AD 0000 C=STUNTSC S=SEG019         G=(none)  M=SEG025.ASM ACBP=28
 26B1:00AD 0000 C=STUNTSC S=SEG019         G=(none)  M=SEG026.ASM ACBP=28
 26B1:00AD 0000 C=STUNTSC S=SEG019         G=(none)  M=SEG027.ASM ACBP=28
 26B1:00AD 0000 C=STUNTSC S=SEG019         G=(none)  M=SEG028.ASM ACBP=28
 26B1:00AD 0000 C=STUNTSC S=SEG019         G=(none)  M=SEG029.ASM ACBP=28
 26B1:00AD 0000 C=STUNTSC S=SEG019         G=(none)  M=SEG030.ASM ACBP=28
 26B1:00AD 0000 C=STUNTSC S=SEG019         G=(none)  M=SEG031.ASM ACBP=28
 26B1:00AD 0000 C=STUNTSC S=SEG019         G=(none)  M=SEG032.ASM ACBP=28
 26B1:00AD 0000 C=STUNTSC S=SEG019         G=(none)  M=SEG033.ASM ACBP=28
 26B1:00AD 0000 C=STUNTSC S=SEG019         G=(none)  M=SEG034.ASM ACBP=28
 26B1:00AD 0000 C=STUNTSC S=SEG019         G=(none)  M=SEG035.ASM ACBP=28
 26B1:00AD 0000 C=STUNTSC S=SEG019         G=(none)  M=SEG036.ASM ACBP=28
 26B1:00AD 0000 C=STUNTSC S=SEG019         G=(none)  M=SEG037.ASM ACBP=28
 26B1:00AD 0000 C=STUNTSC S=SEG019         G=(none)  M=SEG038.ASM ACBP=28
 26B1:00AD 0000 C=STUNTSC S=SEG019         G=(none)  M=SEG039.ASM ACBP=28
 26B1:00AD 0000 C=STUNTSC S=SEG019         G=(none)  M=DSEG.ASM   ACBP=28
 26B1:00AD 0000 C=STUNTSC S=SEG019         G=(none)  M=SEG041.ASM ACBP=28
 26BB:000D 0000 C=STUNTSC S=SEG020         G=(none)  M=SEG000.ASM ACBP=28
 26BB:000D 0000 C=STUNTSC S=SEG020         G=(none)  M=SEG001.ASM ACBP=28
 26BB:000D 0000 C=STUNTSC S=SEG020         G=(none)  M=SEG002.ASM ACBP=28
 26BB:000D 0000 C=STUNTSC S=SEG020         G=(none)  M=SEG003.ASM ACBP=28
 26BB:000D 0000 C=STUNTSC S=SEG020         G=(none)  M=SEG004.ASM ACBP=28
 26BB:000D 0000 C=STUNTSC S=SEG020         G=(none)  M=SEG005.ASM ACBP=28
 26BB:000D 0000 C=STUNTSC S=SEG020         G=(none)  M=SEG006.ASM ACBP=28
 26BB:000D 0000 C=STUNTSC S=SEG020         G=(none)  M=SEG007.ASM ACBP=28
 26BB:000D 0000 C=STUNTSC S=SEG020         G=(none)  M=SEG008.ASM ACBP=28
 26BB:000D 0000 C=STUNTSC S=SEG020         G=(none)  M=SEG009.ASM ACBP=28
 26BB:000D 0000 C=STUNTSC S=SEG020         G=(none)  M=SEG010.ASM ACBP=28
 26BB:000D 0000 C=STUNTSC S=SEG020         G=(none)  M=SEG011.ASM ACBP=28
 26BB:000D 0000 C=STUNTSC S=SEG020         G=(none)  M=SEG012.ASM ACBP=28
 26BB:000D 0000 C=STUNTSC S=SEG020         G=(none)  M=SEG013.ASM ACBP=28
 26BB:000D 0000 C=STUNTSC S=SEG020         G=(none)  M=SEG014.ASM ACBP=28
 26BB:000D 0000 C=STUNTSC S=SEG020         G=(none)  M=SEG015.ASM ACBP=28
 26BB:000D 0000 C=STUNTSC S=SEG020         G=(none)  M=SEG016.ASM ACBP=28
 26BB:000D 0000 C=STUNTSC S=SEG020         G=(none)  M=SEG017.ASM ACBP=28
 26BB:000D 0000 C=STUNTSC S=SEG020         G=(none)  M=SEG018.ASM ACBP=28
 26BB:000D 0000 C=STUNTSC S=SEG020         G=(none)  M=SEG019.ASM ACBP=28
 26BB:000D 002B C=STUNTSC S=SEG020         G=(none)  M=SEG020.ASM ACBP=28
 26BB:0038 0000 C=STUNTSC S=SEG020         G=(none)  M=SEG021.ASM ACBP=28
 26BB:0038 0000 C=STUNTSC S=SEG020         G=(none)  M=SEG022.ASM ACBP=28
 26BB:0038 0000 C=STUNTSC S=SEG020         G=(none)  M=SEG023.ASM ACBP=28
 26BB:0038 0000 C=STUNTSC S=SEG020         G=(none)  M=SEG024.ASM ACBP=28
 26BB:0038 0000 C=STUNTSC S=SEG020         G=(none)  M=SEG025.ASM ACBP=28
 26BB:0038 0000 C=STUNTSC S=SEG020         G=(none)  M=SEG026.ASM ACBP=28
 26BB:0038 0000 C=STUNTSC S=SEG020         G=(none)  M=SEG027.ASM ACBP=28
 26BB:0038 0000 C=STUNTSC S=SEG020         G=(none)  M=SEG028.ASM ACBP=28
 26BB:0038 0000 C=STUNTSC S=SEG020         G=(none)  M=SEG029.ASM ACBP=28
 26BB:0038 0000 C=STUNTSC S=SEG020         G=(none)  M=SEG030.ASM ACBP=28
 26BB:0038 0000 C=STUNTSC S=SEG020         G=(none)  M=SEG031.ASM ACBP=28
 26BB:0038 0000 C=STUNTSC S=SEG020         G=(none)  M=SEG032.ASM ACBP=28
 26BB:0038 0000 C=STUNTSC S=SEG020         G=(none)  M=SEG033.ASM ACBP=28
 26BB:0038 0000 C=STUNTSC S=SEG020         G=(none)  M=SEG034.ASM ACBP=28
 26BB:0038 0000 C=STUNTSC S=SEG020         G=(none)  M=SEG035.ASM ACBP=28
 26BB:0038 0000 C=STUNTSC S=SEG020         G=(none)  M=SEG036.ASM ACBP=28
 26BB:0038 0000 C=STUNTSC S=SEG020         G=(none)  M=SEG037.ASM ACBP=28
 26BB:0038 0000 C=STUNTSC S=SEG020         G=(none)  M=SEG038.ASM ACBP=28
 26BB:0038 0000 C=STUNTSC S=SEG020         G=(none)  M=SEG039.ASM ACBP=28
 26BB:0038 0000 C=STUNTSC S=SEG020         G=(none)  M=DSEG.ASM   ACBP=28
 26BB:0038 0000 C=STUNTSC S=SEG020         G=(none)  M=SEG041.ASM ACBP=28
 26BE:0008 0000 C=STUNTSC S=SEG021         G=(none)  M=SEG000.ASM ACBP=28
 26BE:0008 0000 C=STUNTSC S=SEG021         G=(none)  M=SEG001.ASM ACBP=28
 26BE:0008 0000 C=STUNTSC S=SEG021         G=(none)  M=SEG002.ASM ACBP=28
 26BE:0008 0000 C=STUNTSC S=SEG021         G=(none)  M=SEG003.ASM ACBP=28
 26BE:0008 0000 C=STUNTSC S=SEG021         G=(none)  M=SEG004.ASM ACBP=28
 26BE:0008 0000 C=STUNTSC S=SEG021         G=(none)  M=SEG005.ASM ACBP=28
 26BE:0008 0000 C=STUNTSC S=SEG021         G=(none)  M=SEG006.ASM ACBP=28
 26BE:0008 0000 C=STUNTSC S=SEG021         G=(none)  M=SEG007.ASM ACBP=28
 26BE:0008 0000 C=STUNTSC S=SEG021         G=(none)  M=SEG008.ASM ACBP=28
 26BE:0008 0000 C=STUNTSC S=SEG021         G=(none)  M=SEG009.ASM ACBP=28
 26BE:0008 0000 C=STUNTSC S=SEG021         G=(none)  M=SEG010.ASM ACBP=28
 26BE:0008 0000 C=STUNTSC S=SEG021         G=(none)  M=SEG011.ASM ACBP=28
 26BE:0008 0000 C=STUNTSC S=SEG021         G=(none)  M=SEG012.ASM ACBP=28
 26BE:0008 0000 C=STUNTSC S=SEG021         G=(none)  M=SEG013.ASM ACBP=28
 26BE:0008 0000 C=STUNTSC S=SEG021         G=(none)  M=SEG014.ASM ACBP=28
 26BE:0008 0000 C=STUNTSC S=SEG021         G=(none)  M=SEG015.ASM ACBP=28
 26BE:0008 0000 C=STUNTSC S=SEG021         G=(none)  M=SEG016.ASM ACBP=28
 26BE:0008 0000 C=STUNTSC S=SEG021         G=(none)  M=SEG017.ASM ACBP=28
 26BE:0008 0000 C=STUNTSC S=SEG021         G=(none)  M=SEG018.ASM ACBP=28
 26BE:0008 0000 C=STUNTSC S=SEG021         G=(none)  M=SEG019.ASM ACBP=28
 26BE:0008 0000 C=STUNTSC S=SEG021         G=(none)  M=SEG020.ASM ACBP=28
 26BE:0008 0096 C=STUNTSC S=SEG021         G=(none)  M=SEG021.ASM ACBP=28
 26BE:009E 0000 C=STUNTSC S=SEG021         G=(none)  M=SEG022.ASM ACBP=28
 26BE:009E 0000 C=STUNTSC S=SEG021         G=(none)  M=SEG023.ASM ACBP=28
 26BE:009E 0000 C=STUNTSC S=SEG021         G=(none)  M=SEG024.ASM ACBP=28
 26BE:009E 0000 C=STUNTSC S=SEG021         G=(none)  M=SEG025.ASM ACBP=28
 26BE:009E 0000 C=STUNTSC S=SEG021         G=(none)  M=SEG026.ASM ACBP=28
 26BE:009E 0000 C=STUNTSC S=SEG021         G=(none)  M=SEG027.ASM ACBP=28
 26BE:009E 0000 C=STUNTSC S=SEG021         G=(none)  M=SEG028.ASM ACBP=28
 26BE:009E 0000 C=STUNTSC S=SEG021         G=(none)  M=SEG029.ASM ACBP=28
 26BE:009E 0000 C=STUNTSC S=SEG021         G=(none)  M=SEG030.ASM ACBP=28
 26BE:009E 0000 C=STUNTSC S=SEG021         G=(none)  M=SEG031.ASM ACBP=28
 26BE:009E 0000 C=STUNTSC S=SEG021         G=(none)  M=SEG032.ASM ACBP=28
 26BE:009E 0000 C=STUNTSC S=SEG021         G=(none)  M=SEG033.ASM ACBP=28
 26BE:009E 0000 C=STUNTSC S=SEG021         G=(none)  M=SEG034.ASM ACBP=28
 26BE:009E 0000 C=STUNTSC S=SEG021         G=(none)  M=SEG035.ASM ACBP=28
 26BE:009E 0000 C=STUNTSC S=SEG021         G=(none)  M=SEG036.ASM ACBP=28
 26BE:009E 0000 C=STUNTSC S=SEG021         G=(none)  M=SEG037.ASM ACBP=28
 26BE:009E 0000 C=STUNTSC S=SEG021         G=(none)  M=SEG038.ASM ACBP=28
 26BE:009E 0000 C=STUNTSC S=SEG021         G=(none)  M=SEG039.ASM ACBP=28
 26BE:009E 0000 C=STUNTSC S=SEG021         G=(none)  M=DSEG.ASM   ACBP=28
 26BE:009E 0000 C=STUNTSC S=SEG021         G=(none)  M=SEG041.ASM ACBP=28
 26C7:000E 0000 C=STUNTSC S=SEG022         G=(none)  M=SEG000.ASM ACBP=28
 26C7:000E 0000 C=STUNTSC S=SEG022         G=(none)  M=SEG001.ASM ACBP=28
 26C7:000E 0000 C=STUNTSC S=SEG022         G=(none)  M=SEG002.ASM ACBP=28
 26C7:000E 0000 C=STUNTSC S=SEG022         G=(none)  M=SEG003.ASM ACBP=28
 26C7:000E 0000 C=STUNTSC S=SEG022         G=(none)  M=SEG004.ASM ACBP=28
 26C7:000E 0000 C=STUNTSC S=SEG022         G=(none)  M=SEG005.ASM ACBP=28
 26C7:000E 0000 C=STUNTSC S=SEG022         G=(none)  M=SEG006.ASM ACBP=28
 26C7:000E 0000 C=STUNTSC S=SEG022         G=(none)  M=SEG007.ASM ACBP=28
 26C7:000E 0000 C=STUNTSC S=SEG022         G=(none)  M=SEG008.ASM ACBP=28
 26C7:000E 0000 C=STUNTSC S=SEG022         G=(none)  M=SEG009.ASM ACBP=28
 26C7:000E 0000 C=STUNTSC S=SEG022         G=(none)  M=SEG010.ASM ACBP=28
 26C7:000E 0000 C=STUNTSC S=SEG022         G=(none)  M=SEG011.ASM ACBP=28
 26C7:000E 0000 C=STUNTSC S=SEG022         G=(none)  M=SEG012.ASM ACBP=28
 26C7:000E 0000 C=STUNTSC S=SEG022         G=(none)  M=SEG013.ASM ACBP=28
 26C7:000E 0000 C=STUNTSC S=SEG022         G=(none)  M=SEG014.ASM ACBP=28
 26C7:000E 0000 C=STUNTSC S=SEG022         G=(none)  M=SEG015.ASM ACBP=28
 26C7:000E 0000 C=STUNTSC S=SEG022         G=(none)  M=SEG016.ASM ACBP=28
 26C7:000E 0000 C=STUNTSC S=SEG022         G=(none)  M=SEG017.ASM ACBP=28
 26C7:000E 0000 C=STUNTSC S=SEG022         G=(none)  M=SEG018.ASM ACBP=28
 26C7:000E 0000 C=STUNTSC S=SEG022         G=(none)  M=SEG019.ASM ACBP=28
 26C7:000E 0000 C=STUNTSC S=SEG022         G=(none)  M=SEG020.ASM ACBP=28
 26C7:000E 0000 C=STUNTSC S=SEG022         G=(none)  M=SEG021.ASM ACBP=28
 26C7:000E 0242 C=STUNTSC S=SEG022         G=(none)  M=SEG022.ASM ACBP=28
 26C7:0250 0000 C=STUNTSC S=SEG022         G=(none)  M=SEG023.ASM ACBP=28
 26C7:0250 0000 C=STUNTSC S=SEG022         G=(none)  M=SEG024.ASM ACBP=28
 26C7:0250 0000 C=STUNTSC S=SEG022         G=(none)  M=SEG025.ASM ACBP=28
 26C7:0250 0000 C=STUNTSC S=SEG022         G=(none)  M=SEG026.ASM ACBP=28
 26C7:0250 0000 C=STUNTSC S=SEG022         G=(none)  M=SEG027.ASM ACBP=28
 26C7:0250 0000 C=STUNTSC S=SEG022         G=(none)  M=SEG028.ASM ACBP=28
 26C7:0250 0000 C=STUNTSC S=SEG022         G=(none)  M=SEG029.ASM ACBP=28
 26C7:0250 0000 C=STUNTSC S=SEG022         G=(none)  M=SEG030.ASM ACBP=28
 26C7:0250 0000 C=STUNTSC S=SEG022         G=(none)  M=SEG031.ASM ACBP=28
 26C7:0250 0000 C=STUNTSC S=SEG022         G=(none)  M=SEG032.ASM ACBP=28
 26C7:0250 0000 C=STUNTSC S=SEG022         G=(none)  M=SEG033.ASM ACBP=28
 26C7:0250 0000 C=STUNTSC S=SEG022         G=(none)  M=SEG034.ASM ACBP=28
 26C7:0250 0000 C=STUNTSC S=SEG022         G=(none)  M=SEG035.ASM ACBP=28
 26C7:0250 0000 C=STUNTSC S=SEG022         G=(none)  M=SEG036.ASM ACBP=28
 26C7:0250 0000 C=STUNTSC S=SEG022         G=(none)  M=SEG037.ASM ACBP=28
 26C7:0250 0000 C=STUNTSC S=SEG022         G=(none)  M=SEG038.ASM ACBP=28
 26C7:0250 0000 C=STUNTSC S=SEG022         G=(none)  M=SEG039.ASM ACBP=28
 26C7:0250 0000 C=STUNTSC S=SEG022         G=(none)  M=DSEG.ASM   ACBP=28
 26C7:0250 0000 C=STUNTSC S=SEG022         G=(none)  M=SEG041.ASM ACBP=28
 26EC:0000 0000 C=STUNTSC S=SEG023         G=(none)  M=SEG000.ASM ACBP=28
 26EC:0000 0000 C=STUNTSC S=SEG023         G=(none)  M=SEG001.ASM ACBP=28
 26EC:0000 0000 C=STUNTSC S=SEG023         G=(none)  M=SEG002.ASM ACBP=28
 26EC:0000 0000 C=STUNTSC S=SEG023         G=(none)  M=SEG003.ASM ACBP=28
 26EC:0000 0000 C=STUNTSC S=SEG023         G=(none)  M=SEG004.ASM ACBP=28
 26EC:0000 0000 C=STUNTSC S=SEG023         G=(none)  M=SEG005.ASM ACBP=28
 26EC:0000 0000 C=STUNTSC S=SEG023         G=(none)  M=SEG006.ASM ACBP=28
 26EC:0000 0000 C=STUNTSC S=SEG023         G=(none)  M=SEG007.ASM ACBP=28
 26EC:0000 0000 C=STUNTSC S=SEG023         G=(none)  M=SEG008.ASM ACBP=28
 26EC:0000 0000 C=STUNTSC S=SEG023         G=(none)  M=SEG009.ASM ACBP=28
 26EC:0000 0000 C=STUNTSC S=SEG023         G=(none)  M=SEG010.ASM ACBP=28
 26EC:0000 0000 C=STUNTSC S=SEG023         G=(none)  M=SEG011.ASM ACBP=28
 26EC:0000 0000 C=STUNTSC S=SEG023         G=(none)  M=SEG012.ASM ACBP=28
 26EC:0000 0000 C=STUNTSC S=SEG023         G=(none)  M=SEG013.ASM ACBP=28
 26EC:0000 0000 C=STUNTSC S=SEG023         G=(none)  M=SEG014.ASM ACBP=28
 26EC:0000 0000 C=STUNTSC S=SEG023         G=(none)  M=SEG015.ASM ACBP=28
 26EC:0000 0000 C=STUNTSC S=SEG023         G=(none)  M=SEG016.ASM ACBP=28
 26EC:0000 0000 C=STUNTSC S=SEG023         G=(none)  M=SEG017.ASM ACBP=28
 26EC:0000 0000 C=STUNTSC S=SEG023         G=(none)  M=SEG018.ASM ACBP=28
 26EC:0000 0000 C=STUNTSC S=SEG023         G=(none)  M=SEG019.ASM ACBP=28
 26EC:0000 0000 C=STUNTSC S=SEG023         G=(none)  M=SEG020.ASM ACBP=28
 26EC:0000 0000 C=STUNTSC S=SEG023         G=(none)  M=SEG021.ASM ACBP=28
 26EC:0000 0000 C=STUNTSC S=SEG023         G=(none)  M=SEG022.ASM ACBP=28
 26EC:0000 0069 C=STUNTSC S=SEG023         G=(none)  M=SEG023.ASM ACBP=28
 26EC:0069 0000 C=STUNTSC S=SEG023         G=(none)  M=SEG024.ASM ACBP=28
 26EC:0069 0000 C=STUNTSC S=SEG023         G=(none)  M=SEG025.ASM ACBP=28
 26EC:0069 0000 C=STUNTSC S=SEG023         G=(none)  M=SEG026.ASM ACBP=28
 26EC:0069 0000 C=STUNTSC S=SEG023         G=(none)  M=SEG027.ASM ACBP=28
 26EC:0069 0000 C=STUNTSC S=SEG023         G=(none)  M=SEG028.ASM ACBP=28
 26EC:0069 0000 C=STUNTSC S=SEG023         G=(none)  M=SEG029.ASM ACBP=28
 26EC:0069 0000 C=STUNTSC S=SEG023         G=(none)  M=SEG030.ASM ACBP=28
 26EC:0069 0000 C=STUNTSC S=SEG023         G=(none)  M=SEG031.ASM ACBP=28
 26EC:0069 0000 C=STUNTSC S=SEG023         G=(none)  M=SEG032.ASM ACBP=28
 26EC:0069 0000 C=STUNTSC S=SEG023         G=(none)  M=SEG033.ASM ACBP=28
 26EC:0069 0000 C=STUNTSC S=SEG023         G=(none)  M=SEG034.ASM ACBP=28
[...]
 2B1F:4BB2       SPRITEFUNC
 2B1F:4BB6       IMAGEFUNC
 2B1F:4BBA       BYTE_4032A
 2B1F:4BBB       BYTE_4032B
 2B1F:4BBC       BYTE_4032C
 2B1F:4BBE       WORD_4032E
 2B1F:4BC0       WORD_40330
 2B1F:4BC2       WORD_40332
 2B1F:4BC4       WORD_40334
 2B1F:4C3E       PROJECTIONDATA3
 2B1F:4C40       PROJECTIONDATA6
 2B1F:4C42       PROJECTIONDATA4
 2B1F:4C44       PROJECTIONDATA7
 2B1F:4C46       PROJECTIONDATA5
 2B1F:4C48       PROJECTIONDATA8
 2B1F:4C4A       PROJECTIONDATA9
 2B1F:4C4C       PROJECTIONDATA10
 2B1F:4C4E       PROJECTIONDATA1
 2B1F:4C50       PROJECTIONDATA2
 2B1F:4C52       AWINDOWRELEASED
 2B1F:4C72       ASFILEERROR_0
 2B1F:4C82       CURRENTVIDEOMODE
 2B1F:4C83       BYTE_403F3
 2B1F:4C84       SINETABLE
 2B1F:4E86       TIMER_COPY_UNK
 2B1F:4E8A       LAST_TIMER_CALLBACK_COUNTER
 2B1F:4E8E       WORD_405FE
 2B1F:4E90       FONTDEFSEG
 2B1F:4E94       AHDR1
 2B1F:4E9A       AUDIODRIVERBINARY
 2B1F:4EC0       BYTE_40630
 2B1F:4EC1       AUDIOFLAG2
 2B1F:4EC2       BYTE_40632
 2B1F:4EC3       AUDIOFLAG6
 2B1F:4EC4       BYTE_40634
 2B1F:4EC5       BYTE_40635
 2B1F:4EC6       UNK_40636
 2B1F:4EC9       BYTE_40639
 2B1F:4ECA       WORD_4063A
 2B1F:4ECC       WORD_4063C
 2B1F:4ECE       UNK_4063E
 2B1F:4ECF       ADRV
 2B1F:4ED3       AMT32_PLB
 2B1F:4EDC       ACANTFINDDRIVER
 2B1F:4EF0       AGE
 2B1F:4EF3       AGE_0
 2B1F:4EF6       ABLANKSTR
 2B1F:4EF7       ABLANKSTR2
 2B1F:4EF8       ADSF
 2B1F:4EFC       ASFX
 2B1F:4F00       ACANNOTLOADSFXFILES
 2B1F:4F18       AKMS
 2B1F:4F1C       ACANNOTLOADSONGFILES
 2B1F:4F35       ADVC
 2B1F:4F39       AVCE
 2B1F:4F3D       ACANNOTLOADVOICEFILES
 2B1F:4F57       ASLB
 2B1F:4F5B       ACANNOTLOADSAMPLEFILES
 2B1F:4F76       AHDR1_0
 2B1F:4F7B       ABASD
 2B1F:4F80       ASNAR
 2B1F:4F85       ATOMM
 2B1F:4F8A       ARIDE
 2B1F:4F8F       ACRSH
 2B1F:4F94       ACHHT
 2B1F:4F99       AOHHT
 2B1F:4F9E       AHDR1_1
 2B1F:503A       WORD_407AA
 2B1F:503C       UNK_407AC
 2B1F:505A       DIALOG_FNT_COLOUR
 2B1F:505C       WORD_407CC
 2B1F:505E       WORD_407CE
 2B1F:5060       WORD_407D0
 2B1F:5062       WORD_407D2
 2B1F:5064       WORD_407D4
 2B1F:5066       WORD_407D6
 2B1F:5068       WORD_407D8
 2B1F:506A       WORD_407DA
 2B1F:506C       WORD_407DC
 2B1F:506E       WORD_407DE
 2B1F:5070       WORD_407E0
 2B1F:5072       WORD_407E2
 2B1F:5074       WORD_407E4
 2B1F:5076       WORD_407E6
 2B1F:5078       WORD_407E8
 2B1F:507A       WORD_407EA
 2B1F:507C       WORD_407EC
 2B1F:507E       WORD_407EE
 2B1F:5080       WORD_407F0
 2B1F:5082       WORD_407F2
 2B1F:5084       WORD_407F4
 2B1F:5086       WORD_407F6
 2B1F:5088       WORD_407F8
 2B1F:508A       WORD_407FA
 2B1F:508C       WORD_407FC
 2B1F:508E       WORD_407FE
 2B1F:5090       PERFORMGRAPHCOLOR
 2B1F:5092       DIALOGARG2
 2B1F:5094       MATERIAL_COLOR_LIST
 2B1F:5196       MATERIAL_PATTERN_LIST
 2B1F:5298       MATERIAL_PATTERN2_LIST
 2B1F:539A       MATERIAL_CLRLIST_PTR
 2B1F:539C       MATERIAL_CLRLIST2_PTR
 2B1F:539E       MATERIAL_PATLIST_PTR
 2B1F:53A0       MATERIAL_PATLIST2_PTR
 2B1F:53A2       AUDIODRIVERSTRING
 2B1F:53A7       ASDMAIN
 2B1F:53AE       APAL
 2B1F:53B3       ASMOU
 2B1F:53B8       ASDMAIN_0
 2B1F:53BF       ASMOU_0
 2B1F:53C4       AMMOU
 2B1F:53D0       ACOPYRIGHTCUNLIMITEDSOFTWAREINC_198
 2B1F:541C       AMCGAWINDOW
 2B1F:5428       AWINDOWDEFOUTOFROWTABLESPA
 2B1F:544C       A_PVS_0
 2B1F:5451       A_XVS_0
 2B1F:5456       A_VSH
 2B1F:545B       A_PES_0
 2B1F:5460       A_ESH_0
 2B1F:5465       SHAPEEXTEND
 2B1F:5466       SHAPEEXTS
 2B1F:5472       PALMAP
 2B1F:5482       A_PVS
 2B1F:5487       AUNFLIP_0
 2B1F:548E       A_XVS
 2B1F:5493       A_PES
 2B1F:5498       AUNFLIP
 2B1F:549F       A_ESH
 2B1F:54A4       AMGA
 2B1F:54AE       DWORD_40C1E
 2B1F:54B2       DWORD_40C22
 2B1F:54B6       DWORD_40C26
 2B1F:54BA       _FLUSHALLPTR
 2B1F:54BE       ANMSG
 2B1F:54C8       AR6000STACKOVER
 2B1F:55CA       WORD_40D3A
 2B1F:55CC       WORD_40D3C
 2B1F:55CE       WORD_40D3E
 2B1F:55D0       WORD_40D40
 2B1F:55D2       END_HISCORE_RANDOM
 2B1F:55D4       WORD_40D44
 2B1F:55D6       MAT_UNK2
 2B1F:55E8       MAT_PLANETMP
 2B1F:55FA       BYTE_40D6A
 2B1F:55FC       WORD_40D6C
 2B1F:5600       WORD_40D70
 2B1F:5604       WORD_40D74
 2B1F:5608       WORD_40D78
 2B1F:560C       STDARESPTR
 2B1F:5610       WHLSPRITE1
 2B1F:5614       STDBRESPTR
 2B1F:5618       DIGSHAPES
 2B1F:5640       WHLSHAPES
 2B1F:5664       GNOBSHAPES
 2B1F:567C       WHLSPRITE2
 2B1F:5680       BYTE_40DF0
 2B1F:5682       WORD_40DF2
 2B1F:5686       WORD_40DF6
 2B1F:568A       BYTE_40DFA
 2B1F:568C       WHLSPRITE3
 2B1F:5690       WORD_40E00
 2B1F:5694       WORD_40E04
 2B1F:5698       BYTE_40E08
 2B1F:569A       WORD_40E0A
 2B1F:569E       RPLYSHAPES
 2B1F:56FA       BYTE_40E6A
 2B1F:56FC       BYTE_40E6C
 2B1F:56FD       BYTE_40E6D
 2B1F:5704       BYTE_40E74
 2B1F:5706       WORD_40E76
 2B1F:570A       BYTE_40E7A
 2B1F:570E       UNK_40E7E
 2B1F:571C       MAT_Y200
 2B1F:572E       MAT_Y100
 2B1F:5740       SELECT_RECT_RC
 2B1F:5748       MAT_Y300
 2B1F:575A       TRANSSHAPEPOLYINFO
 2B1F:575E       WORD_40ECE
 2B1F:5760       SELECT_RECT_PARAM
 2B1F:5762       POLYINFOPTR
 2B1F:5766       WORD_40ED6
 2B1F:5A86       WORD_411F6
 2B1F:5A88       POLYINFOPTRS
 2B1F:60CE       MAT_Y0
 2B1F:60E0       POLYINFOPTRNEXT
 2B1F:60E2       TRANSSHAPENUMPAINTS
 2B1F:60E4       POLYVERTPOINTPTRTAB
 2B1F:60FA       TRANSSHAPEPRIMPTR
 2B1F:60FE       TRANSSHAPEFLAGS
 2B1F:6100       TRANSSHAPEPRIMITIVES
 2B1F:6104       TRANSSHAPEPRIMINDEXPTR
 2B1F:6108       TRANSSHAPERECTPTR
 2B1F:610A       TRANSSHAPEMATERIAL
 2B1F:610C       TRANSSHAPENUMVERTS
 2B1F:610E       TRANSSHAPEVERTS
 2B1F:6112       TRANSPRIMITIVEPAINTJOB
 2B1F:6114       COS80
 2B1F:6118       SIN80
 2B1F:611C       COS80_2
 2B1F:6120       SIN80_2
 2B1F:6364       AUDIOTIMERS
 2B1F:6AD0       WORD_42240
 2B1F:6AD2       WORD_42242
 2B1F:6AD4       WORD_42244
 2B1F:6AD6       BYTE_42246
 2B1F:6AD8       WORD_42248
 2B1F:6ADA       WORD_4224A
 2B1F:6ADC       WORD_4224C
 2B1F:6ADE       WORD_4224E
 2B1F:6AE0       WORD_42250
 2B1F:6AE2       WORD_42252
 2B1F:6AE4       WORD_42254
 2B1F:6AE6       WORD_42256
 2B1F:6AE8       TRACKSMENUSHAPE2DUNK
 2B1F:6DD0       PBOXSHAPE
 2B1F:6DD4       TRACKSMENUSHAPE2DUNK2
 2B1F:70BC       TRACKSMENUSHAPES2
 2B1F:70CC       TRACKSMENUSHAPES1
 2B1F:7118       TRACKSMENUSHAPES3
 2B1F:7128       WORD_42898
 2B1F:712A       OFF_4289A
 2B1F:712C       WORD_4289C
 2B1F:712E       WORD_4289E
 2B1F:7130       WORD_428A0
 2B1F:7132       WORD_428A2
 2B1F:7134       WORD_428A4
 2B1F:7136       WORD_428A6
 2B1F:7138       WORD_428A8
 2B1F:713A       WORD_428AA
 2B1F:713C       WORD_428AC
 2B1F:713E       WORD_428AE
 2B1F:7140       WORD_428B0
 2B1F:7142       WORD_428B2
 2B1F:7144       WORD_428B4
 2B1F:7146       OFF_428B6
 2B1F:7148       WORD_428B8
 2B1F:714A       WORD_428BA
 2B1F:714C       WORD_428BC
 2B1F:714E       BYTE_428BE
 2B1F:7166       BYTE_428D6
 2B1F:7282       WORD_429F2
 2B1F:7284       WORD_429F4
 2B1F:7292       BYTE_42A02
 2B1F:7293       BYTE_42A03
 2B1F:7294       WORD_42A04
 2B1F:7296       WORD_42A06
 2B1F:7298       BYTE_42A08
 2B1F:729A       WORD_42A0A
 2B1F:729C       WORD_42A0C
 2B1F:729E       BYTE_42A0E
 2B1F:72A0       WORD_42A10
 2B1F:72A2       WORD_42A12
 2B1F:72A6       WORD_42A16
 2B1F:72A8       WORD_42A18
 2B1F:72AA       WORD_42A1A
 2B1F:72AC       WORD_42A1C
 2B1F:72AE       OFF_42A1E
 2B1F:72B0       WORD_42A20
 2B1F:72B2       WORD_42A22
 2B1F:72B4       UNK_42A24
 2B1F:72C0       TD10_TRACK_CHECK_REL
 2B1F:72C4       BASDRES
 2B1F:72C8       FOLLOWOPPONENTFLAG_COPY
 2B1F:72CA       CURRENTTRANSSHAPE
 2B1F:750E       TERRAINCENTERPOS
 2B1F:754A       CARSHAPEVEC
 2B1F:7550       CARSHAPEVEC2
 2B1F:7556       TRACKPOS2
 2B1F:7592       ELAPSED_TIME2
 2B1F:7594       OPPCARSHAPEVEC
 2B1F:759A       OPPCARSHAPEVEC2
 2B1F:75A0       SPRITE_PTRS
 2B1F:75B0       WALLSTARTX
 2B1F:75B2       TD01_TRACK_FILE_CPY
 2B1F:75B6       BYTE_42D26
 2B1F:75B8       RUN_GAME_RANDOM
 2B1F:75BA       BYTE_42D2A
 2B1F:75BC       WALLSTARTZ
 2B1F:75BE       AUDIO_FILETEMP
 2B1F:763E       AUDIODRIVERSTRING2
 2B1F:764C       GAME3DSHAPES
 2B1F:8178       TD02_PENALTY_RELATED
 2B1F:817C       TRACKPOS
 2B1F:81B8       CHHTRES
 2B1F:81BC       BYTE_4392C
 2B1F:81BE       MCGAWNDSPRITE
 2B1F:81C2       SKYBOX_CURRENT
 2B1F:81C4       RECT_WINDSHIELD
 2B1F:81CC       BYTE_4393C
 2B1F:81CD       BYTE_4393D
 2B1F:81CE       SNARRES
 2B1F:81D2       TRACKDATA3
 2B1F:81DA       TOMMRES
 2B1F:81DE       WORD_4394E
 2B1F:81E0       DASHB_TOGGLE
 2B1F:81E2       MAT_Z_ROT
 2B1F:81F4       WORD_43964
 2B1F:81F6       BYTE_43966
 2B1F:81F7       GSNA_STRING
 2B1F:81FC       AUDIOCHUNKS_UNK
 2B1F:83C4       BYTE_43B34
 2B1F:86BC       AUDIOCHUNKS_UNK2
 2B1F:891C       WORD_4408C
 2B1F:8B1E       WALLINDEX
 2B1F:8B20       BYTE_44290
 2B1F:8B22       BYTE_44292
 2B1F:8B62       MAT_UNK
 2B1F:8B74       BYTE_442E4
 2B1F:8B76       POLYINFONUMPOLYS
 2B1F:8B78       MOUSE_BUTSTATE
 2B1F:8B7A       BYTE_442EA
 2B1F:8BBA       BYTE_4432A
 2B1F:8BBC       CRSHRES
 2B1F:8BC0       LOGOSHAPE
 2B1F:8BD6       BYTE_44346
 2B1F:8BD8       GSTATE_TRAVDIST
 2B1F:8BDC       GSTATE_FRAME
 2B1F:8BDE       GSTATE_TOTAL_FINISH_TIME
 2B1F:8BE0       GSTATE_144
 2B1F:8BE2       GSTATE_PENDFRAME
 2B1F:8BE4       GSTATE_OENDFRAME
 2B1F:8BE6       GSTATE_PENALTY
 2B1F:8BE8       GSTATE_IMPACTSPEED
 2B1F:8BEA       GSTATE_TOPSPEED
 2B1F:8BEC       GSTATE_JUMPCOUNT
 2B1F:8BEE       PSTATE_MINUSROTATE_Y_1
 2B1F:8BF0       SONGFILEPTR
 2B1F:8BF4       MMOUSPRITEPTR
 2B1F:8BF8       OHHTRES
 2B1F:8BFC       LOGO2SHAPE
 2B1F:8C12       WAITFLAG
 2B1F:8C14       GNAM_STRING
 2B1F:8C3C       TERRAINROWS
 2B1F:8C78       WORD_443E8
 2B1F:8C82       WORD_443F2
 2B1F:8C84       WORD_443F4
 2B1F:8C86       TD20_TRK_FILE_APPND
 2B1F:8C8A       CARSHAPEVECS
 2B1F:8CAE       CARSHAPEVECS2
 2B1F:8CD2       CARSHAPEVECS3
 2B1F:8CF6       CARSHAPEVECS4
 2B1F:8D1A       WORD_4448A
 2B1F:8D24       STATE
 2B1F:9184       OPPCARSHAPEVECS
 2B1F:91A8       OPPCARSHAPEVECS2
 2B1F:91CC       OPPCARSHAPEVECS3
 2B1F:91F0       OPPCARSHAPEVECS4
 2B1F:9214       TIMERTESTFLAG_COPY
 2B1F:9216       PSTATE_MINUSROTATE_X_1
 2B1F:9218       ELRDWALLRELATED
 2B1F:921A       REGS_X86
 2B1F:9228       PSTATE_MINUSROTATE_Z_1
 2B1F:922A       STARTCOL2
 2B1F:922B       HILLFLAG
 2B1F:922C       WORD_4499C
 2B1F:922E       STARTROW2
 2B1F:922F       SHOW_PENALTY_COUNTER
 2B1F:9230       GAMERESPTR
 2B1F:9234       GAMECONFIG
 2B1F:924E       PSTATE_LVEC1_X
 2B1F:9252       SMOUSPRITEPTR
 2B1F:9256       PSTATE_LVEC1_Y
 2B1F:925A       PSTATE_LVEC1_Z
 2B1F:925E       BYTE_449CE
 2B1F:9260       FRAMESPERSEC
 2B1F:9264       TD17_TRK_ELEM_ORDERED
 2B1F:9268       BYTE_449D8
 2B1F:926A       BYTE_449DA
 2B1F:926C       TRACKDATA9
 2B1F:9270       ELEM_XCENTER
 2B1F:9272       BYTE_449E2
 2B1F:9274       WORD_449E4
 2B1F:9276       BYTE_449E6
 2B1F:9278       STEERWHLRESPTABLE_PTR
 2B1F:927A       WORD_449EA
 2B1F:927C       TERRAINHEIGHT
 2B1F:927E       TRACKDATA12
 2B1F:9282       IDLE_COUNTER
 2B1F:9284       TRANSSHAPENUMVERTSCOPY
 2B1F:9286       ELEM_ZCENTER
 2B1F:9288       CURSHAPEPTR
 2B1F:928C       WORD_449FC
 2B1F:928E       WORD_449FE
 2B1F:9290       OPP_RES
 2B1F:9294       RECT_UNK
 2B1F:929C       RECT_UNK2
 2B1F:92A4       RECT_UNK6
 2B1F:92AC       RECT_UNK12
 2B1F:92B4       RECT_UNK15
 2B1F:92BC       RECT_SKYBOX
 2B1F:92C4       RECT_UNK11
 2B1F:92CC       RECT_UNK9
 2B1F:930C       VOICEFILEPTR
 2B1F:9318       SKYBOX_GRD_COLOR
 2B1F:931A       BYTE_44A8A
 2B1F:931C       WALLHEIGHT
 2B1F:931E       TERRAINPOS
 2B1F:935A       BYTE_44ACA
 2B1F:9372       IDLE_EXPIRED
 2B1F:9374       VIDEO_FLAG1_IS1
 2B1F:9576       TD11_HIGHSCORES
 2B1F:957A       TIMERTESTFLAG
 2B1F:957C       MAINRESPTR
 2B1F:9580       BRAVSHAPE
 2B1F:9596       BYTE_44D06
 2B1F:95AE       WORD_44D1E
 2B1F:95B0       WORD_44D20
 2B1F:95B2       FONTNPTR
 2B1F:95B6       WNDSPRITE
 2B1F:95BA       MAT_Y_ROT
 2B1F:95CC       WORD_44D3C
 2B1F:95CE       TD04_AEROTABLE_PL
 2B1F:95D2       TD14_ELEM_MAP_MAIN
 2B1F:95D6       CORKFLAG
 2B1F:95D7       CURRENT_SURF_TYPE
 2B1F:95D8       WORD_44D48
 2B1F:95DA       TD05_AEROTABLE_OP
 2B1F:95DE       FRAMESPERSEC2
 2B1F:95E0       OPPNENTSPED
 2B1F:95F0       METER_NEEDLE_COLOR
 2B1F:95F2       WORD_44D62
 2B1F:95F4       CURRENT_PLANPTR
 2B1F:95F8       G_PATH_BUF
 2B1F:9656       PLANINDEX
 2B1F:9658       VIDEO_FLAG2_IS1
 2B1F:965A       WORD_44DCA
 2B1F:965C       WORD_44DCC
 2B1F:965E       RECT_ARRAY_UNK3
 2B1F:97C6       VEC_UNK2
 2B1F:97CC       VEC_PLANEROTOPRESULT
 2B1F:97D2       PSTATE_MINUSROTATE_Z_2
 2B1F:97D4       PSTATE_MINUSROTATE_X_2
 2B1F:97D6       PSTATE_MINUSROTATE_Y_2
 2B1F:97D8       PSTATE_F36MMINF40SAR2
 2B1F:97DA       PLANINDEX_COPY
 2B1F:97DC       UNK_44F4C
 2B1F:9D2C       DASTBMP_Y2
 2B1F:9D2E       DASTSEG
 2B1F:9D30       DASMSHAPEPTR
 2B1F:9D34       BYTE_454A4
 2B1F:9D36       ENG1PTR
 2B1F:9D3A       CARRESPTR
 2B1F:9D3E       DASHBMP_Y_COPY
 2B1F:9D40       CAR2RESPTR
 2B1F:9D44       TRACKDATA7
 2B1F:9D48       IS_IN_REPLAY
 2B1F:9D4A       WORD_454BA
 2B1F:9D4C       TD15_TERR_MAP_MAIN
 2B1F:9D50       KBJOYFLAGS
 2B1F:9D52       PLANPTR
 2B1F:9D56       FONTDEFPTR
 2B1F:9D5A       RIDERES
 2B1F:9D5E       WORD_454CE
 2B1F:9D60       TRACKDATA6
 2B1F:9D64       VIDEO_FLAG3_ISFFFF
 2B1F:9D66       TRACKDATA18
 2B1F:9D6A       TRANSFORMEDSHAPE_ZARRAY
 2B1F:9DA4       BACKLIGHTS_PAINT_OVERRIDE
 2B1F:9DA6       TRACK_ANGLE
 2B1F:9DA8       SKYBOX_PTR1
 2B1F:9DAA       SKYBOX_PTR2
 2B1F:9DAC       SKYBOX_PTR3
 2B1F:9DAE       SKYBOX_PTR4
 2B1F:9DB0       RECT_ARRAY_UNK_INDICES
 2B1F:9DBF       BYTE_4552F
 2B1F:9DC0       GAMECONFIGCOPY
 2B1F:9DDA       WORD_4554A
 2B1F:9DDC       RECT_ARRAY_UNK
 2B1F:9E58       MOUSEUNKSPRITEPTR
 2B1F:9E5C       MISCPTR
 2B1F:9E60       SKYBOX_SKY_COLOR
 2B1F:9E62       REPLAYBAR_TOGGLE_COPY
 2B1F:9E64       RECT_ARRAY_UNK3_INDICES
 2B1F:9EBE       TD16_RPL_BUFFER
 2B1F:9EC2       MATERIAL_CLRLIST_PTR_CPY
 2B1F:9EC4       IS_IN_REPLAY_COPY
 2B1F:9EC5       BYTE_45635
 2B1F:9EC6       SDGAME2_WIDTHS
 2B1F:9ECC       TD21_COL_FROM_PATH
 2B1F:9ED0       SIMD_OPPONENT
 2B1F:A1D8       BYTE_45948
 2B1F:A1DA       G_KEVINRANDOM_SEED
 2B1F:A1E0       BYTE_45950
 2B1F:A1E2       RECT_UNK3
 2B1F:A1EA       RECT_ARRAY_UNK2
 2B1F:A262       BYTE_459D2
 2B1F:A264       HEIGHT_ABOVE_REPLAYBAR
 2B1F:A266       MATERIAL_CLRLIST2_PTR_CPY
 2B1F:A268       BYTE_459D8
 2B1F:A26A       TD22_ROW_FROM_PATH
 2B1F:A270       BYTE_459E0
 2B1F:A281       VIDEO_FLAG6_IS1
 2B1F:A282       FONTDEF_UNK_0E
 2B1F:A284       FONTLEDRESPTR
 2B1F:A28C       SOMEZEROVIDEOCONST
 2B1F:A28E       NEXTPOSANDNORMALIP
 2B1F:A290       WORD_45A00
 2B1F:A292       TRANSFORMEDSHAPE_ARG2ARRAY
 2B1F:A2B0       CVXPTR
 2B1F:A2B4       ELAPSED_TIME1
 2B1F:A2B6       UNK_45A26
 2B1F:A596       WORD_45D06
 2B1F:A598       SDGAMERESPTR
 2B1F:A59C       BYTE_45D0C
 2B1F:A5A4       BYTE_45D14
 2B1F:A5AC       WORD_45D1C
 2B1F:A5AE       MATERIAL_PATLIST_PTR_CPY
 2B1F:A5B2       OPPRESOURCES
 2B1F:A5CE       WORD_45D3E
 2B1F:A5D0       TRACKROWS
 2B1F:A60C       WORD_45D7C
 2B1F:A60E       TRANSFORMEDSHAPE_COUNTER
 2B1F:A610       SKYBOXES
 2B1F:A620       BYTE_45D90
 2B1F:A622       MATERIAL_PATLIST2_PTR_CPY
 2B1F:A624       WORD_45D94
 2B1F:A626       WALLORIENTATION
 2B1F:A628       WORD_45D98
 2B1F:A62A       BYTE_45D9A
 2B1F:A642       GAME_REPLAY_MODE
 2B1F:A644       TD08_DIRECTION_RELATED
 2B1F:A648       ROOFBMPHEIGHT_COPY
 2B1F:A64A       DASHBMP_Y
 2B1F:A64C       SDGAME2SHAPES
 2B1F:A660       TRACK_PIECES_COUNTER
 2B1F:A662       TRACKCENTERPOS2
 2B1F:A69E       ENGPTR
 2B1F:A6A2       TEMPDATAPTR
 2B1F:A6A6       BYTE_45E16
 2B1F:A6AA       PASSED_SECURITY
 2B1F:A6AC       TRANSFORMEDSHAPE_INDICES
 2B1F:A6E6       TRACKDATA19
 2B1F:A6EA       SIMD_PLAYER
 2B1F:A9F2       TD13_RPL_HEADER
 2B1F:A9F6       RECT_ARRAY_UNK3_LENGTH
 2B1F:A9F7       BYTE_46167
 2B1F:A9F8       SKYBOX_RES_OFS
 2B1F:A9FA       SKYBOX_RES_SEG
 2B1F:A9FC       MOUSE_XPOS
 2B1F:A9FE       BYTE_4616E
 2B1F:A9FF       REPLAYBAR_TOGGLE
 2B1F:AA00       WORD_46170
 2B1F:AA02       WORD_46172
 2B1F:AA0E       RECT_INGAME_TEXT
 2B1F:AA16       TRACKCENTERPOS
 2B1F:AA52       DASTBMP_Y
 2B1F:AA54       GAME1PTR
 2B1F:AA58       GAME_REPLAY_MODE_COPY
 2B1F:AA5A       PENALTY_TIME
 2B1F:AA5C       ROOFBMPHEIGHT
 2B1F:AA5E       MOUSE_YPOS
 2B1F:AA60       VIDEO_FLAG4_IS1
 2B1F:AA8A       UNK_461FA
 2B1F:AC62       GAME2PTR
 2B1F:AC66       WORD_463D6
 2B1F:AC68       SDGAME2PTR
 2B1F:AC6C       TRACKDATA23
 2B1F:AC70       FOLLOWOPPONENTFLAG
 2B1F:AC72       SKYBOX_WAT_COLOR
 2B1F:AC74       RESID_BYTE1
 2B1F:AC75       RESID_BYTE2
 2B1F:AC76       RESID_BYTE3
 2B1F:AC77       RESID_BYTE4
 2B1F:AC7A       UNK_463EA
 2B1F:ACC4       CURTRANSSHAPE_PTR
 2B1F:ACC6       VIDEO_FLAG5_IS0
 2B1F:ACC8       MAT_ROT_TEMP
 2B1F:ACDA       DASHB_TOGGLE_COPY
 2B1F:ACDC       MAT_TEMP
 2B1F:ACEE       TEXTRESPREFIX
 2B1F:ACF0       WALLPTR
 2B1F:ACF4       UNK_46464
 2B1F:ACF7       BYTE_46467
 2B1F:ACF8       WORD_46468
 2B1F:ACFA       WORD_4646A
 2B1F:AD02       MAT_X_ROT
 2B1F:AD14       REPLAYBAR_ENABLED
 2B1F:AD16       WORD_46486
 2B1F:AD20       WORD_3B1F0
 2B1F:AD22       WORD_3B1F2
 2B1F:AD24       WORD_3B1F4
 2B1F:AD26       UNK_3B1F6
 2B1F:AD28       WORD_3B1F8
 2B1F:AD2A       WORD_3B1FA
 2B1F:AD2C       BYTE_3B1FC
 2B1F:AD2D       UNK_3B1FD
 2B1F:AD2E       WORD_3B1FE
 2B1F:AD30       WORD_3B200
 2B1F:AD32       WORD_3B202
 2B1F:AD34       BYTE_3B204
 2B1F:AD36       UNK_3B206
 2B1F:AD38       UNK_3B208
 2B1F:AD3A       UNK_3B20A
 2B1F:AD3C       UNK_3B20C
 2B1F:AD3E       UNK_3B20E
 2B1F:AD40       UNK_3B210
 2B1F:AD42       UNK_3B212
 2B1F:AD44       UNK_3B214
 2B1F:AD46       UNK_3B216
 2B1F:AD48       UNK_3B218
 2B1F:AD4A       UNK_3B21A
 2B1F:AD4C       UNK_3B21C
 2B1F:AD4E       UNK_3B21E
 2B1F:AD50       UNK_3B220
 2B1F:AD52       UNK_3B222
 2B1F:AD54       UNK_3B224
 2B1F:AD56       UNK_3B226
 2B1F:AD57       UNK_3B227
 2B1F:AD58       UNK_3B228
 2B1F:AD5A       UNK_3B22A
 2B1F:AD5C       UNK_3B22C
 2B1F:AD5E       UNK_3B22E
 2B1F:AD60       UNK_3B230
 2B1F:AD62       UNK_3B232
 2B1F:AD64       UNK_3B234
 2B1F:AD66       UNK_3B236
 2B1F:AD68       UNK_3B238
 2B1F:AD6A       UNK_3B23A
 2B1F:AD6C       UNK_3B23C
 2B1F:AD74       UNK_3B244
 2B1F:AD7C       UNK_3B24C
 2B1F:AD84       UNK_3B254
 2B1F:AD8C       UNK_3B25C
 2B1F:AD94       UNK_3B264
 2B1F:AD96       UNK_3B266
 2B1F:AD98       UNK_3B268
 2B1F:ADAC       UNK_3B27C
 2B1F:ADD4       UNK_3B2A4
 2B1F:ADDC       UNK_3B2AC
 2B1F:ADDD       UNK_3B2AD
 2B1F:ADDE       UNK_3B2AE
 2B1F:ADDF       UNK_3B2AF
 2B1F:ADE0       UNK_3B2B0
 2B1F:ADE1       UNK_3B2B1
 2B1F:ADE2       UNK_3B2B2
 2B1F:ADE3       UNK_3B2B3
 2B1F:ADE4       UNK_3B2B4
 2B1F:ADE5       UNK_3B2B5
 2B1F:ADE6       UNK_3B2B6
 2B1F:ADE7       UNK_3B2B7
 2B1F:ADE8       UNK_3B2B8
 2B1F:ADE9       UNK_3B2B9
 2B1F:ADEA       UNK_3B2BA
 2B1F:ADEB       UNK_3B2BB
 2B1F:ADEC       UNK_3B2BC
 2B1F:ADED       UNK_3B2BD
 2B1F:ADEE       UNK_3B2BE
 2B1F:ADEF       UNK_3B2BF
 2B1F:ADF2       UNK_3B2C2
 2B1F:AE98       UNK_3B368
 383D:0000       STUNTSMAIN

Program entry point at 1CC5:0012

